Archive member included to satisfy reference by file (symbol)

C:/msys64/mingw64/bin/../lib/gcc/arm-none-eabi/13.3.0/../../../../arm-none-eabi/lib/thumb/v7e-m+fp/hard\libc_nano.a(libc_a-atexit.o)
                              C:/msys64/mingw64/bin/../lib/gcc/arm-none-eabi/13.3.0/../../../../arm-none-eabi/lib/thumb/v7e-m+fp/hard/crt0.o (atexit)
C:/msys64/mingw64/bin/../lib/gcc/arm-none-eabi/13.3.0/../../../../arm-none-eabi/lib/thumb/v7e-m+fp/hard\libc_nano.a(libc_a-exit.o)
                              C:/msys64/mingw64/bin/../lib/gcc/arm-none-eabi/13.3.0/../../../../arm-none-eabi/lib/thumb/v7e-m+fp/hard/crt0.o (exit)
C:/msys64/mingw64/bin/../lib/gcc/arm-none-eabi/13.3.0/../../../../arm-none-eabi/lib/thumb/v7e-m+fp/hard\libc_nano.a(libc_a-findfp.o)
                              C:/msys64/mingw64/bin/../lib/gcc/arm-none-eabi/13.3.0/../../../../arm-none-eabi/lib/thumb/v7e-m+fp/hard\libc_nano.a(libc_a-exit.o) (__stdio_exit_handler)
C:/msys64/mingw64/bin/../lib/gcc/arm-none-eabi/13.3.0/../../../../arm-none-eabi/lib/thumb/v7e-m+fp/hard\libc_nano.a(libc_a-fwalk.o)
                              C:/msys64/mingw64/bin/../lib/gcc/arm-none-eabi/13.3.0/../../../../arm-none-eabi/lib/thumb/v7e-m+fp/hard\libc_nano.a(libc_a-findfp.o) (_fwalk_sglue)
C:/msys64/mingw64/bin/../lib/gcc/arm-none-eabi/13.3.0/../../../../arm-none-eabi/lib/thumb/v7e-m+fp/hard\libc_nano.a(libc_a-printf.o)
                              build/main.o (printf)
C:/msys64/mingw64/bin/../lib/gcc/arm-none-eabi/13.3.0/../../../../arm-none-eabi/lib/thumb/v7e-m+fp/hard\libc_nano.a(libc_a-puts.o)
                              build/main.o (puts)
C:/msys64/mingw64/bin/../lib/gcc/arm-none-eabi/13.3.0/../../../../arm-none-eabi/lib/thumb/v7e-m+fp/hard\libc_nano.a(libc_a-stdio.o)
                              C:/msys64/mingw64/bin/../lib/gcc/arm-none-eabi/13.3.0/../../../../arm-none-eabi/lib/thumb/v7e-m+fp/hard\libc_nano.a(libc_a-findfp.o) (__sread)
C:/msys64/mingw64/bin/../lib/gcc/arm-none-eabi/13.3.0/../../../../arm-none-eabi/lib/thumb/v7e-m+fp/hard\libc_nano.a(libc_a-wbuf.o)
                              C:/msys64/mingw64/bin/../lib/gcc/arm-none-eabi/13.3.0/../../../../arm-none-eabi/lib/thumb/v7e-m+fp/hard\libc_nano.a(libc_a-puts.o) (__swbuf_r)
C:/msys64/mingw64/bin/../lib/gcc/arm-none-eabi/13.3.0/../../../../arm-none-eabi/lib/thumb/v7e-m+fp/hard\libc_nano.a(libc_a-wsetup.o)
                              C:/msys64/mingw64/bin/../lib/gcc/arm-none-eabi/13.3.0/../../../../arm-none-eabi/lib/thumb/v7e-m+fp/hard\libc_nano.a(libc_a-puts.o) (__swsetup_r)
C:/msys64/mingw64/bin/../lib/gcc/arm-none-eabi/13.3.0/../../../../arm-none-eabi/lib/thumb/v7e-m+fp/hard\libc_nano.a(libc_a-memset.o)
                              C:/msys64/mingw64/bin/../lib/gcc/arm-none-eabi/13.3.0/../../../../arm-none-eabi/lib/thumb/v7e-m+fp/hard/crt0.o (memset)
C:/msys64/mingw64/bin/../lib/gcc/arm-none-eabi/13.3.0/../../../../arm-none-eabi/lib/thumb/v7e-m+fp/hard\libc_nano.a(libc_a-closer.o)
                              C:/msys64/mingw64/bin/../lib/gcc/arm-none-eabi/13.3.0/../../../../arm-none-eabi/lib/thumb/v7e-m+fp/hard\libc_nano.a(libc_a-stdio.o) (_close_r)
C:/msys64/mingw64/bin/../lib/gcc/arm-none-eabi/13.3.0/../../../../arm-none-eabi/lib/thumb/v7e-m+fp/hard\libc_nano.a(libc_a-reent.o)
                              C:/msys64/mingw64/bin/../lib/gcc/arm-none-eabi/13.3.0/../../../../arm-none-eabi/lib/thumb/v7e-m+fp/hard\libc_nano.a(libc_a-closer.o) (errno)
C:/msys64/mingw64/bin/../lib/gcc/arm-none-eabi/13.3.0/../../../../arm-none-eabi/lib/thumb/v7e-m+fp/hard\libc_nano.a(libc_a-impure.o)
                              C:/msys64/mingw64/bin/../lib/gcc/arm-none-eabi/13.3.0/../../../../arm-none-eabi/lib/thumb/v7e-m+fp/hard\libc_nano.a(libc_a-printf.o) (_impure_ptr)
C:/msys64/mingw64/bin/../lib/gcc/arm-none-eabi/13.3.0/../../../../arm-none-eabi/lib/thumb/v7e-m+fp/hard\libc_nano.a(libc_a-lseekr.o)
                              C:/msys64/mingw64/bin/../lib/gcc/arm-none-eabi/13.3.0/../../../../arm-none-eabi/lib/thumb/v7e-m+fp/hard\libc_nano.a(libc_a-stdio.o) (_lseek_r)
C:/msys64/mingw64/bin/../lib/gcc/arm-none-eabi/13.3.0/../../../../arm-none-eabi/lib/thumb/v7e-m+fp/hard\libc_nano.a(libc_a-readr.o)
                              C:/msys64/mingw64/bin/../lib/gcc/arm-none-eabi/13.3.0/../../../../arm-none-eabi/lib/thumb/v7e-m+fp/hard\libc_nano.a(libc_a-stdio.o) (_read_r)
C:/msys64/mingw64/bin/../lib/gcc/arm-none-eabi/13.3.0/../../../../arm-none-eabi/lib/thumb/v7e-m+fp/hard\libc_nano.a(libc_a-writer.o)
                              C:/msys64/mingw64/bin/../lib/gcc/arm-none-eabi/13.3.0/../../../../arm-none-eabi/lib/thumb/v7e-m+fp/hard\libc_nano.a(libc_a-stdio.o) (_write_r)
C:/msys64/mingw64/bin/../lib/gcc/arm-none-eabi/13.3.0/../../../../arm-none-eabi/lib/thumb/v7e-m+fp/hard\libc_nano.a(libc_a-errno.o)
                              build/sysmem.o (__errno)
C:/msys64/mingw64/bin/../lib/gcc/arm-none-eabi/13.3.0/../../../../arm-none-eabi/lib/thumb/v7e-m+fp/hard\libc_nano.a(libc_a-init.o)
[...]
Memory Configuration

Name             Origin             Length             Attributes
RAM              0x20000000         0x00030000         xrw
CCMRAM           0x10000000         0x00010000         xrw
FLASH            0x08000000         0x00200000         xr
*default*        0x00000000         0xffffffff

Linker script and memory map

LOAD C:/msys64/mingw64/bin/../lib/gcc/arm-none-eabi/13.3.0/thumb/v7e-m+fp/hard/crti.o
LOAD C:/msys64/mingw64/bin/../lib/gcc/arm-none-eabi/13.3.0/thumb/v7e-m+fp/hard/crtbegin.o
LOAD C:/msys64/mingw64/bin/../lib/gcc/arm-none-eabi/13.3.0/../../../../arm-none-eabi/lib/thumb/v7e-m+fp/hard/crt0.o
LOAD build/main.o
LOAD build/gpio.o
LOAD build/can.o
LOAD build/stm32f4xx_it.o
LOAD build/stm32f4xx_hal_msp.o
LOAD build/stm32f4xx_hal_can.o
LOAD build/stm32f4xx_hal_rcc.o
LOAD build/stm32f4xx_hal_rcc_ex.o
LOAD build/stm32f4xx_hal_flash.o
LOAD build/stm32f4xx_hal_flash_ex.o
LOAD build/stm32f4xx_hal_flash_ramfunc.o
LOAD build/stm32f4xx_hal_gpio.o
LOAD build/stm32f4xx_hal_dma_ex.o
LOAD build/stm32f4xx_hal_dma.o
LOAD build/stm32f4xx_hal_pwr.o
LOAD build/stm32f4xx_hal_pwr_ex.o
LOAD build/stm32f4xx_hal_cortex.o
LOAD build/stm32f4xx_hal.o
LOAD build/stm32f4xx_hal_exti.o
LOAD build/system_stm32f4xx.o
LOAD build/sysmem.o
LOAD build/can_bsp.o
LOAD build/pid.o
LOAD build/motor_control.o
LOAD build/syscalls.o
LOAD build/startup_stm32f427xx.o
LOAD C:/msys64/mingw64/bin/../lib/gcc/arm-none-eabi/13.3.0/../../../../arm-none-eabi/lib/thumb/v7e-m+fp/hard\libc_nano.a
LOAD C:/msys64/mingw64/bin/../lib/gcc/arm-none-eabi/13.3.0/../../../../arm-none-eabi/lib/thumb/v7e-m+fp/hard\libm.a
LOAD C:/msys64/mingw64/bin/../lib/gcc/arm-none-eabi/13.3.0/../../../../arm-none-eabi/lib/thumb/v7e-m+fp/hard\libnosys.a
START GROUP
LOAD C:/msys64/mingw64/bin/../lib/gcc/arm-none-eabi/13.3.0/thumb/v7e-m+fp/hard\libgcc.a
LOAD C:/msys64/mingw64/bin/../lib/gcc/arm-none-eabi/13.3.0/../../../../arm-none-eabi/lib/thumb/v7e-m+fp/hard\libc_nano.a
END GROUP
START GROUP
LOAD C:/msys64/mingw64/bin/../lib/gcc/arm-none-eabi/13.3.0/thumb/v7e-m+fp/hard\libgcc.a
LOAD C:/msys64/mingw64/bin/../lib/gcc/arm-none-eabi/13.3.0/../../../../arm-none-eabi/lib/thumb/v7e-m+fp/hard\libc_nano.a
END GROUP
LOAD C:/msys64/mingw64/bin/../lib/gcc/arm-none-eabi/13.3.0/thumb/v7e-m+fp/hard/crtend.o
LOAD C:/msys64/mingw64/bin/../lib/gcc/arm-none-eabi/13.3.0/thumb/v7e-m+fp/hard/crtn.o
                0x20030000                        _estack = (ORIGIN (RAM) + LENGTH (RAM))
                0x00000200                        _Min_Heap_Size = 0x200
                0x00000400                        _Min_Stack_Size = 0x400

.isr_vector     0x08000000      0x1ac
                0x08000000                        . = ALIGN (0x4)
 *(.isr_vector)
 .isr_vector    0x08000000      0x1ac build/startup_stm32f427xx.o
                0x08000000                g_pfnVectors
                0x080001ac                        . = ALIGN (0x4)

.text           0x080001b0     0x4ed0
                0x080001b0                        . = ALIGN (0x4)
 *(.text)
 .text          0x080001b0      0x2dc C:/msys64/mingw64/bin/../lib/gcc/arm-none-eabi/13.3.0/../../../../arm-none-eabi/lib/thumb/v7e-m+fp/hard\libc_nano.a(libc_a-findfp.o)
                0x0800032c                __sfp
                0x080003ec                __sinit
                0x0800042c                __sfp_lock_acquire
                0x08000438                __sfp_lock_release
                0x08000444                __fp_lock_all
                0x08000468                __fp_unlock_all
 .text          0x0800048c       0x44 C:/msys64/mingw64/bin/../lib/gcc/arm-none-eabi/13.3.0/../../../../arm-none-eabi/lib/thumb/v7e-m+fp/hard\libc_nano.a(libc_a-fwalk.o)
                0x0800048c                _fwalk_sglue
 .text          0x080004d0       0x48 C:/msys64/mingw64/bin/../lib/gcc/arm-none-eabi/13.3.0/../../../../arm-none-eabi/lib/thumb/v7e-m+fp/hard\libc_nano.a(libc_a-printf.o)
                0x080004d0                _printf_r
                0x080004d0                _iprintf_r
                0x080004f0                iprintf
                0x080004f0                printf
 .text          0x08000518       0xd0 C:/msys64/mingw64/bin/../lib/gcc/arm-none-eabi/13.3.0/../../../../arm-none-eabi/lib/thumb/v7e-m+fp/hard\libc_nano.a(libc_a-puts.o)
                0x08000518                _puts_r
                0x080005d8                puts
 .text          0x080005e8       0x94 C:/msys64/mingw64/bin/../lib/gcc/arm-none-eabi/13.3.0/../../../../arm-none-eabi/lib/thumb/v7e-m+fp/hard\libc_nano.a(libc_a-stdio.o)
                0x080005e8                __sread
                0x0800060c                __seofread
                0x08000610                __swrite
                0x08000650                __sseek
                0x08000674                __sclose
 .text          0x0800067c       0xa0 C:/msys64/mingw64/bin/../lib/gcc/arm-none-eabi/13.3.0/../../../../arm-none-eabi/lib/thumb/v7e-m+fp/hard\libc_nano.a(libc_a-wbuf.o)
                0x0800067c                __swbuf_r
                0x08000704                __swbuf
 .text          0x0800071c       0xc4 C:/msys64/mingw64/bin/../lib/gcc/arm-none-eabi/13.3.0/../../../../arm-none-eabi/lib/thumb/v7e-m+fp/hard\libc_nano.a(libc_a-wsetup.o)
                0x0800071c                __swsetup_r
 .text          0x080007e0       0xa4 C:/msys64/mingw64/bin/../lib/gcc/arm-none-eabi/13.3.0/../../../../arm-none-eabi/lib/thumb/v7e-m+fp/hard\libc_nano.a(libc_a-memset.o)
                0x080007e0                memset
 .text          0x08000884       0x24 C:/msys64/mingw64/bin/../lib/gcc/arm-none-eabi/13.3.0/../../../../arm-none-eabi/lib/thumb/v7e-m+fp/hard\libc_nano.a(libc_a-closer.o)
                0x08000884                _close_r
 .text          0x080008a8       0x2c C:/msys64/mingw64/bin/../lib/gcc/arm-none-eabi/13.3.0/../../../../arm-none-eabi/lib/thumb/v7e-m+fp/hard\libc_nano.a(libc_a-lseekr.o)
                0x080008a8                _lseek_r
 .text          0x080008d4       0x2c C:/msys64/mingw64/bin/../lib/gcc/arm-none-eabi/13.3.0/../../../../arm-none-eabi/lib/thumb/v7e-m+fp/hard\libc_nano.a(libc_a-readr.o)
                0x080008d4                _read_r
 .text          0x08000900       0x2c C:/msys64/mingw64/bin/../lib/gcc/arm-none-eabi/13.3.0/../../../../arm-none-eabi/lib/thumb/v7e-m+fp/hard\libc_nano.a(libc_a-writer.o)
                0x08000900                _write_r
 .text          0x0800092c        0xc C:/msys64/mingw64/bin/../lib/gcc/arm-none-eabi/13.3.0/../../../../arm-none-eabi/lib/thumb/v7e-m+fp/hard\libc_nano.a(libc_a-errno.o)
                0x0800092c                __errno
 .text          0x08000938       0x50 C:/msys64/mingw64/bin/../lib/gcc/arm-none-eabi/13.3.0/../../../../arm-none-eabi/lib/thumb/v7e-m+fp/hard\libc_nano.a(libc_a-init.o)
                0x08000938                __libc_init_array
 .text          0x08000988       0x28 C:/msys64/mingw64/bin/../lib/gcc/arm-none-eabi/13.3.0/../../../../arm-none-eabi/lib/thumb/v7e-m+fp/hard\libc_nano.a(libc_a-lock.o)
                0x08000988                __retarget_lock_init
                0x0800098c                __retarget_lock_init_recursive
                0x08000990                __retarget_lock_close
                0x08000994                __retarget_lock_close_recursive
                0x08000998                __retarget_lock_acquire
                0x0800099c                __retarget_lock_acquire_recursive
                0x080009a0                __retarget_lock_try_acquire
                0x080009a4                __retarget_lock_try_acquire_recursive
                0x080009a8                __retarget_lock_release
                0x080009ac                __retarget_lock_release_recursive
 .text          0x080009b0       0xbc C:/msys64/mingw64/bin/../lib/gcc/arm-none-eabi/13.3.0/../../../../arm-none-eabi/lib/thumb/v7e-m+fp/hard\libc_nano.a(libc_a-freer.o)
                0x080009b0                _free_r
 .text          0x08000a6c      0x148 C:/msys64/mingw64/bin/../lib/gcc/arm-none-eabi/13.3.0/../../../../arm-none-eabi/lib/thumb/v7e-m+fp/hard\libc_nano.a(libc_a-mallocr.o)
                0x08000ab4                _malloc_r
 .text          0x08000bb4       0x18 C:/msys64/mingw64/bin/../lib/gcc/arm-none-eabi/13.3.0/../../../../arm-none-eabi/lib/thumb/v7e-m+fp/hard\libc_nano.a(libc_a-mlock.o)
                0x08000bb4                __malloc_lock
                0x08000bc0                __malloc_unlock
 .text          0x08000bcc      0x368 C:/msys64/mingw64/bin/../lib/gcc/arm-none-eabi/13.3.0/../../../../arm-none-eabi/lib/thumb/v7e-m+fp/hard\libc_nano.a(libc_a-nano-vfprintf.o)
                0x08000c08                __sfputs_r
                0x08000c38                __sprint_r
                0x08000c58                _vfiprintf_r
                0x08000c58                _vfprintf_r
                0x08000f18                vfprintf
                0x08000f18                vfiprintf
 .text          0x08000f34      0x3a8 C:/msys64/mingw64/bin/../lib/gcc/arm-none-eabi/13.3.0/../../../../arm-none-eabi/lib/thumb/v7e-m+fp/hard\libc_nano.a(libc_a-nano-vfprintf_i.o)
                0x08000f34                _printf_common
                0x08001058                _printf_i
 .text          0x080012dc      0x1a4 C:/msys64/mingw64/bin/../lib/gcc/arm-none-eabi/13.3.0/../../../../arm-none-eabi/lib/thumb/v7e-m+fp/hard\libc_nano.a(libc_a-fflush.o)
                0x080012dc                __sflush_r
                0x08001400                _fflush_r
                0x08001458                fflush
 .text          0x08001480      0x300 C:/msys64/mingw64/bin/../lib/gcc/arm-none-eabi/13.3.0/../../../../arm-none-eabi/lib/thumb/v7e-m+fp/hard\libc_nano.a(libc_a-fvwrite.o)
                0x08001480                __sfvwrite_r
 .text          0x08001780      0x114 C:/msys64/mingw64/bin/../lib/gcc/arm-none-eabi/13.3.0/../../../../arm-none-eabi/lib/thumb/v7e-m+fp/hard\libc_nano.a(libc_a-makebuf.o)
                0x08001780                __smakebuf_r
                0x08001844                __swhatbuf_r
 .text          0x08001894      0x100 C:/msys64/mingw64/bin/../lib/gcc/arm-none-eabi/13.3.0/../../../../arm-none-eabi/lib/thumb/v7e-m+fp/hard\libc_nano.a(libc_a-memmove.o)
                0x08001894                memmove
 .text          0x08001994       0x2c C:/msys64/mingw64/bin/../lib/gcc/arm-none-eabi/13.3.0/../../../../arm-none-eabi/lib/thumb/v7e-m+fp/hard\libc_nano.a(libc_a-fstatr.o)
                0x08001994                _fstat_r
 .text          0x080019c0       0x24 C:/msys64/mingw64/bin/../lib/gcc/arm-none-eabi/13.3.0/../../../../arm-none-eabi/lib/thumb/v7e-m+fp/hard\libc_nano.a(libc_a-isattyr.o)
                0x080019c0                _isatty_r
 .text          0x080019e4       0x24 C:/msys64/mingw64/bin/../lib/gcc/arm-none-eabi/13.3.0/../../../../arm-none-eabi/lib/thumb/v7e-m+fp/hard\libc_nano.a(libc_a-sbrkr.o)
                0x080019e4                _sbrk_r
 *fill*         0x08001a08        0x8 
 .text          0x08001a10       0xa0 C:/msys64/mingw64/bin/../lib/gcc/arm-none-eabi/13.3.0/../../../../arm-none-eabi/lib/thumb/v7e-m+fp/hard\libc_nano.a(libc_a-memchr.o)
                0x08001a10                memchr
 .text          0x08001ab0      0x134 C:/msys64/mingw64/bin/../lib/gcc/arm-none-eabi/13.3.0/../../../../arm-none-eabi/lib/thumb/v7e-m+fp/hard\libc_nano.a(libc_a-memcpy.o)
                0x08001ab0                memcpy
 .text          0x08001be4       0x64 C:/msys64/mingw64/bin/../lib/gcc/arm-none-eabi/13.3.0/../../../../arm-none-eabi/lib/thumb/v7e-m+fp/hard\libc_nano.a(libc_a-reallocr.o)
                0x08001be4                _realloc_r
 .text          0x08001c48       0x10 C:/msys64/mingw64/bin/../lib/gcc/arm-none-eabi/13.3.0/../../../../arm-none-eabi/lib/thumb/v7e-m+fp/hard\libc_nano.a(libc_a-msizer.o)
                0x08001c48                _malloc_usable_size_r
 .text          0x08001c58       0x70 C:/msys64/mingw64/bin/../lib/gcc/arm-none-eabi/13.3.0/../../../../arm-none-eabi/lib/thumb/v7e-m+fp/hard\libm.a(libm_a-sf_cos.o)
                0x08001c58                cosf
 .text          0x08001cc8      0x104 C:/msys64/mingw64/bin/../lib/gcc/arm-none-eabi/13.3.0/../../../../arm-none-eabi/lib/thumb/v7e-m+fp/hard\libm.a(libm_a-kf_cos.o)
                0x08001cc8                __kernel_cosf
 .text          0x08001dcc       0x90 C:/msys64/mingw64/bin/../lib/gcc/arm-none-eabi/13.3.0/../../../../arm-none-eabi/lib/thumb/v7e-m+fp/hard\libm.a(libm_a-kf_sin.o)
                0x08001dcc                __kernel_sinf
 .text          0x08001e5c      0x260 C:/msys64/mingw64/bin/../lib/gcc/arm-none-eabi/13.3.0/../../../../arm-none-eabi/lib/thumb/v7e-m+fp/hard\libm.a(libm_a-ef_rem_pio2.o)
                0x08001e5c                __ieee754_rem_pio2f
 .text          0x080020bc       0x10 C:/msys64/mingw64/bin/../lib/gcc/arm-none-eabi/13.3.0/../../../../arm-none-eabi/lib/thumb/v7e-m+fp/hard\libm.a(libm_a-sf_fabs.o)
                0x080020bc                fabsf
 .text          0x080020cc      0x63c C:/msys64/mingw64/bin/../lib/gcc/arm-none-eabi/13.3.0/../../../../arm-none-eabi/lib/thumb/v7e-m+fp/hard\libm.a(libm_a-kf_rem_pio2.o)
                0x080020cc                __kernel_rem_pio2f
 .text          0x08002708       0xe4 C:/msys64/mingw64/bin/../lib/gcc/arm-none-eabi/13.3.0/../../../../arm-none-eabi/lib/thumb/v7e-m+fp/hard\libm.a(libm_a-sf_scalbn.o)
                0x08002708                scalbnf
 .text          0x080027ec       0x94 C:/msys64/mingw64/bin/../lib/gcc/arm-none-eabi/13.3.0/../../../../arm-none-eabi/lib/thumb/v7e-m+fp/hard\libm.a(libm_a-sf_floor.o)
                0x080027ec                floorf
 .text          0x08002880      0x378 C:/msys64/mingw64/bin/../lib/gcc/arm-none-eabi/13.3.0/thumb/v7e-m+fp/hard\libgcc.a(_arm_addsubdf3.o)
                0x08002880                __aeabi_drsub
                0x08002888                __aeabi_dsub
                0x08002888                __subdf3
                0x0800288c                __aeabi_dadd
                0x0800288c                __adddf3
                0x08002b04                __floatunsidf
                0x08002b04                __aeabi_ui2d
                0x08002b24                __floatsidf
                0x08002b24                __aeabi_i2d
                0x08002b48                __aeabi_f2d
                0x08002b48                __extendsfdf2
                0x08002b8c                __floatundidf
                0x08002b8c                __aeabi_ul2d
                0x08002b9c                __floatdidf
                0x08002b9c                __aeabi_l2d
 .text          0x08002bf8       0x30 C:/msys64/mingw64/bin/../lib/gcc/arm-none-eabi/13.3.0/thumb/v7e-m+fp/hard\libgcc.a(_aeabi_uldivmod.o)
                0x08002bf8                __aeabi_uldivmod
 .text          0x08002c28        0x4 C:/msys64/mingw64/bin/../lib/gcc/arm-none-eabi/13.3.0/thumb/v7e-m+fp/hard\libgcc.a(_dvmd_tls.o)
                0x08002c28                __aeabi_idiv0
                0x08002c28                __aeabi_ldiv0
 *(.text*)
 .text.__do_global_dtors_aux
                0x08002c2c       0x24 C:/msys64/mingw64/bin/../lib/gcc/arm-none-eabi/13.3.0/thumb/v7e-m+fp/hard/crtbegin.o
 .text.frame_dummy
                0x08002c50       0x1c C:/msys64/mingw64/bin/../lib/gcc/arm-none-eabi/13.3.0/thumb/v7e-m+fp/hard/crtbegin.o
 .text.Key_GPIO_Init
                0x08002c6c       0x44 build/main.o
                0x08002c6c                Key_GPIO_Init
 .text.Check_Key_Inputs
                0x08002cb0       0xd4 build/main.o
                0x08002cb0                Check_Key_Inputs
 .text.Reset_Upper_Motor_Position
                0x08002d84       0xd8 build/main.o
                0x08002d84                Reset_Upper_Motor_Position
 .text.Update_Lower_Motor_Control
                0x08002e5c      0x2a0 build/main.o
                0x08002e5c                Update_Lower_Motor_Control
 .text.Error_Handler
                0x080030fc        0x4 build/main.o
                0x080030fc                Error_Handler
 .text.SystemClock_Config
                0x08003100       0xa8 build/main.o
                0x08003100                SystemClock_Config
 .text.main     0x080031a8       0xd8 build/main.o
                0x080031a8                main
 .text.MX_GPIO_Init
                0x08003280       0x80 build/gpio.o
                0x08003280                MX_GPIO_Init
 .text.MX_CAN1_Init
                0x08003300       0x44 build/can.o
                0x08003300                MX_CAN1_Init
 .text.HAL_CAN_MspInit
                0x08003344       0x7c build/can.o
                0x08003344                HAL_CAN_MspInit
 .text.NMI_Handler
                0x080033c0        0x2 build/stm32f4xx_it.o
                0x080033c0                NMI_Handler
 .text.HardFault_Handler
                0x080033c2        0x2 build/stm32f4xx_it.o
                0x080033c2                HardFault_Handler
 .text.MemManage_Handler
                0x080033c4        0x2 build/stm32f4xx_it.o
                0x080033c4                MemManage_Handler
 .text.BusFault_Handler
                0x080033c6        0x2 build/stm32f4xx_it.o
                0x080033c6                BusFault_Handler
 .text.UsageFault_Handler
                0x080033c8        0x2 build/stm32f4xx_it.o
                0x080033c8                UsageFault_Handler
 .text.SVC_Handler
                0x080033ca        0x2 build/stm32f4xx_it.o
                0x080033ca                SVC_Handler
 .text.DebugMon_Handler
                0x080033cc        0x2 build/stm32f4xx_it.o
                0x080033cc                DebugMon_Handler
 .text.PendSV_Handler
                0x080033ce        0x2 build/stm32f4xx_it.o
                0x080033ce                PendSV_Handler
 .text.SysTick_Handler
                0x080033d0        0x8 build/stm32f4xx_it.o
                0x080033d0                SysTick_Handler
 .text.CAN1_RX0_IRQHandler
                0x080033d8       0x10 build/stm32f4xx_it.o
                0x080033d8                CAN1_RX0_IRQHandler
 .text.HAL_MspInit
                0x080033e8       0x38 build/stm32f4xx_hal_msp.o
                0x080033e8                HAL_MspInit
 .text.HAL_CAN_Init
                0x08003420      0x14c build/stm32f4xx_hal_can.o
                0x08003420                HAL_CAN_Init
 .text.HAL_CAN_ConfigFilter
                0x0800356c      0x138 build/stm32f4xx_hal_can.o
                0x0800356c                HAL_CAN_ConfigFilter
 .text.HAL_CAN_Start
                0x080036a4       0x5c build/stm32f4xx_hal_can.o
                0x080036a4                HAL_CAN_Start
 .text.HAL_CAN_AddTxMessage
                0x08003700       0xea build/stm32f4xx_hal_can.o
                0x08003700                HAL_CAN_AddTxMessage
 .text.HAL_CAN_GetRxMessage
                0x080037ea      0x16a build/stm32f4xx_hal_can.o
                0x080037ea                HAL_CAN_GetRxMessage
 .text.HAL_CAN_ActivateNotification
                0x08003954       0x24 build/stm32f4xx_hal_can.o
                0x08003954                HAL_CAN_ActivateNotification
 .text.HAL_CAN_TxMailbox0CompleteCallback
                0x08003978        0x2 build/stm32f4xx_hal_can.o
                0x08003978                HAL_CAN_TxMailbox0CompleteCallback
 .text.HAL_CAN_TxMailbox1CompleteCallback
                0x0800397a        0x2 build/stm32f4xx_hal_can.o
                0x0800397a                HAL_CAN_TxMailbox1CompleteCallback
 .text.HAL_CAN_TxMailbox2CompleteCallback
                0x0800397c        0x2 build/stm32f4xx_hal_can.o
                0x0800397c                HAL_CAN_TxMailbox2CompleteCallback
 .text.HAL_CAN_TxMailbox0AbortCallback
                0x0800397e        0x2 build/stm32f4xx_hal_can.o
                0x0800397e                HAL_CAN_TxMailbox0AbortCallback
 .text.HAL_CAN_TxMailbox1AbortCallback
                0x08003980        0x2 build/stm32f4xx_hal_can.o
                0x08003980                HAL_CAN_TxMailbox1AbortCallback
 .text.HAL_CAN_TxMailbox2AbortCallback
                0x08003982        0x2 build/stm32f4xx_hal_can.o
                0x08003982                HAL_CAN_TxMailbox2AbortCallback
 .text.HAL_CAN_RxFifo0FullCallback
                0x08003984        0x2 build/stm32f4xx_hal_can.o
                0x08003984                HAL_CAN_RxFifo0FullCallback
 .text.HAL_CAN_RxFifo1MsgPendingCallback
                0x08003986        0x2 build/stm32f4xx_hal_can.o
                0x08003986                HAL_CAN_RxFifo1MsgPendingCallback
 .text.HAL_CAN_RxFifo1FullCallback
                0x08003988        0x2 build/stm32f4xx_hal_can.o
                0x08003988                HAL_CAN_RxFifo1FullCallback
 .text.HAL_CAN_SleepCallback
                0x0800398a        0x2 build/stm32f4xx_hal_can.o
                0x0800398a                HAL_CAN_SleepCallback
 .text.HAL_CAN_WakeUpFromRxMsgCallback
                0x0800398c        0x2 build/stm32f4xx_hal_can.o
                0x0800398c                HAL_CAN_WakeUpFromRxMsgCallback
 .text.HAL_CAN_ErrorCallback
                0x0800398e        0x2 build/stm32f4xx_hal_can.o
                0x0800398e                HAL_CAN_ErrorCallback
 .text.HAL_CAN_IRQHandler
                0x08003990      0x250 build/stm32f4xx_hal_can.o
                0x08003990                HAL_CAN_IRQHandler
 .text.HAL_RCC_OscConfig
                0x08003be0      0x3f8 build/stm32f4xx_hal_rcc.o
                0x08003be0                HAL_RCC_OscConfig
 .text.HAL_RCC_GetSysClockFreq
                0x08003fd8       0xa8 build/stm32f4xx_hal_rcc.o
                0x08003fd8                HAL_RCC_GetSysClockFreq
 .text.HAL_RCC_ClockConfig
                0x08004080      0x160 build/stm32f4xx_hal_rcc.o
                0x08004080                HAL_RCC_ClockConfig
 .text.HAL_GPIO_Init
                0x080041e0      0x208 build/stm32f4xx_hal_gpio.o
                0x080041e0                HAL_GPIO_Init
 .text.HAL_GPIO_ReadPin
                0x080043e8        0xe build/stm32f4xx_hal_gpio.o
                0x080043e8                HAL_GPIO_ReadPin
 *fill*         0x080043f6        0x2 
 .text.__NVIC_EnableIRQ
                0x080043f8       0x1c build/stm32f4xx_hal_cortex.o
 .text.__NVIC_SetPriority
                0x08004414       0x28 build/stm32f4xx_hal_cortex.o
 .text.NVIC_EncodePriority
                0x0800443c       0x3e build/stm32f4xx_hal_cortex.o
 *fill*         0x0800447a        0x2 
 .text.HAL_NVIC_SetPriorityGrouping
                0x0800447c       0x24 build/stm32f4xx_hal_cortex.o
                0x0800447c                HAL_NVIC_SetPriorityGrouping
 .text.HAL_NVIC_SetPriority
                0x080044a0       0x20 build/stm32f4xx_hal_cortex.o
                0x080044a0                HAL_NVIC_SetPriority
 .text.HAL_NVIC_EnableIRQ
                0x080044c0        0x8 build/stm32f4xx_hal_cortex.o
                0x080044c0                HAL_NVIC_EnableIRQ
 .text.HAL_SYSTICK_Config
                0x080044c8       0x28 build/stm32f4xx_hal_cortex.o
                0x080044c8                HAL_SYSTICK_Config
 .text.HAL_InitTick
                0x080044f0       0x4c build/stm32f4xx_hal.o
                0x080044f0                HAL_InitTick
 .text.HAL_Init
                0x0800453c       0x34 build/stm32f4xx_hal.o
                0x0800453c                HAL_Init
 .text.HAL_IncTick
                0x08004570       0x18 build/stm32f4xx_hal.o
                0x08004570                HAL_IncTick
 .text.HAL_GetTick
                0x08004588        0xc build/stm32f4xx_hal.o
                0x08004588                HAL_GetTick
 .text.HAL_Delay
                0x08004594       0x28 build/stm32f4xx_hal.o
                0x08004594                HAL_Delay
 .text.SystemInit
                0x080045bc       0x14 build/system_stm32f4xx.o
                0x080045bc                SystemInit
 .text._sbrk    0x080045d0       0x48 build/sysmem.o
                0x080045d0                _sbrk
 .text.BSP_CAN_Init
                0x08004618       0x3c build/can_bsp.o
                0x08004618                BSP_CAN_Init
 .text.HAL_CAN_RxFifo0MsgPendingCallback
                0x08004654       0x40 build/can_bsp.o
                0x08004654                HAL_CAN_RxFifo0MsgPendingCallback
 .text.BSP_CAN_Send_Current_Cmd
                0x08004694       0x70 build/can_bsp.o
                0x08004694                BSP_CAN_Send_Current_Cmd
 .text.PID_Clear
                0x08004704       0x14 build/pid.o
                0x08004704                PID_Clear
 .text.PID_Init
                0x08004718       0x30 build/pid.o
                0x08004718                PID_Init
 .text.PID_Calc
                0x08004748      0x158 build/pid.o
                0x08004748                PID_Calc
 .text.limit_current
                0x080048a0       0x40 build/motor_control.o
 .text.Motor_Process_Angle
                0x080048e0       0x58 build/motor_control.o
 .text.Motor_Check_Stall
                0x08004938       0x78 build/motor_control.o
 .text.Motor_Calc_Gravity_FF
                0x080049b0       0x60 build/motor_control.o
 .text.Motor_Init_All
                0x08004a10      0x128 build/motor_control.o
                0x08004a10                Motor_Init_All
 .text.Motor_Update_Feedback
                0x08004b38       0x58 build/motor_control.o
                0x08004b38                Motor_Update_Feedback
 .text.Motor_Set_Target
                0x08004b90       0x4c build/motor_control.o
                0x08004b90                Motor_Set_Target
 .text.Motor_Control_Loop
                0x08004bdc      0x144 build/motor_control.o
                0x08004bdc                Motor_Control_Loop
 .text._read    0x08004d20       0x20 build/syscalls.o
                0x08004d20                _read
 .text._write   0x08004d40       0x1c build/syscalls.o
                0x08004d40                _write
 .text._close   0x08004d5c        0x6 build/syscalls.o
                0x08004d5c                _close
 .text._fstat   0x08004d62        0xa build/syscalls.o
                0x08004d62                _fstat
 .text._isatty  0x08004d6c        0x4 build/syscalls.o
                0x08004d6c                _isatty
 .text._lseek   0x08004d70        0x4 build/syscalls.o
                0x08004d70                _lseek
 .text.Reset_Handler
                0x08004d74       0x50 build/startup_stm32f427xx.o
                0x08004d74                Reset_Handler
 .text.Default_Handler
                0x08004dc4        0x2 build/startup_stm32f427xx.o
                0x08004dc4                RTC_Alarm_IRQHandler
                0x08004dc4                HASH_RNG_IRQHandler
                0x08004dc4                EXTI2_IRQHandler
                0x08004dc4                TIM8_CC_IRQHandler
                0x08004dc4                UART8_IRQHandler
                0x08004dc4                SPI4_IRQHandler
                0x08004dc4                TIM1_CC_IRQHandler
                0x08004dc4                DMA2_Stream5_IRQHandler
                0x08004dc4                DMA1_Stream5_IRQHandler
                0x08004dc4                PVD_IRQHandler
                0x08004dc4                SDIO_IRQHandler
                0x08004dc4                TAMP_STAMP_IRQHandler
                0x08004dc4                CAN2_RX1_IRQHandler
                0x08004dc4                EXTI3_IRQHandler
                0x08004dc4                TIM8_TRG_COM_TIM14_IRQHandler
                0x08004dc4                TIM1_UP_TIM10_IRQHandler
                0x08004dc4                TIM8_UP_TIM13_IRQHandler
                0x08004dc4                I2C3_ER_IRQHandler
                0x08004dc4                EXTI0_IRQHandler
                0x08004dc4                I2C2_EV_IRQHandler
                0x08004dc4                DMA1_Stream2_IRQHandler
                0x08004dc4                FPU_IRQHandler
                0x08004dc4                OTG_HS_WKUP_IRQHandler
                0x08004dc4                CAN2_SCE_IRQHandler
                0x08004dc4                DMA2_Stream2_IRQHandler
                0x08004dc4                SPI1_IRQHandler
                0x08004dc4                TIM6_DAC_IRQHandler
                0x08004dc4                TIM1_BRK_TIM9_IRQHandler
                0x08004dc4                DCMI_IRQHandler
                0x08004dc4                CAN2_RX0_IRQHandler
                0x08004dc4                DMA2_Stream3_IRQHandler
                0x08004dc4                USART6_IRQHandler
                0x08004dc4                USART3_IRQHandler
                0x08004dc4                CAN1_RX1_IRQHandler
                0x08004dc4                UART5_IRQHandler
                0x08004dc4                DMA2_Stream0_IRQHandler
                0x08004dc4                TIM4_IRQHandler
                0x08004dc4                I2C1_EV_IRQHandler
                0x08004dc4                DMA1_Stream6_IRQHandler
                0x08004dc4                DMA1_Stream1_IRQHandler
                0x08004dc4                UART4_IRQHandler
                0x08004dc4                TIM3_IRQHandler
                0x08004dc4                RCC_IRQHandler
                0x08004dc4                TIM8_BRK_TIM12_IRQHandler
                0x08004dc4                Default_Handler
                0x08004dc4                EXTI15_10_IRQHandler
                0x08004dc4                ADC_IRQHandler
                0x08004dc4                DMA1_Stream7_IRQHandler
                0x08004dc4                SPI5_IRQHandler
                0x08004dc4                TIM7_IRQHandler
                0x08004dc4                CAN2_TX_IRQHandler
                0x08004dc4                TIM5_IRQHandler
                0x08004dc4                DMA2_Stream7_IRQHandler
                0x08004dc4                I2C3_EV_IRQHandler
                0x08004dc4                EXTI9_5_IRQHandler
                0x08004dc4                RTC_WKUP_IRQHandler
                0x08004dc4                ETH_WKUP_IRQHandler
                0x08004dc4                SPI2_IRQHandler
                0x08004dc4                OTG_HS_EP1_IN_IRQHandler
                0x08004dc4                DMA1_Stream0_IRQHandler
                0x08004dc4                CAN1_TX_IRQHandler
                0x08004dc4                EXTI4_IRQHandler
                0x08004dc4                ETH_IRQHandler
                0x08004dc4                OTG_HS_EP1_OUT_IRQHandler
                0x08004dc4                WWDG_IRQHandler
                0x08004dc4                SPI6_IRQHandler
                0x08004dc4                TIM2_IRQHandler
                0x08004dc4                OTG_FS_WKUP_IRQHandler
                0x08004dc4                TIM1_TRG_COM_TIM11_IRQHandler
                0x08004dc4                OTG_HS_IRQHandler
                0x08004dc4                DMA2D_IRQHandler
                0x08004dc4                EXTI1_IRQHandler
                0x08004dc4                UART7_IRQHandler
                0x08004dc4                USART2_IRQHandler
                0x08004dc4                I2C2_ER_IRQHandler
                0x08004dc4                DMA2_Stream1_IRQHandler
                0x08004dc4                CAN1_SCE_IRQHandler
                0x08004dc4                FLASH_IRQHandler
                0x08004dc4                DMA2_Stream4_IRQHandler
                0x08004dc4                USART1_IRQHandler
                0x08004dc4                OTG_FS_IRQHandler
                0x08004dc4                SPI3_IRQHandler
                0x08004dc4                DMA1_Stream4_IRQHandler
                0x08004dc4                I2C1_ER_IRQHandler
                0x08004dc4                FMC_IRQHandler
                0x08004dc4                DMA2_Stream6_IRQHandler
                0x08004dc4                SAI1_IRQHandler
                0x08004dc4                DMA1_Stream3_IRQHandler
 .text.__udivmoddi4
                0x08004dc6      0x2a0 C:/msys64/mingw64/bin/../lib/gcc/arm-none-eabi/13.3.0/thumb/v7e-m+fp/hard\libgcc.a(_udivmoddi4.o)
                0x08004dc6                __udivmoddi4
 *(.glue_7)
 .glue_7        0x08005066        0x0 linker stubs
 *(.glue_7t)
 .glue_7t       0x08005066        0x0 linker stubs
 *(.eh_frame)
 *fill*         0x08005066        0x2 
 .eh_frame      0x08005068        0x0 C:/msys64/mingw64/bin/../lib/gcc/arm-none-eabi/13.3.0/thumb/v7e-m+fp/hard/crtbegin.o
 *(.init)
 .init          0x08005068        0x4 C:/msys64/mingw64/bin/../lib/gcc/arm-none-eabi/13.3.0/thumb/v7e-m+fp/hard/crti.o
                0x08005068                _init
 .init          0x0800506c        0x8 C:/msys64/mingw64/bin/../lib/gcc/arm-none-eabi/13.3.0/thumb/v7e-m+fp/hard/crtn.o
 *(.fini)
 .fini          0x08005074        0x4 C:/msys64/mingw64/bin/../lib/gcc/arm-none-eabi/13.3.0/thumb/v7e-m+fp/hard/crti.o
                0x08005074                _fini
 .fini          0x08005078        0x8 C:/msys64/mingw64/bin/../lib/gcc/arm-none-eabi/13.3.0/thumb/v7e-m+fp/hard/crtn.o
                0x08005080                        . = ALIGN (0x4)
                0x08005080                        _etext = .

.vfp11_veneer   0x08005080        0x0
 .vfp11_veneer  0x08005080        0x0 linker stubs

.v4_bx          0x08005080        0x0
 .v4_bx         0x08005080        0x0 linker stubs

.iplt           0x08005080        0x0
 .iplt          0x08005080        0x0 C:/msys64/mingw64/bin/../lib/gcc/arm-none-eabi/13.3.0/thumb/v7e-m+fp/hard/crtbegin.o

.rodata         0x08005080      0x61c
                0x08005080                        . = ALIGN (0x4)
 *(.rodata)
 .rodata        0x08005080      0x398 C:/msys64/mingw64/bin/../lib/gcc/arm-none-eabi/13.3.0/../../../../arm-none-eabi/lib/thumb/v7e-m+fp/hard\libm.a(libm_a-ef_rem_pio2.o)
 .rodata        0x08005418       0x38 C:/msys64/mingw64/bin/../lib/gcc/arm-none-eabi/13.3.0/../../../../arm-none-eabi/lib/thumb/v7e-m+fp/hard\libm.a(libm_a-kf_rem_pio2.o)
 *(.rodata*)
 .rodata.Check_Key_Inputs.str1.4
                0x08005450      0x239 build/main.o
                                 0x1a (size before relaxing)
 .rodata.Reset_Upper_Motor_Position.str1.4
                0x08005689        0x0 build/main.o
                                 0x6d (size before relaxing)
 .rodata.Update_Lower_Motor_Control.str1.4
                0x08005689        0x0 build/main.o
                                0x150 (size before relaxing)
 .rodata.main.str1.4
                0x08005689        0x0 build/main.o
                                 0x23 (size before relaxing)
 *fill*         0x08005689        0x3 
 .rodata.AHBPrescTable
                0x0800568c       0x10 build/system_stm32f4xx.o
                0x0800568c                AHBPrescTable
 .rodata.str1.4
                0x0800569c        0x0 C:/msys64/mingw64/bin/../lib/gcc/arm-none-eabi/13.3.0/../../../../arm-none-eabi/lib/thumb/v7e-m+fp/hard\libc_nano.a(libc_a-nano-vfprintf.o)
                                 0x13 (size before relaxing)
 .rodata.str1.4
                0x0800569c        0x0 C:/msys64/mingw64/bin/../lib/gcc/arm-none-eabi/13.3.0/../../../../arm-none-eabi/lib/thumb/v7e-m+fp/hard\libc_nano.a(libc_a-nano-vfprintf_i.o)
                                 0x25 (size before relaxing)
                0x0800569c                        . = ALIGN (0x4)

.ARM.extab      0x0800569c        0x0
                0x0800569c                        . = ALIGN (0x4)
 *(.ARM.extab* .gnu.linkonce.armextab.*)
                0x0800569c                        . = ALIGN (0x4)

.ARM            0x0800569c        0x8
                0x0800569c                        . = ALIGN (0x4)
                0x0800569c                        __exidx_start = .
 *(.ARM.exidx*)
 .ARM.exidx     0x0800569c        0x8 C:/msys64/mingw64/bin/../lib/gcc/arm-none-eabi/13.3.0/../../../../arm-none-eabi/lib/thumb/v7e-m+fp/hard\libc_nano.a(libc_a-memchr.o)
 .ARM.exidx     0x080056a4        0x0 C:/msys64/mingw64/bin/../lib/gcc/arm-none-eabi/13.3.0/../../../../arm-none-eabi/lib/thumb/v7e-m+fp/hard\libc_nano.a(libc_a-memcpy.o)
                                  0x8 (size before relaxing)
 .ARM.exidx.text.__udivmoddi4
                0x080056a4        0x0 C:/msys64/mingw64/bin/../lib/gcc/arm-none-eabi/13.3.0/thumb/v7e-m+fp/hard\libgcc.a(_udivmoddi4.o)
                                  0x8 (size before relaxing)
                0x080056a4                        __exidx_end = .
                0x080056a4                        . = ALIGN (0x4)

.preinit_array  0x080056a4        0x0
                0x080056a4                        . = ALIGN (0x4)
                0x080056a4                        PROVIDE (__preinit_array_start = .)
 *(.preinit_array*)
                0x080056a4                        PROVIDE (__preinit_array_end = .)
                0x080056a4                        . = ALIGN (0x4)

.init_array     0x080056a4        0x4
                0x080056a4                        . = ALIGN (0x4)
                0x080056a4                        PROVIDE (__init_array_start = .)
 *(SORT_BY_NAME(.init_array.*))
 *(.init_array*)
 .init_array    0x080056a4        0x4 C:/msys64/mingw64/bin/../lib/gcc/arm-none-eabi/13.3.0/thumb/v7e-m+fp/hard/crtbegin.o
                0x080056a8                        PROVIDE (__init_array_end = .)
                0x080056a8                        . = ALIGN (0x4)

.fini_array     0x080056a8        0x4
                0x080056a8                        . = ALIGN (0x4)
                0x080056a8                        PROVIDE (__fini_array_start = .)
 *(SORT_BY_NAME(.fini_array.*))
 *(.fini_array*)
 .fini_array    0x080056a8        0x4 C:/msys64/mingw64/bin/../lib/gcc/arm-none-eabi/13.3.0/thumb/v7e-m+fp/hard/crtbegin.o
                0x080056ac                        PROVIDE (__fini_array_end = .)
                0x080056ac                        . = ALIGN (0x4)
                0x080056ac                        _sidata = LOADADDR (.data)

.rel.dyn        0x080056ac        0x0
 .rel.iplt      0x080056ac        0x0 C:/msys64/mingw64/bin/../lib/gcc/arm-none-eabi/13.3.0/thumb/v7e-m+fp/hard/crtbegin.o

.data           0x20000000       0x68 load address 0x080056ac
                0x20000000                        . = ALIGN (0x4)
                0x20000000                        _sdata = .
 *(.data)
 .data          0x20000000        0xc C:/msys64/mingw64/bin/../lib/gcc/arm-none-eabi/13.3.0/../../../../arm-none-eabi/lib/thumb/v7e-m+fp/hard\libc_nano.a(libc_a-findfp.o)
                0x20000000                __sglue
 .data          0x2000000c       0x50 C:/msys64/mingw64/bin/../lib/gcc/arm-none-eabi/13.3.0/../../../../arm-none-eabi/lib/thumb/v7e-m+fp/hard\libc_nano.a(libc_a-impure.o)
                0x2000000c                _impure_ptr
                0x20000010                _impure_data
 *(.data*)
 .data.uwTickFreq
                0x2000005c        0x1 build/stm32f4xx_hal.o
                0x2000005c                uwTickFreq
 *fill*         0x2000005d        0x3 
 .data.uwTickPrio
                0x20000060        0x4 build/stm32f4xx_hal.o
                0x20000060                uwTickPrio
 .data.SystemCoreClock
                0x20000064        0x4 build/system_stm32f4xx.o
                0x20000064                SystemCoreClock
 *(.RamFunc)
 *(.RamFunc*)
                0x20000068                        . = ALIGN (0x4)
                0x20000068                        _edata = .
                0x08005714                        _siccmram = LOADADDR (.ccmram)

.igot.plt       0x20000068        0x0 load address 0x08005714
 .igot.plt      0x20000068        0x0 C:/msys64/mingw64/bin/../lib/gcc/arm-none-eabi/13.3.0/thumb/v7e-m+fp/hard/crtbegin.o

.ccmram         0x10000000        0x0 load address 0x08005714
                0x10000000                        . = ALIGN (0x4)
                0x10000000                        _sccmram = .
 *(.ccmram)
 *(.ccmram*)
                0x10000000                        . = ALIGN (0x4)
                0x10000000                        _eccmram = .
                0x10000000                        . = ALIGN (0x4)

.bss            0x20000068      0x5d0
                0x20000068                        _sbss = .
                0x20000068                        __bss_start__ = _sbss
 *(.bss)
 .bss           0x20000068      0x13c C:/msys64/mingw64/bin/../lib/gcc/arm-none-eabi/13.3.0/../../../../arm-none-eabi/lib/thumb/v7e-m+fp/hard\libc_nano.a(libc_a-findfp.o)
                0x20000068                __sf
                0x200001a0                __stdio_exit_handler
 .bss           0x200001a4        0x4 C:/msys64/mingw64/bin/../lib/gcc/arm-none-eabi/13.3.0/../../../../arm-none-eabi/lib/thumb/v7e-m+fp/hard\libc_nano.a(libc_a-reent.o)
                0x200001a4                errno
 .bss           0x200001a8       0x1d C:/msys64/mingw64/bin/../lib/gcc/arm-none-eabi/13.3.0/../../../../arm-none-eabi/lib/thumb/v7e-m+fp/hard\libc_nano.a(libc_a-lock.o)
                0x200001a8                __lock___arc4random_mutex
                0x200001ac                __lock___dd_hash_mutex
                0x200001b0                __lock___tz_mutex
                0x200001b4                __lock___env_recursive_mutex
                0x200001b8                __lock___malloc_recursive_mutex
                0x200001bc                __lock___at_quick_exit_mutex
                0x200001c0                __lock___atexit_recursive_mutex
                0x200001c4                __lock___sfp_recursive_mutex
 *fill*         0x200001c5        0x3 
 .bss           0x200001c8        0x8 C:/msys64/mingw64/bin/../lib/gcc/arm-none-eabi/13.3.0/../../../../arm-none-eabi/lib/thumb/v7e-m+fp/hard\libc_nano.a(libc_a-mallocr.o)
                0x200001c8                __malloc_sbrk_start
                0x200001cc                __malloc_free_list
 *(.bss*)
 .bss.completed.1
                0x200001d0        0x1 C:/msys64/mingw64/bin/../lib/gcc/arm-none-eabi/13.3.0/thumb/v7e-m+fp/hard/crtbegin.o
 *fill*         0x200001d1        0x3 
 .bss.object.0  0x200001d4       0x18 C:/msys64/mingw64/bin/../lib/gcc/arm-none-eabi/13.3.0/thumb/v7e-m+fp/hard/crtbegin.o
 .bss.last_update.0
                0x200001ec        0x4 build/main.o
 .bss.last_debug.1
                0x200001f0        0x4 build/main.o
 .bss.last_debug.2
                0x200001f4        0x4 build/main.o
 .bss.upper_motor_needs_reset
                0x200001f8        0x1 build/main.o
                0x200001f8                upper_motor_needs_reset
 *fill*         0x200001f9        0x3 
 .bss.upper_motor_target_angle
                0x200001fc        0x4 build/main.o
                0x200001fc                upper_motor_target_angle
 .bss.transition_start_time
                0x20000200        0x4 build/main.o
                0x20000200                transition_start_time
 .bss.accumulated_angle
                0x20000204        0x4 build/main.o
                0x20000204                accumulated_angle
 .bss.lower_state
                0x20000208        0x1 build/main.o
                0x20000208                lower_state
 *fill*         0x20000209        0x3 
 .bss.lower_motor_target_angle
                0x2000020c        0x4 build/main.o
                0x2000020c                lower_motor_target_angle
 .bss.lower_motor_initial_angle
                0x20000210        0x4 build/main.o
                0x20000210                lower_motor_initial_angle
 .bss.lower_motor_state
                0x20000214        0x1 build/main.o
                0x20000214                lower_motor_state
 *fill*         0x20000215        0x3 
 .bss.last_key_press
                0x20000218        0x4 build/main.o
                0x20000218                last_key_press
 .bss.last_mode
                0x2000021c        0x1 build/main.o
                0x2000021c                last_mode
 .bss.current_mode
                0x2000021d        0x1 build/main.o
                0x2000021d                current_mode
 *fill*         0x2000021e        0x2 
 .bss.hcan1     0x20000220       0x28 build/can.o
                0x20000220                hcan1
 .bss.uwTick    0x20000248        0x4 build/stm32f4xx_hal.o
                0x20000248                uwTick
 .bss.__sbrk_heap_end
                0x2000024c        0x4 build/sysmem.o
 .bss.motor_current_send_buf
                0x20000250        0x8 build/can_bsp.o
                0x20000250                motor_current_send_buf
 .bss.gm6020_motors
                0x20000258      0x3e0 build/motor_control.o
                0x20000258                gm6020_motors
 *(COMMON)
                0x20000638                        . = ALIGN (0x4)
                0x20000638                        _ebss = .
                0x20000638                        __bss_end__ = _ebss

._user_heap_stack
                0x20000638      0x600
                0x20000638                        . = ALIGN (0x8)
                [!provide]                        PROVIDE (end = .)
                0x20000638                        PROVIDE (_end = .)
                0x20000838                        . = (. + _Min_Heap_Size)
 *fill*         0x20000638      0x200 
                0x20000c38                        . = (. + _Min_Stack_Size)
 *fill*         0x20000838      0x400 
                0x20000c38                        . = ALIGN (0x8)

/DISCARD/
 libc.a(*)
 libm.a(*)
 libgcc.a(*)
OUTPUT(build/1.11.2.elf elf32-littlearm)
LOAD linker stubs
LOAD C:/msys64/mingw64/bin/../lib/gcc/arm-none-eabi/13.3.0/../../../../arm-none-eabi/lib/thumb/v7e-m+fp/hard\libc.a
LOAD C:/msys64/mingw64/bin/../lib/gcc/arm-none-eabi/13.3.0/../../../../arm-none-eabi/lib/thumb/v7e-m+fp/hard\libm.a
LOAD C:/msys64/mingw64/bin/../lib/gcc/arm-none-eabi/13.3.0/thumb/v7e-m+fp/hard\libgcc.a

.ARM.attributes
                0x00000000       0x30
 .ARM.attributes
                0x00000000       0x22 C:/msys64/mingw64/bin/../lib/gcc/arm-none-eabi/13.3.0/thumb/v7e-m+fp/hard/crti.o
 .ARM.attributes
                0x00000022       0x34 C:/msys64/mingw64/bin/../lib/gcc/arm-none-eabi/13.3.0/thumb/v7e-m+fp/hard/crtbegin.o
 .ARM.attributes
                0x00000056       0x34 build/main.o
 .ARM.attributes
                0x0000008a       0x34 build/gpio.o
 .ARM.attributes
                0x000000be       0x34 build/can.o
 .ARM.attributes
                0x000000f2       0x34 build/stm32f4xx_it.o
 .ARM.attributes
                0x00000126       0x34 build/stm32f4xx_hal_msp.o
 .ARM.attributes
                0x0000015a       0x34 build/stm32f4xx_hal_can.o
 .ARM.attributes
                0x0000018e       0x34 build/stm32f4xx_hal_rcc.o
 .ARM.attributes
                0x000001c2       0x34 build/stm32f4xx_hal_gpio.o
 .ARM.attributes
                0x000001f6       0x34 build/stm32f4xx_hal_cortex.o
 .ARM.attributes
                0x0000022a       0x34 build/stm32f4xx_hal.o
 .ARM.attributes
                0x0000025e       0x34 build/system_stm32f4xx.o
 .ARM.attributes
                0x00000292       0x34 build/sysmem.o
 .ARM.attributes
                0x000002c6       0x34 build/can_bsp.o
 .ARM.attributes
                0x000002fa       0x34 build/pid.o
 .ARM.attributes
                0x0000032e       0x34 build/motor_control.o
 .ARM.attributes
                0x00000362       0x34 build/syscalls.o
 .ARM.attributes
                0x00000396       0x21 build/startup_stm32f427xx.o
 .ARM.attributes
                0x000003b7       0x34 C:/msys64/mingw64/bin/../lib/gcc/arm-none-eabi/13.3.0/../../../../arm-none-eabi/lib/thumb/v7e-m+fp/hard\libc_nano.a(libc_a-findfp.o)
 .ARM.attributes
                0x000003eb       0x34 C:/msys64/mingw64/bin/../lib/gcc/arm-none-eabi/13.3.0/../../../../arm-none-eabi/lib/thumb/v7e-m+fp/hard\libc_nano.a(libc_a-fwalk.o)
 .ARM.attributes
                0x0000041f       0x34 C:/msys64/mingw64/bin/../lib/gcc/arm-none-eabi/13.3.0/../../../../arm-none-eabi/lib/thumb/v7e-m+fp/hard\libc_nano.a(libc_a-printf.o)
 .ARM.attributes
                0x00000453       0x34 C:/msys64/mingw64/bin/../lib/gcc/arm-none-eabi/13.3.0/../../../../arm-none-eabi/lib/thumb/v7e-m+fp/hard\libc_nano.a(libc_a-puts.o)
 .ARM.attributes
                0x00000487       0x34 C:/msys64/mingw64/bin/../lib/gcc/arm-none-eabi/13.3.0/../../../../arm-none-eabi/lib/thumb/v7e-m+fp/hard\libc_nano.a(libc_a-stdio.o)
 .ARM.attributes
                0x000004bb       0x34 C:/msys64/mingw64/bin/../lib/gcc/arm-none-eabi/13.3.0/../../../../arm-none-eabi/lib/thumb/v7e-m+fp/hard\libc_nano.a(libc_a-wbuf.o)
 .ARM.attributes
                0x000004ef       0x34 C:/msys64/mingw64/bin/../lib/gcc/arm-none-eabi/13.3.0/../../../../arm-none-eabi/lib/thumb/v7e-m+fp/hard\libc_nano.a(libc_a-wsetup.o)
 .ARM.attributes
                0x00000523       0x34 C:/msys64/mingw64/bin/../lib/gcc/arm-none-eabi/13.3.0/../../../../arm-none-eabi/lib/thumb/v7e-m+fp/hard\libc_nano.a(libc_a-memset.o)
 .ARM.attributes
                0x00000557       0x34 C:/msys64/mingw64/bin/../lib/gcc/arm-none-eabi/13.3.0/../../../../arm-none-eabi/lib/thumb/v7e-m+fp/hard\libc_nano.a(libc_a-closer.o)
 .ARM.attributes
                0x0000058b       0x34 C:/msys64/mingw64/bin/../lib/gcc/arm-none-eabi/13.3.0/../../../../arm-none-eabi/lib/thumb/v7e-m+fp/hard\libc_nano.a(libc_a-reent.o)
 .ARM.attributes
                0x000005bf       0x34 C:/msys64/mingw64/bin/../lib/gcc/arm-none-eabi/13.3.0/../../../../arm-none-eabi/lib/thumb/v7e-m+fp/hard\libc_nano.a(libc_a-impure.o)
 .ARM.attributes
                0x000005f3       0x34 C:/msys64/mingw64/bin/../lib/gcc/arm-none-eabi/13.3.0/../../../../arm-none-eabi/lib/thumb/v7e-m+fp/hard\libc_nano.a(libc_a-lseekr.o)
 .ARM.attributes
                0x00000627       0x34 C:/msys64/mingw64/bin/../lib/gcc/arm-none-eabi/13.3.0/../../../../arm-none-eabi/lib/thumb/v7e-m+fp/hard\libc_nano.a(libc_a-readr.o)
 .ARM.attributes
                0x0000065b       0x34 C:/msys64/mingw64/bin/../lib/gcc/arm-none-eabi/13.3.0/../../../../arm-none-eabi/lib/thumb/v7e-m+fp/hard\libc_nano.a(libc_a-writer.o)
 .ARM.attributes
                0x0000068f       0x34 C:/msys64/mingw64/bin/../lib/gcc/arm-none-eabi/13.3.0/../../../../arm-none-eabi/lib/thumb/v7e-m+fp/hard\libc_nano.a(libc_a-errno.o)
 .ARM.attributes
                0x000006c3       0x34 C:/msys64/mingw64/bin/../lib/gcc/arm-none-eabi/13.3.0/../../../../arm-none-eabi/lib/thumb/v7e-m+fp/hard\libc_nano.a(libc_a-init.o)
 .ARM.attributes
                0x000006f7       0x34 C:/msys64/mingw64/bin/../lib/gcc/arm-none-eabi/13.3.0/../../../../arm-none-eabi/lib/thumb/v7e-m+fp/hard\libc_nano.a(libc_a-lock.o)
 .ARM.attributes
                0x0000072b       0x34 C:/msys64/mingw64/bin/../lib/gcc/arm-none-eabi/13.3.0/../../../../arm-none-eabi/lib/thumb/v7e-m+fp/hard\libc_nano.a(libc_a-freer.o)
 .ARM.attributes
                0x0000075f       0x34 C:/msys64/mingw64/bin/../lib/gcc/arm-none-eabi/13.3.0/../../../../arm-none-eabi/lib/thumb/v7e-m+fp/hard\libc_nano.a(libc_a-mallocr.o)
 .ARM.attributes
                0x00000793       0x34 C:/msys64/mingw64/bin/../lib/gcc/arm-none-eabi/13.3.0/../../../../arm-none-eabi/lib/thumb/v7e-m+fp/hard\libc_nano.a(libc_a-mlock.o)
 .ARM.attributes
                0x000007c7       0x34 C:/msys64/mingw64/bin/../lib/gcc/arm-none-eabi/13.3.0/../../../../arm-none-eabi/lib/thumb/v7e-m+fp/hard\libc_nano.a(libc_a-nano-vfprintf.o)
 .ARM.attributes
                0x000007fb       0x34 C:/msys64/mingw64/bin/../lib/gcc/arm-none-eabi/13.3.0/../../../../arm-none-eabi/lib/thumb/v7e-m+fp/hard\libc_nano.a(libc_a-nano-vfprintf_i.o)
 .ARM.attributes
                0x0000082f       0x34 C:/msys64/mingw64/bin/../lib/gcc/arm-none-eabi/13.3.0/../../../../arm-none-eabi/lib/thumb/v7e-m+fp/hard\libc_nano.a(libc_a-fflush.o)
 .ARM.attributes
                0x00000863       0x34 C:/msys64/mingw64/bin/../lib/gcc/arm-none-eabi/13.3.0/../../../../arm-none-eabi/lib/thumb/v7e-m+fp/hard\libc_nano.a(libc_a-fvwrite.o)
 .ARM.attributes
                0x00000897       0x34 C:/msys64/mingw64/bin/../lib/gcc/arm-none-eabi/13.3.0/../../../../arm-none-eabi/lib/thumb/v7e-m+fp/hard\libc_nano.a(libc_a-makebuf.o)
 .ARM.attributes
                0x000008cb       0x34 C:/msys64/mingw64/bin/../lib/gcc/arm-none-eabi/13.3.0/../../../../arm-none-eabi/lib/thumb/v7e-m+fp/hard\libc_nano.a(libc_a-memmove.o)
 .ARM.attributes
                0x000008ff       0x34 C:/msys64/mingw64/bin/../lib/gcc/arm-none-eabi/13.3.0/../../../../arm-none-eabi/lib/thumb/v7e-m+fp/hard\libc_nano.a(libc_a-fstatr.o)
 .ARM.attributes
                0x00000933       0x34 C:/msys64/mingw64/bin/../lib/gcc/arm-none-eabi/13.3.0/../../../../arm-none-eabi/lib/thumb/v7e-m+fp/hard\libc_nano.a(libc_a-isattyr.o)
 .ARM.attributes
                0x00000967       0x34 C:/msys64/mingw64/bin/../lib/gcc/arm-none-eabi/13.3.0/../../../../arm-none-eabi/lib/thumb/v7e-m+fp/hard\libc_nano.a(libc_a-sbrkr.o)
 .ARM.attributes
                0x0000099b       0x1c C:/msys64/mingw64/bin/../lib/gcc/arm-none-eabi/13.3.0/../../../../arm-none-eabi/lib/thumb/v7e-m+fp/hard\libc_nano.a(libc_a-memchr.o)
 .ARM.attributes
                0x000009b7       0x20 C:/msys64/mingw64/bin/../lib/gcc/arm-none-eabi/13.3.0/../../../../arm-none-eabi/lib/thumb/v7e-m+fp/hard\libc_nano.a(libc_a-memcpy.o)
 .ARM.attributes
                0x000009d7       0x34 C:/msys64/mingw64/bin/../lib/gcc/arm-none-eabi/13.3.0/../../../../arm-none-eabi/lib/thumb/v7e-m+fp/hard\libc_nano.a(libc_a-reallocr.o)
 .ARM.attributes
                0x00000a0b       0x34 C:/msys64/mingw64/bin/../lib/gcc/arm-none-eabi/13.3.0/../../../../arm-none-eabi/lib/thumb/v7e-m+fp/hard\libc_nano.a(libc_a-msizer.o)
 .ARM.attributes
                0x00000a3f       0x34 C:/msys64/mingw64/bin/../lib/gcc/arm-none-eabi/13.3.0/../../../../arm-none-eabi/lib/thumb/v7e-m+fp/hard\libm.a(libm_a-sf_cos.o)
 .ARM.attributes
                0x00000a73       0x34 C:/msys64/mingw64/bin/../lib/gcc/arm-none-eabi/13.3.0/../../../../arm-none-eabi/lib/thumb/v7e-m+fp/hard\libm.a(libm_a-kf_cos.o)
 .ARM.attributes
                0x00000aa7       0x34 C:/msys64/mingw64/bin/../lib/gcc/arm-none-eabi/13.3.0/../../../../arm-none-eabi/lib/thumb/v7e-m+fp/hard\libm.a(libm_a-kf_sin.o)
 .ARM.attributes
                0x00000adb       0x34 C:/msys64/mingw64/bin/../lib/gcc/arm-none-eabi/13.3.0/../../../../arm-none-eabi/lib/thumb/v7e-m+fp/hard\libm.a(libm_a-ef_rem_pio2.o)
 .ARM.attributes
                0x00000b0f       0x34 C:/msys64/mingw64/bin/../lib/gcc/arm-none-eabi/13.3.0/../../../../arm-none-eabi/lib/thumb/v7e-m+fp/hard\libm.a(libm_a-sf_fabs.o)
 .ARM.attributes
                0x00000b43       0x34 C:/msys64/mingw64/bin/../lib/gcc/arm-none-eabi/13.3.0/../../../../arm-none-eabi/lib/thumb/v7e-m+fp/hard\libm.a(libm_a-kf_rem_pio2.o)
 .ARM.attributes
                0x00000b77       0x34 C:/msys64/mingw64/bin/../lib/gcc/arm-none-eabi/13.3.0/../../../../arm-none-eabi/lib/thumb/v7e-m+fp/hard\libm.a(libm_a-sf_scalbn.o)
 .ARM.attributes
                0x00000bab       0x34 C:/msys64/mingw64/bin/../lib/gcc/arm-none-eabi/13.3.0/../../../../arm-none-eabi/lib/thumb/v7e-m+fp/hard\libm.a(libm_a-sf_floor.o)
 .ARM.attributes
                0x00000bdf       0x22 C:/msys64/mingw64/bin/../lib/gcc/arm-none-eabi/13.3.0/thumb/v7e-m+fp/hard\libgcc.a(_arm_addsubdf3.o)
 .ARM.attributes
                0x00000c01       0x22 C:/msys64/mingw64/bin/../lib/gcc/arm-none-eabi/13.3.0/thumb/v7e-m+fp/hard\libgcc.a(_aeabi_uldivmod.o)
 .ARM.attributes
                0x00000c23       0x34 C:/msys64/mingw64/bin/../lib/gcc/arm-none-eabi/13.3.0/thumb/v7e-m+fp/hard\libgcc.a(_udivmoddi4.o)
 .ARM.attributes
                0x00000c57       0x22 C:/msys64/mingw64/bin/../lib/gcc/arm-none-eabi/13.3.0/thumb/v7e-m+fp/hard\libgcc.a(_dvmd_tls.o)
 .ARM.attributes
                0x00000c79       0x22 C:/msys64/mingw64/bin/../lib/gcc/arm-none-eabi/13.3.0/thumb/v7e-m+fp/hard/crtn.o

.comment        0x00000000       0x55
 .comment       0x00000000       0x55 build/main.o
                                 0x13 (size before relaxing)
 .comment       0x00000055        0x0 build/gpio.o
                                 0x13 (size before relaxing)
 .comment       0x00000055        0x0 build/can.o
                                 0x44 (size before relaxing)
 .comment       0x00000055        0x0 build/stm32f4xx_it.o
                                 0x44 (size before relaxing)
 .comment       0x00000055        0x0 build/stm32f4xx_hal_msp.o
                                 0x44 (size before relaxing)
 .comment       0x00000055        0x0 build/stm32f4xx_hal_can.o
                                 0x44 (size before relaxing)
 .comment       0x00000055        0x0 build/stm32f4xx_hal_rcc.o
                                 0x44 (size before relaxing)
 .comment       0x00000055        0x0 build/stm32f4xx_hal_gpio.o
                                 0x44 (size before relaxing)
 .comment       0x00000055        0x0 build/stm32f4xx_hal_cortex.o
                                 0x44 (size before relaxing)
 .comment       0x00000055        0x0 build/stm32f4xx_hal.o
                                 0x44 (size before relaxing)
 .comment       0x00000055        0x0 build/system_stm32f4xx.o
                                 0x44 (size before relaxing)
 .comment       0x00000055        0x0 build/sysmem.o
                                 0x44 (size before relaxing)
 .comment       0x00000055        0x0 build/can_bsp.o
                                 0x13 (size before relaxing)
 .comment       0x00000055        0x0 build/pid.o
                                 0x13 (size before relaxing)
 .comment       0x00000055        0x0 build/motor_control.o
                                 0x13 (size before relaxing)
 .comment       0x00000055        0x0 build/syscalls.o
                                 0x44 (size before relaxing)
 .comment       0x00000055        0x0 C:/msys64/mingw64/bin/../lib/gcc/arm-none-eabi/13.3.0/../../../../arm-none-eabi/lib/thumb/v7e-m+fp/hard\libc_nano.a(libc_a-findfp.o)
                                 0x13 (size before relaxing)
 .comment       0x00000055        0x0 C:/msys64/mingw64/bin/../lib/gcc/arm-none-eabi/13.3.0/../../../../arm-none-eabi/lib/thumb/v7e-m+fp/hard\libc_nano.a(libc_a-fwalk.o)
                                 0x13 (size before relaxing)
 .comment       0x00000055        0x0 C:/msys64/mingw64/bin/../lib/gcc/arm-none-eabi/13.3.0/../../../../arm-none-eabi/lib/thumb/v7e-m+fp/hard\libc_nano.a(libc_a-printf.o)
                                 0x13 (size before relaxing)
 .comment       0x00000055        0x0 C:/msys64/mingw64/bin/../lib/gcc/arm-none-eabi/13.3.0/../../../../arm-none-eabi/lib/thumb/v7e-m+fp/hard\libc_nano.a(libc_a-puts.o)
                                 0x13 (size before relaxing)
 .comment       0x00000055        0x0 C:/msys64/mingw64/bin/../lib/gcc/arm-none-eabi/13.3.0/../../../../arm-none-eabi/lib/thumb/v7e-m+fp/hard\libc_nano.a(libc_a-stdio.o)
                                 0x13 (size before relaxing)
 .comment       0x00000055        0x0 C:/msys64/mingw64/bin/../lib/gcc/arm-none-eabi/13.3.0/../../../../arm-none-eabi/lib/thumb/v7e-m+fp/hard\libc_nano.a(libc_a-wbuf.o)
                                 0x13 (size before relaxing)
 .comment       0x00000055        0x0 C:/msys64/mingw64/bin/../lib/gcc/arm-none-eabi/13.3.0/../../../../arm-none-eabi/lib/thumb/v7e-m+fp/hard\libc_nano.a(libc_a-wsetup.o)
                                 0x13 (size before relaxing)
 .comment       0x00000055        0x0 C:/msys64/mingw64/bin/../lib/gcc/arm-none-eabi/13.3.0/../../../../arm-none-eabi/lib/thumb/v7e-m+fp/hard\libc_nano.a(libc_a-memset.o)
                                 0x13 (size before relaxing)
 .comment       0x00000055        0x0 C:/msys64/mingw64/bin/../lib/gcc/arm-none-eabi/13.3.0/../../../../arm-none-eabi/lib/thumb/v7e-m+fp/hard\libc_nano.a(libc_a-closer.o)
                                 0x13 (size before relaxing)
 .comment       0x00000055        0x0 C:/msys64/mingw64/bin/../lib/gcc/arm-none-eabi/13.3.0/../../../../arm-none-eabi/lib/thumb/v7e-m+fp/hard\libc_nano.a(libc_a-reent.o)
                                 0x13 (size before relaxing)
 .comment       0x00000055        0x0 C:/msys64/mingw64/bin/../lib/gcc/arm-none-eabi/13.3.0/../../../../arm-none-eabi/lib/thumb/v7e-m+fp/hard\libc_nano.a(libc_a-impure.o)
                                 0x13 (size before relaxing)
 .comment       0x00000055        0x0 C:/msys64/mingw64/bin/../lib/gcc/arm-none-eabi/13.3.0/../../../../arm-none-eabi/lib/thumb/v7e-m+fp/hard\libc_nano.a(libc_a-lseekr.o)
                                 0x13 (size before relaxing)
 .comment       0x00000055        0x0 C:/msys64/mingw64/bin/../lib/gcc/arm-none-eabi/13.3.0/../../../../arm-none-eabi/lib/thumb/v7e-m+fp/hard\libc_nano.a(libc_a-readr.o)
                                 0x13 (size before relaxing)
 .comment       0x00000055        0x0 C:/msys64/mingw64/bin/../lib/gcc/arm-none-eabi/13.3.0/../../../../arm-none-eabi/lib/thumb/v7e-m+fp/hard\libc_nano.a(libc_a-writer.o)
                                 0x13 (size before relaxing)
 .comment       0x00000055        0x0 C:/msys64/mingw64/bin/../lib/gcc/arm-none-eabi/13.3.0/../../../../arm-none-eabi/lib/thumb/v7e-m+fp/hard\libc_nano.a(libc_a-errno.o)
                                 0x13 (size before relaxing)
 .comment       0x00000055        0x0 C:/msys64/mingw64/bin/../lib/gcc/arm-none-eabi/13.3.0/../../../../arm-none-eabi/lib/thumb/v7e-m+fp/hard\libc_nano.a(libc_a-init.o)
                                 0x13 (size before relaxing)
 .comment       0x00000055        0x0 C:/msys64/mingw64/bin/../lib/gcc/arm-none-eabi/13.3.0/../../../../arm-none-eabi/lib/thumb/v7e-m+fp/hard\libc_nano.a(libc_a-lock.o)
                                 0x13 (size before relaxing)
 .comment       0x00000055        0x0 C:/msys64/mingw64/bin/../lib/gcc/arm-none-eabi/13.3.0/../../../../arm-none-eabi/lib/thumb/v7e-m+fp/hard\libc_nano.a(libc_a-freer.o)
                                 0x13 (size before relaxing)
 .comment       0x00000055        0x0 C:/msys64/mingw64/bin/../lib/gcc/arm-none-eabi/13.3.0/../../../../arm-none-eabi/lib/thumb/v7e-m+fp/hard\libc_nano.a(libc_a-mallocr.o)
                                 0x13 (size before relaxing)
 .comment       0x00000055        0x0 C:/msys64/mingw64/bin/../lib/gcc/arm-none-eabi/13.3.0/../../../../arm-none-eabi/lib/thumb/v7e-m+fp/hard\libc_nano.a(libc_a-mlock.o)
                                 0x13 (size before relaxing)
 .comment       0x00000055        0x0 C:/msys64/mingw64/bin/../lib/gcc/arm-none-eabi/13.3.0/../../../../arm-none-eabi/lib/thumb/v7e-m+fp/hard\libc_nano.a(libc_a-nano-vfprintf.o)
                                 0x13 (size before relaxing)
 .comment       0x00000055        0x0 C:/msys64/mingw64/bin/../lib/gcc/arm-none-eabi/13.3.0/../../../../arm-none-eabi/lib/thumb/v7e-m+fp/hard\libc_nano.a(libc_a-nano-vfprintf_i.o)
                                 0x13 (size before relaxing)
 .comment       0x00000055        0x0 C:/msys64/mingw64/bin/../lib/gcc/arm-none-eabi/13.3.0/../../../../arm-none-eabi/lib/thumb/v7e-m+fp/hard\libc_nano.a(libc_a-fflush.o)
                                 0x13 (size before relaxing)
 .comment       0x00000055        0x0 C:/msys64/mingw64/bin/../lib/gcc/arm-none-eabi/13.3.0/../../../../arm-none-eabi/lib/thumb/v7e-m+fp/hard\libc_nano.a(libc_a-fvwrite.o)
                                 0x13 (size before relaxing)
 .comment       0x00000055        0x0 C:/msys64/mingw64/bin/../lib/gcc/arm-none-eabi/13.3.0/../../../../arm-none-eabi/lib/thumb/v7e-m+fp/hard\libc_nano.a(libc_a-makebuf.o)
                                 0x13 (size before relaxing)
 .comment       0x00000055        0x0 C:/msys64/mingw64/bin/../lib/gcc/arm-none-eabi/13.3.0/../../../../arm-none-eabi/lib/thumb/v7e-m+fp/hard\libc_nano.a(libc_a-memmove.o)
                                 0x13 (size before relaxing)
 .comment       0x00000055        0x0 C:/msys64/mingw64/bin/../lib/gcc/arm-none-eabi/13.3.0/../../../../arm-none-eabi/lib/thumb/v7e-m+fp/hard\libc_nano.a(libc_a-fstatr.o)
                                 0x13 (size before relaxing)
 .comment       0x00000055        0x0 C:/msys64/mingw64/bin/../lib/gcc/arm-none-eabi/13.3.0/../../../../arm-none-eabi/lib/thumb/v7e-m+fp/hard\libc_nano.a(libc_a-isattyr.o)
                                 0x13 (size before relaxing)
 .comment       0x00000055        0x0 C:/msys64/mingw64/bin/../lib/gcc/arm-none-eabi/13.3.0/../../../../arm-none-eabi/lib/thumb/v7e-m+fp/hard\libc_nano.a(libc_a-sbrkr.o)
                                 0x13 (size before relaxing)
 .comment       0x00000055        0x0 C:/msys64/mingw64/bin/../lib/gcc/arm-none-eabi/13.3.0/../../../../arm-none-eabi/lib/thumb/v7e-m+fp/hard\libc_nano.a(libc_a-reallocr.o)
                                 0x13 (size before relaxing)
 .comment       0x00000055        0x0 C:/msys64/mingw64/bin/../lib/gcc/arm-none-eabi/13.3.0/../../../../arm-none-eabi/lib/thumb/v7e-m+fp/hard\libc_nano.a(libc_a-msizer.o)
                                 0x13 (size before relaxing)
 .comment       0x00000055        0x0 C:/msys64/mingw64/bin/../lib/gcc/arm-none-eabi/13.3.0/thumb/v7e-m+fp/hard\libgcc.a(_udivmoddi4.o)
                                 0x13 (size before relaxing)

.debug_info     0x00000000    0x1a674
 .debug_info    0x00000000     0x136b build/main.o
 .debug_info    0x0000136b      0x4cf build/gpio.o
 .debug_info    0x0000183a      0xd00 build/can.o
 .debug_info    0x0000253a      0x5fe build/stm32f4xx_it.o
 .debug_info    0x00002b38      0x30d build/stm32f4xx_hal_msp.o
 .debug_info    0x00002e45     0x13d7 build/stm32f4xx_hal_can.o
 .debug_info    0x0000421c      0xc42 build/stm32f4xx_hal_rcc.o
 .debug_info    0x00004e5e      0x86a build/stm32f4xx_hal_gpio.o
 .debug_info    0x000056c8     0x120a build/stm32f4xx_hal_cortex.o
 .debug_info    0x000068d2      0xb74 build/stm32f4xx_hal.o
 .debug_info    0x00007446      0x5d5 build/system_stm32f4xx.o
 .debug_info    0x00007a1b      0x18c build/sysmem.o
 .debug_info    0x00007ba7      0xa10 build/can_bsp.o
 .debug_info    0x000085b7      0x30c build/pid.o
 .debug_info    0x000088c3      0xae2 build/motor_control.o
 .debug_info    0x000093a5      0x853 build/syscalls.o
 .debug_info    0x00009bf8       0x30 build/startup_stm32f427xx.o
 .debug_info    0x00009c28     0x10c4 C:/msys64/mingw64/bin/../lib/gcc/arm-none-eabi/13.3.0/../../../../arm-none-eabi/lib/thumb/v7e-m+fp/hard\libc_nano.a(libc_a-findfp.o)
 .debug_info    0x0000acec      0x7d2 C:/msys64/mingw64/bin/../lib/gcc/arm-none-eabi/13.3.0/../../../../arm-none-eabi/lib/thumb/v7e-m+fp/hard\libc_nano.a(libc_a-fwalk.o)
 .debug_info    0x0000b4be      0x841 C:/msys64/mingw64/bin/../lib/gcc/arm-none-eabi/13.3.0/../../../../arm-none-eabi/lib/thumb/v7e-m+fp/hard\libc_nano.a(libc_a-printf.o)
 .debug_info    0x0000bcff      0x93c C:/msys64/mingw64/bin/../lib/gcc/arm-none-eabi/13.3.0/../../../../arm-none-eabi/lib/thumb/v7e-m+fp/hard\libc_nano.a(libc_a-puts.o)
 .debug_info    0x0000c63b      0xa8a C:/msys64/mingw64/bin/../lib/gcc/arm-none-eabi/13.3.0/../../../../arm-none-eabi/lib/thumb/v7e-m+fp/hard\libc_nano.a(libc_a-stdio.o)
 .debug_info    0x0000d0c5      0x86d C:/msys64/mingw64/bin/../lib/gcc/arm-none-eabi/13.3.0/../../../../arm-none-eabi/lib/thumb/v7e-m+fp/hard\libc_nano.a(libc_a-wbuf.o)
 .debug_info    0x0000d932      0x7bb C:/msys64/mingw64/bin/../lib/gcc/arm-none-eabi/13.3.0/../../../../arm-none-eabi/lib/thumb/v7e-m+fp/hard\libc_nano.a(libc_a-wsetup.o)
 .debug_info    0x0000e0ed      0x135 C:/msys64/mingw64/bin/../lib/gcc/arm-none-eabi/13.3.0/../../../../arm-none-eabi/lib/thumb/v7e-m+fp/hard\libc_nano.a(libc_a-memset.o)
 .debug_info    0x0000e222      0x75d C:/msys64/mingw64/bin/../lib/gcc/arm-none-eabi/13.3.0/../../../../arm-none-eabi/lib/thumb/v7e-m+fp/hard\libc_nano.a(libc_a-closer.o)
 .debug_info    0x0000e97f      0x8a9 C:/msys64/mingw64/bin/../lib/gcc/arm-none-eabi/13.3.0/../../../../arm-none-eabi/lib/thumb/v7e-m+fp/hard\libc_nano.a(libc_a-reent.o)
 .debug_info    0x0000f228      0x715 C:/msys64/mingw64/bin/../lib/gcc/arm-none-eabi/13.3.0/../../../../arm-none-eabi/lib/thumb/v7e-m+fp/hard\libc_nano.a(libc_a-impure.o)
 .debug_info    0x0000f93d      0x7a8 C:/msys64/mingw64/bin/../lib/gcc/arm-none-eabi/13.3.0/../../../../arm-none-eabi/lib/thumb/v7e-m+fp/hard\libc_nano.a(libc_a-lseekr.o)
 .debug_info    0x000100e5      0x7bf C:/msys64/mingw64/bin/../lib/gcc/arm-none-eabi/13.3.0/../../../../arm-none-eabi/lib/thumb/v7e-m+fp/hard\libc_nano.a(libc_a-readr.o)
 .debug_info    0x000108a4      0x7c5 C:/msys64/mingw64/bin/../lib/gcc/arm-none-eabi/13.3.0/../../../../arm-none-eabi/lib/thumb/v7e-m+fp/hard\libc_nano.a(libc_a-writer.o)
 .debug_info    0x00011069      0x6fb C:/msys64/mingw64/bin/../lib/gcc/arm-none-eabi/13.3.0/../../../../arm-none-eabi/lib/thumb/v7e-m+fp/hard\libc_nano.a(libc_a-errno.o)
 .debug_info    0x00011764      0x10b C:/msys64/mingw64/bin/../lib/gcc/arm-none-eabi/13.3.0/../../../../arm-none-eabi/lib/thumb/v7e-m+fp/hard\libc_nano.a(libc_a-init.o)
 .debug_info    0x0001186f      0x218 C:/msys64/mingw64/bin/../lib/gcc/arm-none-eabi/13.3.0/../../../../arm-none-eabi/lib/thumb/v7e-m+fp/hard\libc_nano.a(libc_a-lock.o)
 .debug_info    0x00011a87      0x889 C:/msys64/mingw64/bin/../lib/gcc/arm-none-eabi/13.3.0/../../../../arm-none-eabi/lib/thumb/v7e-m+fp/hard\libc_nano.a(libc_a-freer.o)
 .debug_info    0x00012310      0x9c0 C:/msys64/mingw64/bin/../lib/gcc/arm-none-eabi/13.3.0/../../../../arm-none-eabi/lib/thumb/v7e-m+fp/hard\libc_nano.a(libc_a-mallocr.o)
 .debug_info    0x00012cd0      0x76b C:/msys64/mingw64/bin/../lib/gcc/arm-none-eabi/13.3.0/../../../../arm-none-eabi/lib/thumb/v7e-m+fp/hard\libc_nano.a(libc_a-mlock.o)
 .debug_info    0x0001343b     0x10d7 C:/msys64/mingw64/bin/../lib/gcc/arm-none-eabi/13.3.0/../../../../arm-none-eabi/lib/thumb/v7e-m+fp/hard\libc_nano.a(libc_a-nano-vfprintf.o)
 .debug_info    0x00014512      0xde1 C:/msys64/mingw64/bin/../lib/gcc/arm-none-eabi/13.3.0/../../../../arm-none-eabi/lib/thumb/v7e-m+fp/hard\libc_nano.a(libc_a-nano-vfprintf_i.o)
 .debug_info    0x000152f3      0x9f5 C:/msys64/mingw64/bin/../lib/gcc/arm-none-eabi/13.3.0/../../../../arm-none-eabi/lib/thumb/v7e-m+fp/hard\libc_nano.a(libc_a-fflush.o)
 .debug_info    0x00015ce8      0xafb C:/msys64/mingw64/bin/../lib/gcc/arm-none-eabi/13.3.0/../../../../arm-none-eabi/lib/thumb/v7e-m+fp/hard\libc_nano.a(libc_a-fvwrite.o)
 .debug_info    0x000167e3      0xbf0 C:/msys64/mingw64/bin/../lib/gcc/arm-none-eabi/13.3.0/../../../../arm-none-eabi/lib/thumb/v7e-m+fp/hard\libc_nano.a(libc_a-makebuf.o)
 .debug_info    0x000173d3      0x148 C:/msys64/mingw64/bin/../lib/gcc/arm-none-eabi/13.3.0/../../../../arm-none-eabi/lib/thumb/v7e-m+fp/hard\libc_nano.a(libc_a-memmove.o)
 .debug_info    0x0001751b      0x981 C:/msys64/mingw64/bin/../lib/gcc/arm-none-eabi/13.3.0/../../../../arm-none-eabi/lib/thumb/v7e-m+fp/hard\libc_nano.a(libc_a-fstatr.o)
 .debug_info    0x00017e9c      0x75d C:/msys64/mingw64/bin/../lib/gcc/arm-none-eabi/13.3.0/../../../../arm-none-eabi/lib/thumb/v7e-m+fp/hard\libc_nano.a(libc_a-isattyr.o)
 .debug_info    0x000185f9      0x782 C:/msys64/mingw64/bin/../lib/gcc/arm-none-eabi/13.3.0/../../../../arm-none-eabi/lib/thumb/v7e-m+fp/hard\libc_nano.a(libc_a-sbrkr.o)
 .debug_info    0x00018d7b       0x25 C:/msys64/mingw64/bin/../lib/gcc/arm-none-eabi/13.3.0/../../../../arm-none-eabi/lib/thumb/v7e-m+fp/hard\libc_nano.a(libc_a-memchr.o)
 .debug_info    0x00018da0       0x33 C:/msys64/mingw64/bin/../lib/gcc/arm-none-eabi/13.3.0/../../../../arm-none-eabi/lib/thumb/v7e-m+fp/hard\libc_nano.a(libc_a-memcpy.o)
 .debug_info    0x00018dd3      0x8d7 C:/msys64/mingw64/bin/../lib/gcc/arm-none-eabi/13.3.0/../../../../arm-none-eabi/lib/thumb/v7e-m+fp/hard\libc_nano.a(libc_a-reallocr.o)
 .debug_info    0x000196aa      0x794 C:/msys64/mingw64/bin/../lib/gcc/arm-none-eabi/13.3.0/../../../../arm-none-eabi/lib/thumb/v7e-m+fp/hard\libc_nano.a(libc_a-msizer.o)
 .debug_info    0x00019e3e       0xd3 C:/msys64/mingw64/bin/../lib/gcc/arm-none-eabi/13.3.0/thumb/v7e-m+fp/hard\libgcc.a(_arm_addsubdf3.o)
 .debug_info    0x00019f11       0x24 C:/msys64/mingw64/bin/../lib/gcc/arm-none-eabi/13.3.0/thumb/v7e-m+fp/hard\libgcc.a(_aeabi_uldivmod.o)
 .debug_info    0x00019f35      0x703 C:/msys64/mingw64/bin/../lib/gcc/arm-none-eabi/13.3.0/thumb/v7e-m+fp/hard\libgcc.a(_udivmoddi4.o)
 .debug_info    0x0001a638       0x3c C:/msys64/mingw64/bin/../lib/gcc/arm-none-eabi/13.3.0/thumb/v7e-m+fp/hard\libgcc.a(_dvmd_tls.o)

.debug_abbrev   0x00000000     0x5e1a
 .debug_abbrev  0x00000000      0x2e3 build/main.o
 .debug_abbrev  0x000002e3      0x137 build/gpio.o
 .debug_abbrev  0x0000041a      0x214 build/can.o
 .debug_abbrev  0x0000062e      0x16d build/stm32f4xx_it.o
 .debug_abbrev  0x0000079b       0xd3 build/stm32f4xx_hal_msp.o
 .debug_abbrev  0x0000086e      0x2a2 build/stm32f4xx_hal_can.o
 .debug_abbrev  0x00000b10      0x2de build/stm32f4xx_hal_rcc.o
 .debug_abbrev  0x00000dee      0x22b build/stm32f4xx_hal_gpio.o
 .debug_abbrev  0x00001019      0x3ca build/stm32f4xx_hal_cortex.o
 .debug_abbrev  0x000013e3      0x244 build/stm32f4xx_hal.o
 .debug_abbrev  0x00001627      0x11b build/system_stm32f4xx.o
 .debug_abbrev  0x00001742       0xeb build/sysmem.o
 .debug_abbrev  0x0000182d      0x202 build/can_bsp.o
 .debug_abbrev  0x00001a2f      0x136 build/pid.o
 .debug_abbrev  0x00001b65      0x25c build/motor_control.o
 .debug_abbrev  0x00001dc1      0x1ea build/syscalls.o
 .debug_abbrev  0x00001fab       0x1d build/startup_stm32f427xx.o
 .debug_abbrev  0x00001fc8      0x446 C:/msys64/mingw64/bin/../lib/gcc/arm-none-eabi/13.3.0/../../../../arm-none-eabi/lib/thumb/v7e-m+fp/hard\libc_nano.a(libc_a-findfp.o)
 .debug_abbrev  0x0000240e      0x19b C:/msys64/mingw64/bin/../lib/gcc/arm-none-eabi/13.3.0/../../../../arm-none-eabi/lib/thumb/v7e-m+fp/hard\libc_nano.a(libc_a-fwalk.o)
 .debug_abbrev  0x000025a9      0x21a C:/msys64/mingw64/bin/../lib/gcc/arm-none-eabi/13.3.0/../../../../arm-none-eabi/lib/thumb/v7e-m+fp/hard\libc_nano.a(libc_a-printf.o)
 .debug_abbrev  0x000027c3      0x2a7 C:/msys64/mingw64/bin/../lib/gcc/arm-none-eabi/13.3.0/../../../../arm-none-eabi/lib/thumb/v7e-m+fp/hard\libc_nano.a(libc_a-puts.o)
 .debug_abbrev  0x00002a6a      0x224 C:/msys64/mingw64/bin/../lib/gcc/arm-none-eabi/13.3.0/../../../../arm-none-eabi/lib/thumb/v7e-m+fp/hard\libc_nano.a(libc_a-stdio.o)
 .debug_abbrev  0x00002c8e      0x236 C:/msys64/mingw64/bin/../lib/gcc/arm-none-eabi/13.3.0/../../../../arm-none-eabi/lib/thumb/v7e-m+fp/hard\libc_nano.a(libc_a-wbuf.o)
 .debug_abbrev  0x00002ec4      0x1e2 C:/msys64/mingw64/bin/../lib/gcc/arm-none-eabi/13.3.0/../../../../arm-none-eabi/lib/thumb/v7e-m+fp/hard\libc_nano.a(libc_a-wsetup.o)
 .debug_abbrev  0x000030a6       0xb7 C:/msys64/mingw64/bin/../lib/gcc/arm-none-eabi/13.3.0/../../../../arm-none-eabi/lib/thumb/v7e-m+fp/hard\libc_nano.a(libc_a-memset.o)
 .debug_abbrev  0x0000315d      0x1b0 C:/msys64/mingw64/bin/../lib/gcc/arm-none-eabi/13.3.0/../../../../arm-none-eabi/lib/thumb/v7e-m+fp/hard\libc_nano.a(libc_a-closer.o)
 .debug_abbrev  0x0000330d      0x1ee C:/msys64/mingw64/bin/../lib/gcc/arm-none-eabi/13.3.0/../../../../arm-none-eabi/lib/thumb/v7e-m+fp/hard\libc_nano.a(libc_a-reent.o)
 .debug_abbrev  0x000034fb      0x149 C:/msys64/mingw64/bin/../lib/gcc/arm-none-eabi/13.3.0/../../../../arm-none-eabi/lib/thumb/v7e-m+fp/hard\libc_nano.a(libc_a-impure.o)
 .debug_abbrev  0x00003644      0x1c4 C:/msys64/mingw64/bin/../lib/gcc/arm-none-eabi/13.3.0/../../../../arm-none-eabi/lib/thumb/v7e-m+fp/hard\libc_nano.a(libc_a-lseekr.o)
 .debug_abbrev  0x00003808      0x1b0 C:/msys64/mingw64/bin/../lib/gcc/arm-none-eabi/13.3.0/../../../../arm-none-eabi/lib/thumb/v7e-m+fp/hard\libc_nano.a(libc_a-readr.o)
 .debug_abbrev  0x000039b8      0x1b5 C:/msys64/mingw64/bin/../lib/gcc/arm-none-eabi/13.3.0/../../../../arm-none-eabi/lib/thumb/v7e-m+fp/hard\libc_nano.a(libc_a-writer.o)
 .debug_abbrev  0x00003b6d      0x15e C:/msys64/mingw64/bin/../lib/gcc/arm-none-eabi/13.3.0/../../../../arm-none-eabi/lib/thumb/v7e-m+fp/hard\libc_nano.a(libc_a-errno.o)
 .debug_abbrev  0x00003ccb       0xc9 C:/msys64/mingw64/bin/../lib/gcc/arm-none-eabi/13.3.0/../../../../arm-none-eabi/lib/thumb/v7e-m+fp/hard\libc_nano.a(libc_a-init.o)
 .debug_abbrev  0x00003d94      0x115 C:/msys64/mingw64/bin/../lib/gcc/arm-none-eabi/13.3.0/../../../../arm-none-eabi/lib/thumb/v7e-m+fp/hard\libc_nano.a(libc_a-lock.o)
 .debug_abbrev  0x00003ea9      0x249 C:/msys64/mingw64/bin/../lib/gcc/arm-none-eabi/13.3.0/../../../../arm-none-eabi/lib/thumb/v7e-m+fp/hard\libc_nano.a(libc_a-freer.o)
 .debug_abbrev  0x000040f2      0x24a C:/msys64/mingw64/bin/../lib/gcc/arm-none-eabi/13.3.0/../../../../arm-none-eabi/lib/thumb/v7e-m+fp/hard\libc_nano.a(libc_a-mallocr.o)
 .debug_abbrev  0x0000433c      0x1bf C:/msys64/mingw64/bin/../lib/gcc/arm-none-eabi/13.3.0/../../../../arm-none-eabi/lib/thumb/v7e-m+fp/hard\libc_nano.a(libc_a-mlock.o)
 .debug_abbrev  0x000044fb      0x377 C:/msys64/mingw64/bin/../lib/gcc/arm-none-eabi/13.3.0/../../../../arm-none-eabi/lib/thumb/v7e-m+fp/hard\libc_nano.a(libc_a-nano-vfprintf.o)
 .debug_abbrev  0x00004872      0x28d C:/msys64/mingw64/bin/../lib/gcc/arm-none-eabi/13.3.0/../../../../arm-none-eabi/lib/thumb/v7e-m+fp/hard\libc_nano.a(libc_a-nano-vfprintf_i.o)
 .debug_abbrev  0x00004aff      0x2a9 C:/msys64/mingw64/bin/../lib/gcc/arm-none-eabi/13.3.0/../../../../arm-none-eabi/lib/thumb/v7e-m+fp/hard\libc_nano.a(libc_a-fflush.o)
 .debug_abbrev  0x00004da8      0x21b C:/msys64/mingw64/bin/../lib/gcc/arm-none-eabi/13.3.0/../../../../arm-none-eabi/lib/thumb/v7e-m+fp/hard\libc_nano.a(libc_a-fvwrite.o)
 .debug_abbrev  0x00004fc3      0x29d C:/msys64/mingw64/bin/../lib/gcc/arm-none-eabi/13.3.0/../../../../arm-none-eabi/lib/thumb/v7e-m+fp/hard\libc_nano.a(libc_a-makebuf.o)
 .debug_abbrev  0x00005260       0xc3 C:/msys64/mingw64/bin/../lib/gcc/arm-none-eabi/13.3.0/../../../../arm-none-eabi/lib/thumb/v7e-m+fp/hard\libc_nano.a(libc_a-memmove.o)
 .debug_abbrev  0x00005323      0x1c3 C:/msys64/mingw64/bin/../lib/gcc/arm-none-eabi/13.3.0/../../../../arm-none-eabi/lib/thumb/v7e-m+fp/hard\libc_nano.a(libc_a-fstatr.o)
 .debug_abbrev  0x000054e6      0x1b0 C:/msys64/mingw64/bin/../lib/gcc/arm-none-eabi/13.3.0/../../../../arm-none-eabi/lib/thumb/v7e-m+fp/hard\libc_nano.a(libc_a-isattyr.o)
 .debug_abbrev  0x00005696      0x1da C:/msys64/mingw64/bin/../lib/gcc/arm-none-eabi/13.3.0/../../../../arm-none-eabi/lib/thumb/v7e-m+fp/hard\libc_nano.a(libc_a-sbrkr.o)
 .debug_abbrev  0x00005870       0x14 C:/msys64/mingw64/bin/../lib/gcc/arm-none-eabi/13.3.0/../../../../arm-none-eabi/lib/thumb/v7e-m+fp/hard\libc_nano.a(libc_a-memchr.o)
 .debug_abbrev  0x00005884       0x28 C:/msys64/mingw64/bin/../lib/gcc/arm-none-eabi/13.3.0/../../../../arm-none-eabi/lib/thumb/v7e-m+fp/hard\libc_nano.a(libc_a-memcpy.o)
 .debug_abbrev  0x000058ac      0x20c C:/msys64/mingw64/bin/../lib/gcc/arm-none-eabi/13.3.0/../../../../arm-none-eabi/lib/thumb/v7e-m+fp/hard\libc_nano.a(libc_a-reallocr.o)
 .debug_abbrev  0x00005ab8      0x196 C:/msys64/mingw64/bin/../lib/gcc/arm-none-eabi/13.3.0/../../../../arm-none-eabi/lib/thumb/v7e-m+fp/hard\libc_nano.a(libc_a-msizer.o)
 .debug_abbrev  0x00005c4e       0x28 C:/msys64/mingw64/bin/../lib/gcc/arm-none-eabi/13.3.0/thumb/v7e-m+fp/hard\libgcc.a(_arm_addsubdf3.o)
 .debug_abbrev  0x00005c76       0x14 C:/msys64/mingw64/bin/../lib/gcc/arm-none-eabi/13.3.0/thumb/v7e-m+fp/hard\libgcc.a(_aeabi_uldivmod.o)
 .debug_abbrev  0x00005c8a      0x16a C:/msys64/mingw64/bin/../lib/gcc/arm-none-eabi/13.3.0/thumb/v7e-m+fp/hard\libgcc.a(_udivmoddi4.o)
 .debug_abbrev  0x00005df4       0x26 C:/msys64/mingw64/bin/../lib/gcc/arm-none-eabi/13.3.0/thumb/v7e-m+fp/hard\libgcc.a(_dvmd_tls.o)

.debug_loc      0x00000000     0x4112
 .debug_loc     0x00000000      0x484 build/main.o
 .debug_loc     0x00000484       0x38 build/gpio.o
 .debug_loc     0x000004bc      0x120 build/can.o
 .debug_loc     0x000005dc       0x40 build/stm32f4xx_it.o
 .debug_loc     0x0000061c       0x2c build/stm32f4xx_hal_msp.o
 .debug_loc     0x00000648     0x10d3 build/stm32f4xx_hal_can.o
 .debug_loc     0x0000171b      0x720 build/stm32f4xx_hal_rcc.o
 .debug_loc     0x00001e3b      0x60b build/stm32f4xx_hal_gpio.o
 .debug_loc     0x00002446      0x8ff build/stm32f4xx_hal_cortex.o
 .debug_loc     0x00002d45      0x1f9 build/stm32f4xx_hal.o
 .debug_loc     0x00002f3e       0xbd build/system_stm32f4xx.o
 .debug_loc     0x00002ffb       0x90 build/sysmem.o
 .debug_loc     0x0000308b      0x12c build/can_bsp.o
 .debug_loc     0x000031b7      0x2a0 build/pid.o
 .debug_loc     0x00003457      0x738 build/motor_control.o
 .debug_loc     0x00003b8f      0x583 build/syscalls.o

.debug_aranges  0x00000000      0xbc8
 .debug_aranges
                0x00000000       0x60 build/main.o
 .debug_aranges
                0x00000060       0x20 build/gpio.o
 .debug_aranges
                0x00000080       0x30 build/can.o
 .debug_aranges
                0x000000b0       0x68 build/stm32f4xx_it.o
 .debug_aranges
                0x00000118       0x20 build/stm32f4xx_hal_msp.o
 .debug_aranges
                0x00000138      0x138 build/stm32f4xx_hal_can.o
 .debug_aranges
                0x00000270       0x88 build/stm32f4xx_hal_rcc.o
 .debug_aranges
                0x000002f8       0x58 build/stm32f4xx_hal_gpio.o
 .debug_aranges
                0x00000350       0xf8 build/stm32f4xx_hal_cortex.o
 .debug_aranges
                0x00000448      0x100 build/stm32f4xx_hal.o
 .debug_aranges
                0x00000548       0x28 build/system_stm32f4xx.o
 .debug_aranges
                0x00000570       0x20 build/sysmem.o
 .debug_aranges
                0x00000590       0x38 build/can_bsp.o
 .debug_aranges
                0x000005c8       0x30 build/pid.o
 .debug_aranges
                0x000005f8       0x68 build/motor_control.o
 .debug_aranges
                0x00000660       0xa8 build/syscalls.o
 .debug_aranges
                0x00000708       0x28 build/startup_stm32f427xx.o
 .debug_aranges
                0x00000730       0x20 C:/msys64/mingw64/bin/../lib/gcc/arm-none-eabi/13.3.0/../../../../arm-none-eabi/lib/thumb/v7e-m+fp/hard\libc_nano.a(libc_a-findfp.o)
 .debug_aranges
                0x00000750       0x20 C:/msys64/mingw64/bin/../lib/gcc/arm-none-eabi/13.3.0/../../../../arm-none-eabi/lib/thumb/v7e-m+fp/hard\libc_nano.a(libc_a-fwalk.o)
 .debug_aranges
                0x00000770       0x20 C:/msys64/mingw64/bin/../lib/gcc/arm-none-eabi/13.3.0/../../../../arm-none-eabi/lib/thumb/v7e-m+fp/hard\libc_nano.a(libc_a-printf.o)
 .debug_aranges
                0x00000790       0x20 C:/msys64/mingw64/bin/../lib/gcc/arm-none-eabi/13.3.0/../../../../arm-none-eabi/lib/thumb/v7e-m+fp/hard\libc_nano.a(libc_a-puts.o)
 .debug_aranges
                0x000007b0       0x20 C:/msys64/mingw64/bin/../lib/gcc/arm-none-eabi/13.3.0/../../../../arm-none-eabi/lib/thumb/v7e-m+fp/hard\libc_nano.a(libc_a-stdio.o)
 .debug_aranges
                0x000007d0       0x20 C:/msys64/mingw64/bin/../lib/gcc/arm-none-eabi/13.3.0/../../../../arm-none-eabi/lib/thumb/v7e-m+fp/hard\libc_nano.a(libc_a-wbuf.o)
 .debug_aranges
                0x000007f0       0x20 C:/msys64/mingw64/bin/../lib/gcc/arm-none-eabi/13.3.0/../../../../arm-none-eabi/lib/thumb/v7e-m+fp/hard\libc_nano.a(libc_a-wsetup.o)
 .debug_aranges
                0x00000810       0x20 C:/msys64/mingw64/bin/../lib/gcc/arm-none-eabi/13.3.0/../../../../arm-none-eabi/lib/thumb/v7e-m+fp/hard\libc_nano.a(libc_a-memset.o)
 .debug_aranges
                0x00000830       0x20 C:/msys64/mingw64/bin/../lib/gcc/arm-none-eabi/13.3.0/../../../../arm-none-eabi/lib/thumb/v7e-m+fp/hard\libc_nano.a(libc_a-closer.o)
 .debug_aranges
                0x00000850       0x20 C:/msys64/mingw64/bin/../lib/gcc/arm-none-eabi/13.3.0/../../../../arm-none-eabi/lib/thumb/v7e-m+fp/hard\libc_nano.a(libc_a-reent.o)
 .debug_aranges
                0x00000870       0x18 C:/msys64/mingw64/bin/../lib/gcc/arm-none-eabi/13.3.0/../../../../arm-none-eabi/lib/thumb/v7e-m+fp/hard\libc_nano.a(libc_a-impure.o)
 .debug_aranges
                0x00000888       0x20 C:/msys64/mingw64/bin/../lib/gcc/arm-none-eabi/13.3.0/../../../../arm-none-eabi/lib/thumb/v7e-m+fp/hard\libc_nano.a(libc_a-lseekr.o)
 .debug_aranges
                0x000008a8       0x20 C:/msys64/mingw64/bin/../lib/gcc/arm-none-eabi/13.3.0/../../../../arm-none-eabi/lib/thumb/v7e-m+fp/hard\libc_nano.a(libc_a-readr.o)
 .debug_aranges
                0x000008c8       0x20 C:/msys64/mingw64/bin/../lib/gcc/arm-none-eabi/13.3.0/../../../../arm-none-eabi/lib/thumb/v7e-m+fp/hard\libc_nano.a(libc_a-writer.o)
 .debug_aranges
                0x000008e8       0x20 C:/msys64/mingw64/bin/../lib/gcc/arm-none-eabi/13.3.0/../../../../arm-none-eabi/lib/thumb/v7e-m+fp/hard\libc_nano.a(libc_a-errno.o)
 .debug_aranges
                0x00000908       0x20 C:/msys64/mingw64/bin/../lib/gcc/arm-none-eabi/13.3.0/../../../../arm-none-eabi/lib/thumb/v7e-m+fp/hard\libc_nano.a(libc_a-init.o)
 .debug_aranges
                0x00000928       0x20 C:/msys64/mingw64/bin/../lib/gcc/arm-none-eabi/13.3.0/../../../../arm-none-eabi/lib/thumb/v7e-m+fp/hard\libc_nano.a(libc_a-lock.o)
 .debug_aranges
                0x00000948       0x20 C:/msys64/mingw64/bin/../lib/gcc/arm-none-eabi/13.3.0/../../../../arm-none-eabi/lib/thumb/v7e-m+fp/hard\libc_nano.a(libc_a-freer.o)
 .debug_aranges
                0x00000968       0x20 C:/msys64/mingw64/bin/../lib/gcc/arm-none-eabi/13.3.0/../../../../arm-none-eabi/lib/thumb/v7e-m+fp/hard\libc_nano.a(libc_a-mallocr.o)
 .debug_aranges
                0x00000988       0x20 C:/msys64/mingw64/bin/../lib/gcc/arm-none-eabi/13.3.0/../../../../arm-none-eabi/lib/thumb/v7e-m+fp/hard\libc_nano.a(libc_a-mlock.o)
 .debug_aranges
                0x000009a8       0x20 C:/msys64/mingw64/bin/../lib/gcc/arm-none-eabi/13.3.0/../../../../arm-none-eabi/lib/thumb/v7e-m+fp/hard\libc_nano.a(libc_a-nano-vfprintf.o)
 .debug_aranges
                0x000009c8       0x20 C:/msys64/mingw64/bin/../lib/gcc/arm-none-eabi/13.3.0/../../../../arm-none-eabi/lib/thumb/v7e-m+fp/hard\libc_nano.a(libc_a-nano-vfprintf_i.o)
 .debug_aranges
                0x000009e8       0x20 C:/msys64/mingw64/bin/../lib/gcc/arm-none-eabi/13.3.0/../../../../arm-none-eabi/lib/thumb/v7e-m+fp/hard\libc_nano.a(libc_a-fflush.o)
 .debug_aranges
                0x00000a08       0x20 C:/msys64/mingw64/bin/../lib/gcc/arm-none-eabi/13.3.0/../../../../arm-none-eabi/lib/thumb/v7e-m+fp/hard\libc_nano.a(libc_a-fvwrite.o)
 .debug_aranges
                0x00000a28       0x20 C:/msys64/mingw64/bin/../lib/gcc/arm-none-eabi/13.3.0/../../../../arm-none-eabi/lib/thumb/v7e-m+fp/hard\libc_nano.a(libc_a-makebuf.o)
 .debug_aranges
                0x00000a48       0x20 C:/msys64/mingw64/bin/../lib/gcc/arm-none-eabi/13.3.0/../../../../arm-none-eabi/lib/thumb/v7e-m+fp/hard\libc_nano.a(libc_a-memmove.o)
 .debug_aranges
                0x00000a68       0x20 C:/msys64/mingw64/bin/../lib/gcc/arm-none-eabi/13.3.0/../../../../arm-none-eabi/lib/thumb/v7e-m+fp/hard\libc_nano.a(libc_a-fstatr.o)
 .debug_aranges
                0x00000a88       0x20 C:/msys64/mingw64/bin/../lib/gcc/arm-none-eabi/13.3.0/../../../../arm-none-eabi/lib/thumb/v7e-m+fp/hard\libc_nano.a(libc_a-isattyr.o)
 .debug_aranges
                0x00000aa8       0x20 C:/msys64/mingw64/bin/../lib/gcc/arm-none-eabi/13.3.0/../../../../arm-none-eabi/lib/thumb/v7e-m+fp/hard\libc_nano.a(libc_a-sbrkr.o)
 .debug_aranges
                0x00000ac8       0x20 C:/msys64/mingw64/bin/../lib/gcc/arm-none-eabi/13.3.0/../../../../arm-none-eabi/lib/thumb/v7e-m+fp/hard\libc_nano.a(libc_a-memchr.o)
 .debug_aranges
                0x00000ae8       0x20 C:/msys64/mingw64/bin/../lib/gcc/arm-none-eabi/13.3.0/../../../../arm-none-eabi/lib/thumb/v7e-m+fp/hard\libc_nano.a(libc_a-memcpy.o)
 .debug_aranges
                0x00000b08       0x20 C:/msys64/mingw64/bin/../lib/gcc/arm-none-eabi/13.3.0/../../../../arm-none-eabi/lib/thumb/v7e-m+fp/hard\libc_nano.a(libc_a-reallocr.o)
 .debug_aranges
                0x00000b28       0x20 C:/msys64/mingw64/bin/../lib/gcc/arm-none-eabi/13.3.0/../../../../arm-none-eabi/lib/thumb/v7e-m+fp/hard\libc_nano.a(libc_a-msizer.o)
 .debug_aranges
                0x00000b48       0x20 C:/msys64/mingw64/bin/../lib/gcc/arm-none-eabi/13.3.0/thumb/v7e-m+fp/hard\libgcc.a(_arm_addsubdf3.o)
 .debug_aranges
                0x00000b68       0x20 C:/msys64/mingw64/bin/../lib/gcc/arm-none-eabi/13.3.0/thumb/v7e-m+fp/hard\libgcc.a(_aeabi_uldivmod.o)
 .debug_aranges
                0x00000b88       0x20 C:/msys64/mingw64/bin/../lib/gcc/arm-none-eabi/13.3.0/thumb/v7e-m+fp/hard\libgcc.a(_udivmoddi4.o)
 .debug_aranges
                0x00000ba8       0x20 C:/msys64/mingw64/bin/../lib/gcc/arm-none-eabi/13.3.0/thumb/v7e-m+fp/hard\libgcc.a(_dvmd_tls.o)

.debug_ranges   0x00000000      0x6b8
 .debug_ranges  0x00000000       0x80 build/main.o
 .debug_ranges  0x00000080       0x10 build/gpio.o
 .debug_ranges  0x00000090       0x20 build/can.o
 .debug_ranges  0x000000b0       0x58 build/stm32f4xx_it.o
 .debug_ranges  0x00000108       0x10 build/stm32f4xx_hal_msp.o
 .debug_ranges  0x00000118      0x140 build/stm32f4xx_hal_can.o
 .debug_ranges  0x00000258       0x90 build/stm32f4xx_hal_rcc.o
 .debug_ranges  0x000002e8       0x48 build/stm32f4xx_hal_gpio.o
 .debug_ranges  0x00000330       0xe8 build/stm32f4xx_hal_cortex.o
 .debug_ranges  0x00000418       0xf0 build/stm32f4xx_hal.o
 .debug_ranges  0x00000508       0x18 build/system_stm32f4xx.o
 .debug_ranges  0x00000520       0x10 build/sysmem.o
 .debug_ranges  0x00000530       0x28 build/can_bsp.o
 .debug_ranges  0x00000558       0x20 build/pid.o
 .debug_ranges  0x00000578       0x88 build/motor_control.o
 .debug_ranges  0x00000600       0x98 build/syscalls.o
 .debug_ranges  0x00000698       0x20 build/startup_stm32f427xx.o

.debug_line     0x00000000     0xb39d
 .debug_line    0x00000000      0x702 build/main.o
 .debug_line    0x00000702      0x16e build/gpio.o
 .debug_line    0x00000870      0x353 build/can.o
 .debug_line    0x00000bc3      0x2cc build/stm32f4xx_it.o
 .debug_line    0x00000e8f      0x1b0 build/stm32f4xx_hal_msp.o
 .debug_line    0x0000103f     0x11a5 build/stm32f4xx_hal_can.o
 .debug_line    0x000021e4      0xc17 build/stm32f4xx_hal_rcc.o
 .debug_line    0x00002dfb      0x777 build/stm32f4xx_hal_gpio.o
 .debug_line    0x00003572      0x884 build/stm32f4xx_hal_cortex.o
 .debug_line    0x00003df6      0x5f9 build/stm32f4xx_hal.o
 .debug_line    0x000043ef      0x2a8 build/system_stm32f4xx.o
 .debug_line    0x00004697      0x21e build/sysmem.o
 .debug_line    0x000048b5      0x329 build/can_bsp.o
 .debug_line    0x00004bde      0x2b0 build/pid.o
 .debug_line    0x00004e8e      0x573 build/motor_control.o
 .debug_line    0x00005401      0x432 build/syscalls.o
 .debug_line    0x00005833       0x73 build/startup_stm32f427xx.o
 .debug_line    0x000058a6      0x66d C:/msys64/mingw64/bin/../lib/gcc/arm-none-eabi/13.3.0/../../../../arm-none-eabi/lib/thumb/v7e-m+fp/hard\libc_nano.a(libc_a-findfp.o)
 .debug_line    0x00005f13      0x1db C:/msys64/mingw64/bin/../lib/gcc/arm-none-eabi/13.3.0/../../../../arm-none-eabi/lib/thumb/v7e-m+fp/hard\libc_nano.a(libc_a-fwalk.o)
 .debug_line    0x000060ee      0x1cf C:/msys64/mingw64/bin/../lib/gcc/arm-none-eabi/13.3.0/../../../../arm-none-eabi/lib/thumb/v7e-m+fp/hard\libc_nano.a(libc_a-printf.o)
 .debug_line    0x000062bd      0x2fc C:/msys64/mingw64/bin/../lib/gcc/arm-none-eabi/13.3.0/../../../../arm-none-eabi/lib/thumb/v7e-m+fp/hard\libc_nano.a(libc_a-puts.o)
 .debug_line    0x000065b9      0x235 C:/msys64/mingw64/bin/../lib/gcc/arm-none-eabi/13.3.0/../../../../arm-none-eabi/lib/thumb/v7e-m+fp/hard\libc_nano.a(libc_a-stdio.o)
 .debug_line    0x000067ee      0x260 C:/msys64/mingw64/bin/../lib/gcc/arm-none-eabi/13.3.0/../../../../arm-none-eabi/lib/thumb/v7e-m+fp/hard\libc_nano.a(libc_a-wbuf.o)
 .debug_line    0x00006a4e      0x2ba C:/msys64/mingw64/bin/../lib/gcc/arm-none-eabi/13.3.0/../../../../arm-none-eabi/lib/thumb/v7e-m+fp/hard\libc_nano.a(libc_a-wsetup.o)
 .debug_line    0x00006d08      0x1ca C:/msys64/mingw64/bin/../lib/gcc/arm-none-eabi/13.3.0/../../../../arm-none-eabi/lib/thumb/v7e-m+fp/hard\libc_nano.a(libc_a-memset.o)
 .debug_line    0x00006ed2      0x19d C:/msys64/mingw64/bin/../lib/gcc/arm-none-eabi/13.3.0/../../../../arm-none-eabi/lib/thumb/v7e-m+fp/hard\libc_nano.a(libc_a-closer.o)
 .debug_line    0x0000706f      0x285 C:/msys64/mingw64/bin/../lib/gcc/arm-none-eabi/13.3.0/../../../../arm-none-eabi/lib/thumb/v7e-m+fp/hard\libc_nano.a(libc_a-reent.o)
 .debug_line    0x000072f4       0xfb C:/msys64/mingw64/bin/../lib/gcc/arm-none-eabi/13.3.0/../../../../arm-none-eabi/lib/thumb/v7e-m+fp/hard\libc_nano.a(libc_a-impure.o)
 .debug_line    0x000073ef      0x1a3 C:/msys64/mingw64/bin/../lib/gcc/arm-none-eabi/13.3.0/../../../../arm-none-eabi/lib/thumb/v7e-m+fp/hard\libc_nano.a(libc_a-lseekr.o)
 .debug_line    0x00007592      0x1a2 C:/msys64/mingw64/bin/../lib/gcc/arm-none-eabi/13.3.0/../../../../arm-none-eabi/lib/thumb/v7e-m+fp/hard\libc_nano.a(libc_a-readr.o)
 .debug_line    0x00007734      0x1a3 C:/msys64/mingw64/bin/../lib/gcc/arm-none-eabi/13.3.0/../../../../arm-none-eabi/lib/thumb/v7e-m+fp/hard\libc_nano.a(libc_a-writer.o)
 .debug_line    0x000078d7      0x120 C:/msys64/mingw64/bin/../lib/gcc/arm-none-eabi/13.3.0/../../../../arm-none-eabi/lib/thumb/v7e-m+fp/hard\libc_nano.a(libc_a-errno.o)
 .debug_line    0x000079f7      0x13c C:/msys64/mingw64/bin/../lib/gcc/arm-none-eabi/13.3.0/../../../../arm-none-eabi/lib/thumb/v7e-m+fp/hard\libc_nano.a(libc_a-init.o)
 .debug_line    0x00007b33       0xd7 C:/msys64/mingw64/bin/../lib/gcc/arm-none-eabi/13.3.0/../../../../arm-none-eabi/lib/thumb/v7e-m+fp/hard\libc_nano.a(libc_a-lock.o)
 .debug_line    0x00007c0a      0x2cd C:/msys64/mingw64/bin/../lib/gcc/arm-none-eabi/13.3.0/../../../../arm-none-eabi/lib/thumb/v7e-m+fp/hard\libc_nano.a(libc_a-freer.o)
 .debug_line    0x00007ed7      0x446 C:/msys64/mingw64/bin/../lib/gcc/arm-none-eabi/13.3.0/../../../../arm-none-eabi/lib/thumb/v7e-m+fp/hard\libc_nano.a(libc_a-mallocr.o)
 .debug_line    0x0000831d      0x162 C:/msys64/mingw64/bin/../lib/gcc/arm-none-eabi/13.3.0/../../../../arm-none-eabi/lib/thumb/v7e-m+fp/hard\libc_nano.a(libc_a-mlock.o)
 .debug_line    0x0000847f      0x703 C:/msys64/mingw64/bin/../lib/gcc/arm-none-eabi/13.3.0/../../../../arm-none-eabi/lib/thumb/v7e-m+fp/hard\libc_nano.a(libc_a-nano-vfprintf.o)
 .debug_line    0x00008b82      0x763 C:/msys64/mingw64/bin/../lib/gcc/arm-none-eabi/13.3.0/../../../../arm-none-eabi/lib/thumb/v7e-m+fp/hard\libc_nano.a(libc_a-nano-vfprintf_i.o)
 .debug_line    0x000092e5      0x3f6 C:/msys64/mingw64/bin/../lib/gcc/arm-none-eabi/13.3.0/../../../../arm-none-eabi/lib/thumb/v7e-m+fp/hard\libc_nano.a(libc_a-fflush.o)