Archive member included to satisfy reference by file (symbol)

C:/msys64/mingw64/bin/../lib/gcc/arm-none-eabi/13.3.0/../../../../arm-none-eabi/lib/thumb/v7e-m+fp/hard\libc_nano.a(libc_a-atexit.o)
                              C:/msys64/mingw64/bin/../lib/gcc/arm-none-eabi/13.3.0/../../../../arm-none-eabi/lib/thumb/v7e-m+fp/hard/crt0.o (atexit)
C:/msys64/mingw64/bin/../lib/gcc/arm-none-eabi/13.3.0/../../../../arm-none-eabi/lib/thumb/v7e-m+fp/hard\libc_nano.a(libc_a-exit.o)
                              C:/msys64/mingw64/bin/../lib/gcc/arm-none-eabi/13.3.0/../../../../arm-none-eabi/lib/thumb/v7e-m+fp/hard/crt0.o (exit)
C:/msys64/mingw64/bin/../lib/gcc/arm-none-eabi/13.3.0/../../../../arm-none-eabi/lib/thumb/v7e-m+fp/hard\libc_nano.a(libc_a-findfp.o)
                              C:/msys64/mingw64/bin/../lib/gcc/arm-none-eabi/13.3.0/../../../../arm-none-eabi/lib/thumb/v7e-m+fp/hard\libc_nano.a(libc_a-exit.o) (__stdio_exit_handler)
C:/msys64/mingw64/bin/../lib/gcc/arm-none-eabi/13.3.0/../../../../arm-none-eabi/lib/thumb/v7e-m+fp/hard\libc_nano.a(libc_a-fwalk.o)
                              C:/msys64/mingw64/bin/../lib/gcc/arm-none-eabi/13.3.0/../../../../arm-none-eabi/lib/thumb/v7e-m+fp/hard\libc_nano.a(libc_a-findfp.o) (_fwalk_sglue)
C:/msys64/mingw64/bin/../lib/gcc/arm-none-eabi/13.3.0/../../../../arm-none-eabi/lib/thumb/v7e-m+fp/hard\libc_nano.a(libc_a-printf.o)
                              build/main.o (printf)
C:/msys64/mingw64/bin/../lib/gcc/arm-none-eabi/13.3.0/../../../../arm-none-eabi/lib/thumb/v7e-m+fp/hard\libc_nano.a(libc_a-puts.o)
                              build/main.o (puts)
C:/msys64/mingw64/bin/../lib/gcc/arm-none-eabi/13.3.0/../../../../arm-none-eabi/lib/thumb/v7e-m+fp/hard\libc_nano.a(libc_a-stdio.o)
                              C:/msys64/mingw64/bin/../lib/gcc/arm-none-eabi/13.3.0/../../../../arm-none-eabi/lib/thumb/v7e-m+fp/hard\libc_nano.a(libc_a-findfp.o) (__sread)
C:/msys64/mingw64/bin/../lib/gcc/arm-none-eabi/13.3.0/../../../../arm-none-eabi/lib/thumb/v7e-m+fp/hard\libc_nano.a(libc_a-wbuf.o)
                              C:/msys64/mingw64/bin/../lib/gcc/arm-none-eabi/13.3.0/../../../../arm-none-eabi/lib/thumb/v7e-m+fp/hard\libc_nano.a(libc_a-puts.o) (__swbuf_r)
C:/msys64/mingw64/bin/../lib/gcc/arm-none-eabi/13.3.0/../../../../arm-none-eabi/lib/thumb/v7e-m+fp/hard\libc_nano.a(libc_a-wsetup.o)
                              C:/msys64/mingw64/bin/../lib/gcc/arm-none-eabi/13.3.0/../../../../arm-none-eabi/lib/thumb/v7e-m+fp/hard\libc_nano.a(libc_a-puts.o) (__swsetup_r)
C:/msys64/mingw64/bin/../lib/gcc/arm-none-eabi/13.3.0/../../../../arm-none-eabi/lib/thumb/v7e-m+fp/hard\libc_nano.a(libc_a-memset.o)
                              C:/msys64/mingw64/bin/../lib/gcc/arm-none-eabi/13.3.0/../../../../arm-none-eabi/lib/thumb/v7e-m+fp/hard/crt0.o (memset)
C:/msys64/mingw64/bin/../lib/gcc/arm-none-eabi/13.3.0/../../../../arm-none-eabi/lib/thumb/v7e-m+fp/hard\libc_nano.a(libc_a-closer.o)
                              C:/msys64/mingw64/bin/../lib/gcc/arm-none-eabi/13.3.0/../../../../arm-none-eabi/lib/thumb/v7e-m+fp/hard\libc_nano.a(libc_a-stdio.o) (_close_r)
C:/msys64/mingw64/bin/../lib/gcc/arm-none-eabi/13.3.0/../../../../arm-none-eabi/lib/thumb/v7e-m+fp/hard\libc_nano.a(libc_a-reent.o)
                              C:/msys64/mingw64/bin/../lib/gcc/arm-none-eabi/13.3.0/../../../../arm-none-eabi/lib/thumb/v7e-m+fp/hard\libc_nano.a(libc_a-closer.o) (errno)
C:/msys64/mingw64/bin/../lib/gcc/arm-none-eabi/13.3.0/../../../../arm-none-eabi/lib/thumb/v7e-m+fp/hard\libc_nano.a(libc_a-impure.o)
                              C:/msys64/mingw64/bin/../lib/gcc/arm-none-eabi/13.3.0/../../../../arm-none-eabi/lib/thumb/v7e-m+fp/hard\libc_nano.a(libc_a-printf.o) (_impure_ptr)
C:/msys64/mingw64/bin/../lib/gcc/arm-none-eabi/13.3.0/../../../../arm-none-eabi/lib/thumb/v7e-m+fp/hard\libc_nano.a(libc_a-lseekr.o)
                              C:/msys64/mingw64/bin/../lib/gcc/arm-none-eabi/13.3.0/../../../../arm-none-eabi/lib/thumb/v7e-m+fp/hard\libc_nano.a(libc_a-stdio.o) (_lseek_r)
C:/msys64/mingw64/bin/../lib/gcc/arm-none-eabi/13.3.0/../../../../arm-none-eabi/lib/thumb/v7e-m+fp/hard\libc_nano.a(libc_a-readr.o)
                              C:/msys64/mingw64/bin/../lib/gcc/arm-none-eabi/13.3.0/../../../../arm-none-eabi/lib/thumb/v7e-m+fp/hard\libc_nano.a(libc_a-stdio.o) (_read_r)
C:/msys64/mingw64/bin/../lib/gcc/arm-none-eabi/13.3.0/../../../../arm-none-eabi/lib/thumb/v7e-m+fp/hard\libc_nano.a(libc_a-writer.o)
                              C:/msys64/mingw64/bin/../lib/gcc/arm-none-eabi/13.3.0/../../../../arm-none-eabi/lib/thumb/v7e-m+fp/hard\libc_nano.a(libc_a-stdio.o) (_write_r)
C:/msys64/mingw64/bin/../lib/gcc/arm-none-eabi/13.3.0/../../../../arm-none-eabi/lib/thumb/v7e-m+fp/hard\libc_nano.a(libc_a-errno.o)
                              build/sysmem.o (__errno)
C:/msys64/mingw64/bin/../lib/gcc/arm-none-eabi/13.3.0/../../../../arm-none-eabi/lib/thumb/v7e-m+fp/hard\libc_nano.a(libc_a-init.o)
[...]
Memory Configuration

Name             Origin             Length             Attributes
RAM              0x20000000         0x00030000         xrw
CCMRAM           0x10000000         0x00010000         xrw
FLASH            0x08000000         0x00200000         xr
*default*        0x00000000         0xffffffff

Linker script and memory map

LOAD C:/msys64/mingw64/bin/../lib/gcc/arm-none-eabi/13.3.0/thumb/v7e-m+fp/hard/crti.o
LOAD C:/msys64/mingw64/bin/../lib/gcc/arm-none-eabi/13.3.0/thumb/v7e-m+fp/hard/crtbegin.o
LOAD C:/msys64/mingw64/bin/../lib/gcc/arm-none-eabi/13.3.0/../../../../arm-none-eabi/lib/thumb/v7e-m+fp/hard/crt0.o
LOAD build/main.o
LOAD build/gpio.o
LOAD build/can.o
LOAD build/stm32f4xx_it.o
LOAD build/stm32f4xx_hal_msp.o
LOAD build/stm32f4xx_hal_can.o
LOAD build/stm32f4xx_hal_rcc.o
LOAD build/stm32f4xx_hal_rcc_ex.o
LOAD build/stm32f4xx_hal_flash.o
LOAD build/stm32f4xx_hal_flash_ex.o
LOAD build/stm32f4xx_hal_flash_ramfunc.o
LOAD build/stm32f4xx_hal_gpio.o
LOAD build/stm32f4xx_hal_dma_ex.o
LOAD build/stm32f4xx_hal_dma.o
LOAD build/stm32f4xx_hal_pwr.o
LOAD build/stm32f4xx_hal_pwr_ex.o
LOAD build/stm32f4xx_hal_cortex.o
LOAD build/stm32f4xx_hal.o
LOAD build/stm32f4xx_hal_exti.o
LOAD build/system_stm32f4xx.o
LOAD build/sysmem.o
LOAD build/can_bsp.o
LOAD build/pid.o
LOAD build/motor_control.o
LOAD build/syscalls.o
LOAD build/startup_stm32f427xx.o
LOAD C:/msys64/mingw64/bin/../lib/gcc/arm-none-eabi/13.3.0/../../../../arm-none-eabi/lib/thumb/v7e-m+fp/hard\libc_nano.a
LOAD C:/msys64/mingw64/bin/../lib/gcc/arm-none-eabi/13.3.0/../../../../arm-none-eabi/lib/thumb/v7e-m+fp/hard\libm.a
LOAD C:/msys64/mingw64/bin/../lib/gcc/arm-none-eabi/13.3.0/../../../../arm-none-eabi/lib/thumb/v7e-m+fp/hard\libnosys.a
START GROUP
LOAD C:/msys64/mingw64/bin/../lib/gcc/arm-none-eabi/13.3.0/thumb/v7e-m+fp/hard\libgcc.a
LOAD C:/msys64/mingw64/bin/../lib/gcc/arm-none-eabi/13.3.0/../../../../arm-none-eabi/lib/thumb/v7e-m+fp/hard\libc_nano.a
END GROUP
START GROUP
LOAD C:/msys64/mingw64/bin/../lib/gcc/arm-none-eabi/13.3.0/thumb/v7e-m+fp/hard\libgcc.a
LOAD C:/msys64/mingw64/bin/../lib/gcc/arm-none-eabi/13.3.0/../../../../arm-none-eabi/lib/thumb/v7e-m+fp/hard\libc_nano.a
END GROUP
LOAD C:/msys64/mingw64/bin/../lib/gcc/arm-none-eabi/13.3.0/thumb/v7e-m+fp/hard/crtend.o
LOAD C:/msys64/mingw64/bin/../lib/gcc/arm-none-eabi/13.3.0/thumb/v7e-m+fp/hard/crtn.o
                0x20030000                        _estack = (ORIGIN (RAM) + LENGTH (RAM))
                0x00000200                        _Min_Heap_Size = 0x200
                0x00000400                        _Min_Stack_Size = 0x400

.isr_vector     0x08000000      0x1ac
                0x08000000                        . = ALIGN (0x4)
 *(.isr_vector)
 .isr_vector    0x08000000      0x1ac build/startup_stm32f427xx.o
                0x08000000                g_pfnVectors
                0x080001ac                        . = ALIGN (0x4)

.text           0x080001b0     0x521c
                0x080001b0                        . = ALIGN (0x4)
 *(.text)
 .text          0x080001b0      0x2dc C:/msys64/mingw64/bin/../lib/gcc/arm-none-eabi/13.3.0/../../../../arm-none-eabi/lib/thumb/v7e-m+fp/hard\libc_nano.a(libc_a-findfp.o)
                0x0800032c                __sfp
                0x080003ec                __sinit
                0x0800042c                __sfp_lock_acquire
                0x08000438                __sfp_lock_release
                0x08000444                __fp_lock_all
                0x08000468                __fp_unlock_all
 .text          0x0800048c       0x44 C:/msys64/mingw64/bin/../lib/gcc/arm-none-eabi/13.3.0/../../../../arm-none-eabi/lib/thumb/v7e-m+fp/hard\libc_nano.a(libc_a-fwalk.o)
                0x0800048c                _fwalk_sglue
 .text          0x080004d0       0x48 C:/msys64/mingw64/bin/../lib/gcc/arm-none-eabi/13.3.0/../../../../arm-none-eabi/lib/thumb/v7e-m+fp/hard\libc_nano.a(libc_a-printf.o)
                0x080004d0                _printf_r
                0x080004d0                _iprintf_r
                0x080004f0                iprintf
                0x080004f0                printf
 .text          0x08000518       0xd0 C:/msys64/mingw64/bin/../lib/gcc/arm-none-eabi/13.3.0/../../../../arm-none-eabi/lib/thumb/v7e-m+fp/hard\libc_nano.a(libc_a-puts.o)
                0x08000518                _puts_r
                0x080005d8                puts
 .text          0x080005e8       0x94 C:/msys64/mingw64/bin/../lib/gcc/arm-none-eabi/13.3.0/../../../../arm-none-eabi/lib/thumb/v7e-m+fp/hard\libc_nano.a(libc_a-stdio.o)
                0x080005e8                __sread
                0x0800060c                __seofread
                0x08000610                __swrite
                0x08000650                __sseek
                0x08000674                __sclose
 .text          0x0800067c       0xa0 C:/msys64/mingw64/bin/../lib/gcc/arm-none-eabi/13.3.0/../../../../arm-none-eabi/lib/thumb/v7e-m+fp/hard\libc_nano.a(libc_a-wbuf.o)
                0x0800067c                __swbuf_r
                0x08000704                __swbuf
 .text          0x0800071c       0xc4 C:/msys64/mingw64/bin/../lib/gcc/arm-none-eabi/13.3.0/../../../../arm-none-eabi/lib/thumb/v7e-m+fp/hard\libc_nano.a(libc_a-wsetup.o)
                0x0800071c                __swsetup_r
 .text          0x080007e0       0xa4 C:/msys64/mingw64/bin/../lib/gcc/arm-none-eabi/13.3.0/../../../../arm-none-eabi/lib/thumb/v7e-m+fp/hard\libc_nano.a(libc_a-memset.o)
                0x080007e0                memset
 .text          0x08000884       0x24 C:/msys64/mingw64/bin/../lib/gcc/arm-none-eabi/13.3.0/../../../../arm-none-eabi/lib/thumb/v7e-m+fp/hard\libc_nano.a(libc_a-closer.o)
                0x08000884                _close_r
 .text          0x080008a8       0x2c C:/msys64/mingw64/bin/../lib/gcc/arm-none-eabi/13.3.0/../../../../arm-none-eabi/lib/thumb/v7e-m+fp/hard\libc_nano.a(libc_a-lseekr.o)
                0x080008a8                _lseek_r
 .text          0x080008d4       0x2c C:/msys64/mingw64/bin/../lib/gcc/arm-none-eabi/13.3.0/../../../../arm-none-eabi/lib/thumb/v7e-m+fp/hard\libc_nano.a(libc_a-readr.o)
                0x080008d4                _read_r
 .text          0x08000900       0x2c C:/msys64/mingw64/bin/../lib/gcc/arm-none-eabi/13.3.0/../../../../arm-none-eabi/lib/thumb/v7e-m+fp/hard\libc_nano.a(libc_a-writer.o)
                0x08000900                _write_r
 .text          0x0800092c        0xc C:/msys64/mingw64/bin/../lib/gcc/arm-none-eabi/13.3.0/../../../../arm-none-eabi/lib/thumb/v7e-m+fp/hard\libc_nano.a(libc_a-errno.o)
                0x0800092c                __errno
 .text          0x08000938       0x50 C:/msys64/mingw64/bin/../lib/gcc/arm-none-eabi/13.3.0/../../../../arm-none-eabi/lib/thumb/v7e-m+fp/hard\libc_nano.a(libc_a-init.o)
                0x08000938                __libc_init_array
 .text          0x08000988       0x28 C:/msys64/mingw64/bin/../lib/gcc/arm-none-eabi/13.3.0/../../../../arm-none-eabi/lib/thumb/v7e-m+fp/hard\libc_nano.a(libc_a-lock.o)
                0x08000988                __retarget_lock_init
                0x0800098c                __retarget_lock_init_recursive
                0x08000990                __retarget_lock_close
                0x08000994                __retarget_lock_close_recursive
                0x08000998                __retarget_lock_acquire
                0x0800099c                __retarget_lock_acquire_recursive
                0x080009a0                __retarget_lock_try_acquire
                0x080009a4                __retarget_lock_try_acquire_recursive
                0x080009a8                __retarget_lock_release
                0x080009ac                __retarget_lock_release_recursive
 .text          0x080009b0       0xbc C:/msys64/mingw64/bin/../lib/gcc/arm-none-eabi/13.3.0/../../../../arm-none-eabi/lib/thumb/v7e-m+fp/hard\libc_nano.a(libc_a-freer.o)
                0x080009b0                _free_r
 .text          0x08000a6c      0x148 C:/msys64/mingw64/bin/../lib/gcc/arm-none-eabi/13.3.0/../../../../arm-none-eabi/lib/thumb/v7e-m+fp/hard\libc_nano.a(libc_a-mallocr.o)
                0x08000ab4                _malloc_r
 .text          0x08000bb4       0x18 C:/msys64/mingw64/bin/../lib/gcc/arm-none-eabi/13.3.0/../../../../arm-none-eabi/lib/thumb/v7e-m+fp/hard\libc_nano.a(libc_a-mlock.o)
                0x08000bb4                __malloc_lock
                0x08000bc0                __malloc_unlock
 .text          0x08000bcc      0x368 C:/msys64/mingw64/bin/../lib/gcc/arm-none-eabi/13.3.0/../../../../arm-none-eabi/lib/thumb/v7e-m+fp/hard\libc_nano.a(libc_a-nano-vfprintf.o)
                0x08000c08                __sfputs_r
                0x08000c38                __sprint_r
                0x08000c58                _vfiprintf_r
                0x08000c58                _vfprintf_r
                0x08000f18                vfprintf
                0x08000f18                vfiprintf
 .text          0x08000f34      0x3a8 C:/msys64/mingw64/bin/../lib/gcc/arm-none-eabi/13.3.0/../../../../arm-none-eabi/lib/thumb/v7e-m+fp/hard\libc_nano.a(libc_a-nano-vfprintf_i.o)
                0x08000f34                _printf_common
                0x08001058                _printf_i
 .text          0x080012dc      0x1a4 C:/msys64/mingw64/bin/../lib/gcc/arm-none-eabi/13.3.0/../../../../arm-none-eabi/lib/thumb/v7e-m+fp/hard\libc_nano.a(libc_a-fflush.o)
                0x080012dc                __sflush_r
                0x08001400                _fflush_r
                0x08001458                fflush
 .text          0x08001480      0x300 C:/msys64/mingw64/bin/../lib/gcc/arm-none-eabi/13.3.0/../../../../arm-none-eabi/lib/thumb/v7e-m+fp/hard\libc_nano.a(libc_a-fvwrite.o)
                0x08001480                __sfvwrite_r
 .text          0x08001780      0x114 C:/msys64/mingw64/bin/../lib/gcc/arm-none-eabi/13.3.0/../../../../arm-none-eabi/lib/thumb/v7e-m+fp/hard\libc_nano.a(libc_a-makebuf.o)
                0x08001780                __smakebuf_r
                0x08001844                __swhatbuf_r
 .text          0x08001894      0x100 C:/msys64/mingw64/bin/../lib/gcc/arm-none-eabi/13.3.0/../../../../arm-none-eabi/lib/thumb/v7e-m+fp/hard\libc_nano.a(libc_a-memmove.o)
                0x08001894                memmove
 .text          0x08001994       0x2c C:/msys64/mingw64/bin/../lib/gcc/arm-none-eabi/13.3.0/../../../../arm-none-eabi/lib/thumb/v7e-m+fp/hard\libc_nano.a(libc_a-fstatr.o)
                0x08001994                _fstat_r
 .text          0x080019c0       0x24 C:/msys64/mingw64/bin/../lib/gcc/arm-none-eabi/13.3.0/../../../../arm-none-eabi/lib/thumb/v7e-m+fp/hard\libc_nano.a(libc_a-isattyr.o)
                0x080019c0                _isatty_r
 .text          0x080019e4       0x24 C:/msys64/mingw64/bin/../lib/gcc/arm-none-eabi/13.3.0/../../../../arm-none-eabi/lib/thumb/v7e-m+fp/hard\libc_nano.a(libc_a-sbrkr.o)
                0x080019e4                _sbrk_r
 *fill*         0x08001a08        0x8 
 .text          0x08001a10       0xa0 C:/msys64/mingw64/bin/../lib/gcc/arm-none-eabi/13.3.0/../../../../arm-none-eabi/lib/thumb/v7e-m+fp/hard\libc_nano.a(libc_a-memchr.o)
                0x08001a10                memchr
 .text          0x08001ab0      0x134 C:/msys64/mingw64/bin/../lib/gcc/arm-none-eabi/13.3.0/../../../../arm-none-eabi/lib/thumb/v7e-m+fp/hard\libc_nano.a(libc_a-memcpy.o)
                0x08001ab0                memcpy
 .text          0x08001be4       0x64 C:/msys64/mingw64/bin/../lib/gcc/arm-none-eabi/13.3.0/../../../../arm-none-eabi/lib/thumb/v7e-m+fp/hard\libc_nano.a(libc_a-reallocr.o)
                0x08001be4                _realloc_r
 .text          0x08001c48       0x10 C:/msys64/mingw64/bin/../lib/gcc/arm-none-eabi/13.3.0/../../../../arm-none-eabi/lib/thumb/v7e-m+fp/hard\libc_nano.a(libc_a-msizer.o)
                0x08001c48                _malloc_usable_size_r
 .text          0x08001c58       0x70 C:/msys64/mingw64/bin/../lib/gcc/arm-none-eabi/13.3.0/../../../../arm-none-eabi/lib/thumb/v7e-m+fp/hard\libm.a(libm_a-sf_cos.o)
                0x08001c58                cosf
 .text          0x08001cc8       0x74 C:/msys64/mingw64/bin/../lib/gcc/arm-none-eabi/13.3.0/../../../../arm-none-eabi/lib/thumb/v7e-m+fp/hard\libm.a(libm_a-sf_sin.o)
                0x08001cc8                sinf
 .text          0x08001d3c      0x104 C:/msys64/mingw64/bin/../lib/gcc/arm-none-eabi/13.3.0/../../../../arm-none-eabi/lib/thumb/v7e-m+fp/hard\libm.a(libm_a-kf_cos.o)
                0x08001d3c                __kernel_cosf
 .text          0x08001e40       0x90 C:/msys64/mingw64/bin/../lib/gcc/arm-none-eabi/13.3.0/../../../../arm-none-eabi/lib/thumb/v7e-m+fp/hard\libm.a(libm_a-kf_sin.o)
                0x08001e40                __kernel_sinf
 .text          0x08001ed0      0x260 C:/msys64/mingw64/bin/../lib/gcc/arm-none-eabi/13.3.0/../../../../arm-none-eabi/lib/thumb/v7e-m+fp/hard\libm.a(libm_a-ef_rem_pio2.o)
                0x08001ed0                __ieee754_rem_pio2f
 .text          0x08002130       0x10 C:/msys64/mingw64/bin/../lib/gcc/arm-none-eabi/13.3.0/../../../../arm-none-eabi/lib/thumb/v7e-m+fp/hard\libm.a(libm_a-sf_fabs.o)
                0x08002130                fabsf
 .text          0x08002140      0x63c C:/msys64/mingw64/bin/../lib/gcc/arm-none-eabi/13.3.0/../../../../arm-none-eabi/lib/thumb/v7e-m+fp/hard\libm.a(libm_a-kf_rem_pio2.o)
                0x08002140                __kernel_rem_pio2f
 .text          0x0800277c       0xe4 C:/msys64/mingw64/bin/../lib/gcc/arm-none-eabi/13.3.0/../../../../arm-none-eabi/lib/thumb/v7e-m+fp/hard\libm.a(libm_a-sf_scalbn.o)
                0x0800277c                scalbnf
 .text          0x08002860       0x94 C:/msys64/mingw64/bin/../lib/gcc/arm-none-eabi/13.3.0/../../../../arm-none-eabi/lib/thumb/v7e-m+fp/hard\libm.a(libm_a-sf_floor.o)
                0x08002860                floorf
 .text          0x080028f4      0x378 C:/msys64/mingw64/bin/../lib/gcc/arm-none-eabi/13.3.0/thumb/v7e-m+fp/hard\libgcc.a(_arm_addsubdf3.o)
                0x080028f4                __aeabi_drsub
                0x080028fc                __aeabi_dsub
                0x080028fc                __subdf3
                0x08002900                __aeabi_dadd
                0x08002900                __adddf3
                0x08002b78                __floatunsidf
                0x08002b78                __aeabi_ui2d
                0x08002b98                __floatsidf
                0x08002b98                __aeabi_i2d
                0x08002bbc                __aeabi_f2d
                0x08002bbc                __extendsfdf2
                0x08002c00                __floatundidf
                0x08002c00                __aeabi_ul2d
                0x08002c10                __floatdidf
                0x08002c10                __aeabi_l2d
 .text          0x08002c6c       0x30 C:/msys64/mingw64/bin/../lib/gcc/arm-none-eabi/13.3.0/thumb/v7e-m+fp/hard\libgcc.a(_aeabi_uldivmod.o)
                0x08002c6c                __aeabi_uldivmod
 .text          0x08002c9c        0x4 C:/msys64/mingw64/bin/../lib/gcc/arm-none-eabi/13.3.0/thumb/v7e-m+fp/hard\libgcc.a(_dvmd_tls.o)
                0x08002c9c                __aeabi_idiv0
                0x08002c9c                __aeabi_ldiv0
 *(.text*)
 .text.__do_global_dtors_aux
                0x08002ca0       0x24 C:/msys64/mingw64/bin/../lib/gcc/arm-none-eabi/13.3.0/thumb/v7e-m+fp/hard/crtbegin.o
 .text.frame_dummy
                0x08002cc4       0x1c C:/msys64/mingw64/bin/../lib/gcc/arm-none-eabi/13.3.0/thumb/v7e-m+fp/hard/crtbegin.o
 .text.Return_Lower_Motor_To_Initial_Position
                0x08002ce0       0x50 build/main.o
                0x08002ce0                Return_Lower_Motor_To_Initial_Position
 .text.Reset_Upper_Motor_Position
                0x08002d30      0x118 build/main.o
                0x08002d30                Reset_Upper_Motor_Position
 .text.Configure_Motors_For_Mode
                0x08002e48       0x84 build/main.o
                0x08002e48                Configure_Motors_For_Mode
 .text.Process_Mode_Transition
                0x08002ecc       0x40 build/main.o
                0x08002ecc                Process_Mode_Transition
 .text.Brake_Upper_Motor
                0x08002f0c       0x40 build/main.o
                0x08002f0c                Brake_Upper_Motor
 .text.Prepare_Mode_Transition
                0x08002f4c       0x74 build/main.o
                0x08002f4c                Prepare_Mode_Transition
 .text.Check_Key_Inputs
                0x08002fc0       0x70 build/main.o
                0x08002fc0                Check_Key_Inputs
 .text.Update_Lower_Motor_Control
                0x08003030      0x2e0 build/main.o
                0x08003030                Update_Lower_Motor_Control
 .text.Error_Handler
                0x08003310        0x4 build/main.o
                0x08003310                Error_Handler
 .text.SystemClock_Config
                0x08003314       0xa8 build/main.o
                0x08003314                SystemClock_Config
 .text.main     0x080033bc       0xc8 build/main.o
                0x080033bc                main
 .text.MX_GPIO_Init
                0x08003484       0x90 build/gpio.o
                0x08003484                MX_GPIO_Init
 .text.MX_CAN1_Init
                0x08003514       0x44 build/can.o
                0x08003514                MX_CAN1_Init
 .text.HAL_CAN_MspInit
                0x08003558       0x7c build/can.o
                0x08003558                HAL_CAN_MspInit
 .text.NMI_Handler
                0x080035d4        0x2 build/stm32f4xx_it.o
                0x080035d4                NMI_Handler
 .text.HardFault_Handler
                0x080035d6        0x2 build/stm32f4xx_it.o
                0x080035d6                HardFault_Handler
 .text.MemManage_Handler
                0x080035d8        0x2 build/stm32f4xx_it.o
                0x080035d8                MemManage_Handler
 .text.BusFault_Handler
                0x080035da        0x2 build/stm32f4xx_it.o
                0x080035da                BusFault_Handler
 .text.UsageFault_Handler
                0x080035dc        0x2 build/stm32f4xx_it.o
                0x080035dc                UsageFault_Handler
 .text.SVC_Handler
                0x080035de        0x2 build/stm32f4xx_it.o
                0x080035de                SVC_Handler
 .text.DebugMon_Handler
                0x080035e0        0x2 build/stm32f4xx_it.o
                0x080035e0                DebugMon_Handler
 .text.PendSV_Handler
                0x080035e2        0x2 build/stm32f4xx_it.o
                0x080035e2                PendSV_Handler
 .text.SysTick_Handler
                0x080035e4        0x8 build/stm32f4xx_it.o
                0x080035e4                SysTick_Handler
 .text.CAN1_RX0_IRQHandler
                0x080035ec       0x10 build/stm32f4xx_it.o
                0x080035ec                CAN1_RX0_IRQHandler
 .text.HAL_MspInit
                0x080035fc       0x38 build/stm32f4xx_hal_msp.o
                0x080035fc                HAL_MspInit
 .text.HAL_CAN_Init
                0x08003634      0x14c build/stm32f4xx_hal_can.o
                0x08003634                HAL_CAN_Init
 .text.HAL_CAN_ConfigFilter
                0x08003780      0x138 build/stm32f4xx_hal_can.o
                0x08003780                HAL_CAN_ConfigFilter
 .text.HAL_CAN_Start
                0x080038b8       0x5c build/stm32f4xx_hal_can.o
                0x080038b8                HAL_CAN_Start
 .text.HAL_CAN_AddTxMessage
                0x08003914       0xea build/stm32f4xx_hal_can.o
                0x08003914                HAL_CAN_AddTxMessage
 .text.HAL_CAN_GetRxMessage
                0x080039fe      0x16a build/stm32f4xx_hal_can.o
                0x080039fe                HAL_CAN_GetRxMessage
 .text.HAL_CAN_ActivateNotification
                0x08003b68       0x24 build/stm32f4xx_hal_can.o
                0x08003b68                HAL_CAN_ActivateNotification
 .text.HAL_CAN_TxMailbox0CompleteCallback
                0x08003b8c        0x2 build/stm32f4xx_hal_can.o
                0x08003b8c                HAL_CAN_TxMailbox0CompleteCallback
 .text.HAL_CAN_TxMailbox1CompleteCallback
                0x08003b8e        0x2 build/stm32f4xx_hal_can.o
                0x08003b8e                HAL_CAN_TxMailbox1CompleteCallback
 .text.HAL_CAN_TxMailbox2CompleteCallback
                0x08003b90        0x2 build/stm32f4xx_hal_can.o
                0x08003b90                HAL_CAN_TxMailbox2CompleteCallback
 .text.HAL_CAN_TxMailbox0AbortCallback
                0x08003b92        0x2 build/stm32f4xx_hal_can.o
                0x08003b92                HAL_CAN_TxMailbox0AbortCallback
 .text.HAL_CAN_TxMailbox1AbortCallback
                0x08003b94        0x2 build/stm32f4xx_hal_can.o
                0x08003b94                HAL_CAN_TxMailbox1AbortCallback
 .text.HAL_CAN_TxMailbox2AbortCallback
                0x08003b96        0x2 build/stm32f4xx_hal_can.o
                0x08003b96                HAL_CAN_TxMailbox2AbortCallback
 .text.HAL_CAN_RxFifo0FullCallback
                0x08003b98        0x2 build/stm32f4xx_hal_can.o
                0x08003b98                HAL_CAN_RxFifo0FullCallback
 .text.HAL_CAN_RxFifo1MsgPendingCallback
                0x08003b9a        0x2 build/stm32f4xx_hal_can.o
                0x08003b9a                HAL_CAN_RxFifo1MsgPendingCallback
 .text.HAL_CAN_RxFifo1FullCallback
                0x08003b9c        0x2 build/stm32f4xx_hal_can.o
                0x08003b9c                HAL_CAN_RxFifo1FullCallback
 .text.HAL_CAN_SleepCallback
                0x08003b9e        0x2 build/stm32f4xx_hal_can.o
                0x08003b9e                HAL_CAN_SleepCallback
 .text.HAL_CAN_WakeUpFromRxMsgCallback
                0x08003ba0        0x2 build/stm32f4xx_hal_can.o
                0x08003ba0                HAL_CAN_WakeUpFromRxMsgCallback
 .text.HAL_CAN_ErrorCallback
                0x08003ba2        0x2 build/stm32f4xx_hal_can.o
                0x08003ba2                HAL_CAN_ErrorCallback
 .text.HAL_CAN_IRQHandler
                0x08003ba4      0x250 build/stm32f4xx_hal_can.o
                0x08003ba4                HAL_CAN_IRQHandler
 .text.HAL_RCC_OscConfig
                0x08003df4      0x3f8 build/stm32f4xx_hal_rcc.o
                0x08003df4                HAL_RCC_OscConfig
 .text.HAL_RCC_GetSysClockFreq
                0x080041ec       0xa8 build/stm32f4xx_hal_rcc.o
                0x080041ec                HAL_RCC_GetSysClockFreq
 .text.HAL_RCC_ClockConfig
                0x08004294      0x160 build/stm32f4xx_hal_rcc.o
                0x08004294                HAL_RCC_ClockConfig
 .text.HAL_GPIO_Init
                0x080043f4      0x208 build/stm32f4xx_hal_gpio.o
                0x080043f4                HAL_GPIO_Init
 .text.HAL_GPIO_ReadPin
                0x080045fc        0xe build/stm32f4xx_hal_gpio.o
                0x080045fc                HAL_GPIO_ReadPin
 *fill*         0x0800460a        0x2 
 .text.__NVIC_EnableIRQ
                0x0800460c       0x1c build/stm32f4xx_hal_cortex.o
 .text.__NVIC_SetPriority
                0x08004628       0x28 build/stm32f4xx_hal_cortex.o
 .text.NVIC_EncodePriority
                0x08004650       0x3e build/stm32f4xx_hal_cortex.o
 *fill*         0x0800468e        0x2 
 .text.HAL_NVIC_SetPriorityGrouping
                0x08004690       0x24 build/stm32f4xx_hal_cortex.o
                0x08004690                HAL_NVIC_SetPriorityGrouping
 .text.HAL_NVIC_SetPriority
                0x080046b4       0x20 build/stm32f4xx_hal_cortex.o
                0x080046b4                HAL_NVIC_SetPriority
 .text.HAL_NVIC_EnableIRQ
                0x080046d4        0x8 build/stm32f4xx_hal_cortex.o
                0x080046d4                HAL_NVIC_EnableIRQ
 .text.HAL_SYSTICK_Config
                0x080046dc       0x28 build/stm32f4xx_hal_cortex.o
                0x080046dc                HAL_SYSTICK_Config
 .text.HAL_InitTick
                0x08004704       0x4c build/stm32f4xx_hal.o
                0x08004704                HAL_InitTick
 .text.HAL_Init
                0x08004750       0x34 build/stm32f4xx_hal.o
                0x08004750                HAL_Init
 .text.HAL_IncTick
                0x08004784       0x18 build/stm32f4xx_hal.o
                0x08004784                HAL_IncTick
 .text.HAL_GetTick
                0x0800479c        0xc build/stm32f4xx_hal.o
                0x0800479c                HAL_GetTick
 .text.HAL_Delay
                0x080047a8       0x28 build/stm32f4xx_hal.o
                0x080047a8                HAL_Delay
 .text.SystemInit
                0x080047d0       0x14 build/system_stm32f4xx.o
                0x080047d0                SystemInit
 .text._sbrk    0x080047e4       0x48 build/sysmem.o
                0x080047e4                _sbrk
 .text.BSP_CAN_Init
                0x0800482c       0x3c build/can_bsp.o
                0x0800482c                BSP_CAN_Init
 .text.HAL_CAN_RxFifo0MsgPendingCallback
                0x08004868       0x40 build/can_bsp.o
                0x08004868                HAL_CAN_RxFifo0MsgPendingCallback
 .text.BSP_CAN_Send_Current_Cmd
                0x080048a8       0x70 build/can_bsp.o
                0x080048a8                BSP_CAN_Send_Current_Cmd
 .text.PID_Clear
                0x08004918       0x14 build/pid.o
                0x08004918                PID_Clear
 .text.PID_Init
                0x0800492c       0x30 build/pid.o
                0x0800492c                PID_Init
 .text.PID_Calc
                0x0800495c      0x158 build/pid.o
                0x0800495c                PID_Calc
 .text.Motor_Process_Angle
                0x08004ab4       0x58 build/motor_control.o
 .text.limit_current
                0x08004b0c       0x40 build/motor_control.o
 .text.Motor_Check_Stall
                0x08004b4c       0x78 build/motor_control.o
 .text.Calculate_Static_Friction_Compensation
                0x08004bc4       0x4c build/motor_control.o
 .text.Motor_Calc_Gravity_FF
                0x08004c10       0x94 build/motor_control.o
 .text.Motor_Init_All
                0x08004ca4      0x154 build/motor_control.o
                0x08004ca4                Motor_Init_All
 .text.Motor_Update_Feedback
                0x08004df8       0x58 build/motor_control.o
                0x08004df8                Motor_Update_Feedback
 .text.Motor_Set_Target
                0x08004e50       0x58 build/motor_control.o
                0x08004e50                Motor_Set_Target
 .text.Motor_Control_Loop
                0x08004ea8      0x1c4 build/motor_control.o
                0x08004ea8                Motor_Control_Loop
 .text._read    0x0800506c       0x20 build/syscalls.o
                0x0800506c                _read
 .text._write   0x0800508c       0x1c build/syscalls.o
                0x0800508c                _write
 .text._close   0x080050a8        0x6 build/syscalls.o
                0x080050a8                _close
 .text._fstat   0x080050ae        0xa build/syscalls.o
                0x080050ae                _fstat
 .text._isatty  0x080050b8        0x4 build/syscalls.o
                0x080050b8                _isatty
 .text._lseek   0x080050bc        0x4 build/syscalls.o
                0x080050bc                _lseek
 .text.Reset_Handler
                0x080050c0       0x50 build/startup_stm32f427xx.o
                0x080050c0                Reset_Handler
 .text.Default_Handler
                0x08005110        0x2 build/startup_stm32f427xx.o
                0x08005110                RTC_Alarm_IRQHandler
                0x08005110                HASH_RNG_IRQHandler
                0x08005110                EXTI2_IRQHandler
                0x08005110                TIM8_CC_IRQHandler
                0x08005110                UART8_IRQHandler
                0x08005110                SPI4_IRQHandler
                0x08005110                TIM1_CC_IRQHandler
                0x08005110                DMA2_Stream5_IRQHandler
                0x08005110                DMA1_Stream5_IRQHandler
                0x08005110                PVD_IRQHandler
                0x08005110                SDIO_IRQHandler
                0x08005110                TAMP_STAMP_IRQHandler
                0x08005110                CAN2_RX1_IRQHandler
                0x08005110                EXTI3_IRQHandler
                0x08005110                TIM8_TRG_COM_TIM14_IRQHandler
                0x08005110                TIM1_UP_TIM10_IRQHandler
                0x08005110                TIM8_UP_TIM13_IRQHandler
                0x08005110                I2C3_ER_IRQHandler
                0x08005110                EXTI0_IRQHandler
                0x08005110                I2C2_EV_IRQHandler
                0x08005110                DMA1_Stream2_IRQHandler
                0x08005110                FPU_IRQHandler
                0x08005110                OTG_HS_WKUP_IRQHandler
                0x08005110                CAN2_SCE_IRQHandler
                0x08005110                DMA2_Stream2_IRQHandler
                0x08005110                SPI1_IRQHandler
                0x08005110                TIM6_DAC_IRQHandler
                0x08005110                TIM1_BRK_TIM9_IRQHandler
                0x08005110                DCMI_IRQHandler
                0x08005110                CAN2_RX0_IRQHandler
                0x08005110                DMA2_Stream3_IRQHandler
                0x08005110                USART6_IRQHandler
                0x08005110                USART3_IRQHandler
                0x08005110                CAN1_RX1_IRQHandler
                0x08005110                UART5_IRQHandler
                0x08005110                DMA2_Stream0_IRQHandler
                0x08005110                TIM4_IRQHandler
                0x08005110                I2C1_EV_IRQHandler
                0x08005110                DMA1_Stream6_IRQHandler
                0x08005110                DMA1_Stream1_IRQHandler
                0x08005110                UART4_IRQHandler
                0x08005110                TIM3_IRQHandler
                0x08005110                RCC_IRQHandler
                0x08005110                TIM8_BRK_TIM12_IRQHandler
                0x08005110                Default_Handler
                0x08005110                EXTI15_10_IRQHandler
                0x08005110                ADC_IRQHandler
                0x08005110                DMA1_Stream7_IRQHandler
                0x08005110                SPI5_IRQHandler
                0x08005110                TIM7_IRQHandler
                0x08005110                CAN2_TX_IRQHandler
                0x08005110                TIM5_IRQHandler
                0x08005110                DMA2_Stream7_IRQHandler
                0x08005110                I2C3_EV_IRQHandler
                0x08005110                EXTI9_5_IRQHandler
                0x08005110                RTC_WKUP_IRQHandler
                0x08005110                ETH_WKUP_IRQHandler
                0x08005110                SPI2_IRQHandler
                0x08005110                OTG_HS_EP1_IN_IRQHandler
                0x08005110                DMA1_Stream0_IRQHandler
                0x08005110                CAN1_TX_IRQHandler
                0x08005110                EXTI4_IRQHandler
                0x08005110                ETH_IRQHandler
                0x08005110                OTG_HS_EP1_OUT_IRQHandler
                0x08005110                WWDG_IRQHandler
                0x08005110                SPI6_IRQHandler
                0x08005110                TIM2_IRQHandler
                0x08005110                OTG_FS_WKUP_IRQHandler
                0x08005110                TIM1_TRG_COM_TIM11_IRQHandler
                0x08005110                OTG_HS_IRQHandler
                0x08005110                DMA2D_IRQHandler
                0x08005110                EXTI1_IRQHandler
                0x08005110                UART7_IRQHandler
                0x08005110                USART2_IRQHandler
                0x08005110                I2C2_ER_IRQHandler
                0x08005110                DMA2_Stream1_IRQHandler
                0x08005110                CAN1_SCE_IRQHandler
                0x08005110                FLASH_IRQHandler
                0x08005110                DMA2_Stream4_IRQHandler
                0x08005110                USART1_IRQHandler
                0x08005110                OTG_FS_IRQHandler
                0x08005110                SPI3_IRQHandler
                0x08005110                DMA1_Stream4_IRQHandler
                0x08005110                I2C1_ER_IRQHandler
                0x08005110                FMC_IRQHandler
                0x08005110                DMA2_Stream6_IRQHandler
                0x08005110                SAI1_IRQHandler
                0x08005110                DMA1_Stream3_IRQHandler
 .text.__udivmoddi4
                0x08005112      0x2a0 C:/msys64/mingw64/bin/../lib/gcc/arm-none-eabi/13.3.0/thumb/v7e-m+fp/hard\libgcc.a(_udivmoddi4.o)
                0x08005112                __udivmoddi4
 *(.glue_7)
 .glue_7        0x080053b2        0x0 linker stubs
 *(.glue_7t)
 .glue_7t       0x080053b2        0x0 linker stubs
 *(.eh_frame)
 *fill*         0x080053b2        0x2 
 .eh_frame      0x080053b4        0x0 C:/msys64/mingw64/bin/../lib/gcc/arm-none-eabi/13.3.0/thumb/v7e-m+fp/hard/crtbegin.o
 *(.init)
 .init          0x080053b4        0x4 C:/msys64/mingw64/bin/../lib/gcc/arm-none-eabi/13.3.0/thumb/v7e-m+fp/hard/crti.o
                0x080053b4                _init
 .init          0x080053b8        0x8 C:/msys64/mingw64/bin/../lib/gcc/arm-none-eabi/13.3.0/thumb/v7e-m+fp/hard/crtn.o
 *(.fini)
 .fini          0x080053c0        0x4 C:/msys64/mingw64/bin/../lib/gcc/arm-none-eabi/13.3.0/thumb/v7e-m+fp/hard/crti.o
                0x080053c0                _fini
 .fini          0x080053c4        0x8 C:/msys64/mingw64/bin/../lib/gcc/arm-none-eabi/13.3.0/thumb/v7e-m+fp/hard/crtn.o
                0x080053cc                        . = ALIGN (0x4)
                0x080053cc                        _etext = .

.vfp11_veneer   0x080053cc        0x0
 .vfp11_veneer  0x080053cc        0x0 linker stubs

.v4_bx          0x080053cc        0x0
 .v4_bx         0x080053cc        0x0 linker stubs

.iplt           0x080053cc        0x0
 .iplt          0x080053cc        0x0 C:/msys64/mingw64/bin/../lib/gcc/arm-none-eabi/13.3.0/thumb/v7e-m+fp/hard/crtbegin.o

.rodata         0x080053cc      0x6a8
                0x080053cc                        . = ALIGN (0x4)
 *(.rodata)
 .rodata        0x080053cc      0x398 C:/msys64/mingw64/bin/../lib/gcc/arm-none-eabi/13.3.0/../../../../arm-none-eabi/lib/thumb/v7e-m+fp/hard\libm.a(libm_a-ef_rem_pio2.o)
 .rodata        0x08005764       0x38 C:/msys64/mingw64/bin/../lib/gcc/arm-none-eabi/13.3.0/../../../../arm-none-eabi/lib/thumb/v7e-m+fp/hard\libm.a(libm_a-kf_rem_pio2.o)
 *(.rodata*)
 .rodata.Return_Lower_Motor_To_Initial_Position.str1.4
                0x0800579c      0x2c5 build/main.o
                                 0x33 (size before relaxing)
 .rodata.Reset_Upper_Motor_Position.str1.4
                0x08005a61        0x0 build/main.o
                                 0x6d (size before relaxing)
 .rodata.Process_Mode_Transition.str1.4
                0x08005a61        0x0 build/main.o
                                 0x26 (size before relaxing)
 .rodata.Brake_Upper_Motor.str1.4
                0x08005a61        0x0 build/main.o
                                 0x27 (size before relaxing)
 .rodata.Check_Key_Inputs.str1.4
                0x08005a61        0x0 build/main.o
                                 0x24 (size before relaxing)
 .rodata.Update_Lower_Motor_Control.str1.4
                0x08005a61        0x0 build/main.o
                                0x150 (size before relaxing)
 .rodata.main.str1.4
                0x08005a61        0x0 build/main.o
                                 0x23 (size before relaxing)
 *fill*         0x08005a61        0x3 
 .rodata.AHBPrescTable
                0x08005a64       0x10 build/system_stm32f4xx.o
                0x08005a64                AHBPrescTable
 .rodata.str1.4
                0x08005a74        0x0 C:/msys64/mingw64/bin/../lib/gcc/arm-none-eabi/13.3.0/../../../../arm-none-eabi/lib/thumb/v7e-m+fp/hard\libc_nano.a(libc_a-nano-vfprintf.o)
                                 0x13 (size before relaxing)
 .rodata.str1.4
                0x08005a74        0x0 C:/msys64/mingw64/bin/../lib/gcc/arm-none-eabi/13.3.0/../../../../arm-none-eabi/lib/thumb/v7e-m+fp/hard\libc_nano.a(libc_a-nano-vfprintf_i.o)
                                 0x25 (size before relaxing)
                0x08005a74                        . = ALIGN (0x4)

.ARM.extab      0x08005a74        0x0
                0x08005a74                        . = ALIGN (0x4)
 *(.ARM.extab* .gnu.linkonce.armextab.*)
                0x08005a74                        . = ALIGN (0x4)

.ARM            0x08005a74        0x8
                0x08005a74                        . = ALIGN (0x4)
                0x08005a74                        __exidx_start = .
 *(.ARM.exidx*)
 .ARM.exidx     0x08005a74        0x8 C:/msys64/mingw64/bin/../lib/gcc/arm-none-eabi/13.3.0/../../../../arm-none-eabi/lib/thumb/v7e-m+fp/hard\libc_nano.a(libc_a-memchr.o)
 .ARM.exidx     0x08005a7c        0x0 C:/msys64/mingw64/bin/../lib/gcc/arm-none-eabi/13.3.0/../../../../arm-none-eabi/lib/thumb/v7e-m+fp/hard\libc_nano.a(libc_a-memcpy.o)
                                  0x8 (size before relaxing)
 .ARM.exidx.text.__udivmoddi4
                0x08005a7c        0x0 C:/msys64/mingw64/bin/../lib/gcc/arm-none-eabi/13.3.0/thumb/v7e-m+fp/hard\libgcc.a(_udivmoddi4.o)
                                  0x8 (size before relaxing)
                0x08005a7c                        __exidx_end = .
                0x08005a7c                        . = ALIGN (0x4)

.preinit_array  0x08005a7c        0x0
                0x08005a7c                        . = ALIGN (0x4)
                0x08005a7c                        PROVIDE (__preinit_array_start = .)
 *(.preinit_array*)
                0x08005a7c                        PROVIDE (__preinit_array_end = .)
                0x08005a7c                        . = ALIGN (0x4)

.init_array     0x08005a7c        0x4
                0x08005a7c                        . = ALIGN (0x4)
                0x08005a7c                        PROVIDE (__init_array_start = .)
 *(SORT_BY_NAME(.init_array.*))
 *(.init_array*)
 .init_array    0x08005a7c        0x4 C:/msys64/mingw64/bin/../lib/gcc/arm-none-eabi/13.3.0/thumb/v7e-m+fp/hard/crtbegin.o
                0x08005a80                        PROVIDE (__init_array_end = .)
                0x08005a80                        . = ALIGN (0x4)

.fini_array     0x08005a80        0x4
                0x08005a80                        . = ALIGN (0x4)
                0x08005a80                        PROVIDE (__fini_array_start = .)
 *(SORT_BY_NAME(.fini_array.*))
 *(.fini_array*)
 .fini_array    0x08005a80        0x4 C:/msys64/mingw64/bin/../lib/gcc/arm-none-eabi/13.3.0/thumb/v7e-m+fp/hard/crtbegin.o
                0x08005a84                        PROVIDE (__fini_array_end = .)
                0x08005a84                        . = ALIGN (0x4)
                0x08005a84                        _sidata = LOADADDR (.data)

.rel.dyn        0x08005a84        0x0
 .rel.iplt      0x08005a84        0x0 C:/msys64/mingw64/bin/../lib/gcc/arm-none-eabi/13.3.0/thumb/v7e-m+fp/hard/crtbegin.o

.data           0x20000000       0x68 load address 0x08005a84
                0x20000000                        . = ALIGN (0x4)
                0x20000000                        _sdata = .
 *(.data)
 .data          0x20000000        0xc C:/msys64/mingw64/bin/../lib/gcc/arm-none-eabi/13.3.0/../../../../arm-none-eabi/lib/thumb/v7e-m+fp/hard\libc_nano.a(libc_a-findfp.o)
                0x20000000                __sglue
 .data          0x2000000c       0x50 C:/msys64/mingw64/bin/../lib/gcc/arm-none-eabi/13.3.0/../../../../arm-none-eabi/lib/thumb/v7e-m+fp/hard\libc_nano.a(libc_a-impure.o)
                0x2000000c                _impure_ptr
                0x20000010                _impure_data
 *(.data*)
 .data.uwTickFreq
                0x2000005c        0x1 build/stm32f4xx_hal.o
                0x2000005c                uwTickFreq
 *fill*         0x2000005d        0x3 
 .data.uwTickPrio
                0x20000060        0x4 build/stm32f4xx_hal.o
                0x20000060                uwTickPrio
 .data.SystemCoreClock
                0x20000064        0x4 build/system_stm32f4xx.o
                0x20000064                SystemCoreClock
 *(.RamFunc)
 *(.RamFunc*)
                0x20000068                        . = ALIGN (0x4)
                0x20000068                        _edata = .
                0x08005aec                        _siccmram = LOADADDR (.ccmram)

.igot.plt       0x20000068        0x0 load address 0x08005aec
 .igot.plt      0x20000068        0x0 C:/msys64/mingw64/bin/../lib/gcc/arm-none-eabi/13.3.0/thumb/v7e-m+fp/hard/crtbegin.o

.ccmram         0x10000000        0x0 load address 0x08005aec
                0x10000000                        . = ALIGN (0x4)
                0x10000000                        _sccmram = .
 *(.ccmram)
 *(.ccmram*)
                0x10000000                        . = ALIGN (0x4)
                0x10000000                        _eccmram = .
                0x10000000                        . = ALIGN (0x4)

.bss            0x20000068      0x5d4
                0x20000068                        _sbss = .
                0x20000068                        __bss_start__ = _sbss
 *(.bss)
 .bss           0x20000068      0x13c C:/msys64/mingw64/bin/../lib/gcc/arm-none-eabi/13.3.0/../../../../arm-none-eabi/lib/thumb/v7e-m+fp/hard\libc_nano.a(libc_a-findfp.o)
                0x20000068                __sf
                0x200001a0                __stdio_exit_handler
 .bss           0x200001a4        0x4 C:/msys64/mingw64/bin/../lib/gcc/arm-none-eabi/13.3.0/../../../../arm-none-eabi/lib/thumb/v7e-m+fp/hard\libc_nano.a(libc_a-reent.o)
                0x200001a4                errno
 .bss           0x200001a8       0x1d C:/msys64/mingw64/bin/../lib/gcc/arm-none-eabi/13.3.0/../../../../arm-none-eabi/lib/thumb/v7e-m+fp/hard\libc_nano.a(libc_a-lock.o)
                0x200001a8                __lock___arc4random_mutex
                0x200001ac                __lock___dd_hash_mutex
                0x200001b0                __lock___tz_mutex
                0x200001b4                __lock___env_recursive_mutex
                0x200001b8                __lock___malloc_recursive_mutex
                0x200001bc                __lock___at_quick_exit_mutex
                0x200001c0                __lock___atexit_recursive_mutex
                0x200001c4                __lock___sfp_recursive_mutex
 *fill*         0x200001c5        0x3 
 .bss           0x200001c8        0x8 C:/msys64/mingw64/bin/../lib/gcc/arm-none-eabi/13.3.0/../../../../arm-none-eabi/lib/thumb/v7e-m+fp/hard\libc_nano.a(libc_a-mallocr.o)
                0x200001c8                __malloc_sbrk_start
                0x200001cc                __malloc_free_list
 *(.bss*)
 .bss.completed.1
                0x200001d0        0x1 C:/msys64/mingw64/bin/../lib/gcc/arm-none-eabi/13.3.0/thumb/v7e-m+fp/hard/crtbegin.o
 *fill*         0x200001d1        0x3 
 .bss.object.0  0x200001d4       0x18 C:/msys64/mingw64/bin/../lib/gcc/arm-none-eabi/13.3.0/thumb/v7e-m+fp/hard/crtbegin.o
 .bss.last_update.0
                0x200001ec        0x4 build/main.o
 .bss.last_debug.1
                0x200001f0        0x4 build/main.o
 .bss.last_debug.2
                0x200001f4        0x4 build/main.o
 .bss.upper_motor_needs_reset
                0x200001f8        0x1 build/main.o
                0x200001f8                upper_motor_needs_reset
 *fill*         0x200001f9        0x3 
 .bss.upper_motor_target_angle
                0x200001fc        0x4 build/main.o
                0x200001fc                upper_motor_target_angle
 .bss.transition_start_time
                0x20000200        0x4 build/main.o
                0x20000200                transition_start_time
 .bss.accumulated_angle
                0x20000204        0x4 build/main.o
                0x20000204                accumulated_angle
 .bss.lower_state
                0x20000208        0x1 build/main.o
                0x20000208                lower_state
 *fill*         0x20000209        0x3 
 .bss.lower_motor_target_angle
                0x2000020c        0x4 build/main.o
                0x2000020c                lower_motor_target_angle
 .bss.lower_motor_initial_angle
                0x20000210        0x4 build/main.o
                0x20000210                lower_motor_initial_angle
 .bss.lower_motor_state
                0x20000214        0x1 build/main.o
                0x20000214                lower_motor_state
 *fill*         0x20000215        0x3 
 .bss.mode_transition_start
                0x20000218        0x4 build/main.o
                0x20000218                mode_transition_start
 .bss.last_key_press
                0x2000021c        0x4 build/main.o
                0x2000021c                last_key_press
 .bss.target_mode
                0x20000220        0x1 build/main.o
                0x20000220                target_mode
 .bss.current_mode
                0x20000221        0x1 build/main.o
                0x20000221                current_mode
 *fill*         0x20000222        0x2 
 .bss.hcan1     0x20000224       0x28 build/can.o
                0x20000224                hcan1
 .bss.uwTick    0x2000024c        0x4 build/stm32f4xx_hal.o
                0x2000024c                uwTick
 .bss.__sbrk_heap_end
                0x20000250        0x4 build/sysmem.o
 .bss.motor_current_send_buf
                0x20000254        0x8 build/can_bsp.o
                0x20000254                motor_current_send_buf
 .bss.gm6020_motors
                0x2000025c      0x3e0 build/motor_control.o
                0x2000025c                gm6020_motors
 *(COMMON)
                0x2000063c                        . = ALIGN (0x4)
                0x2000063c                        _ebss = .
                0x2000063c                        __bss_end__ = _ebss

._user_heap_stack
                0x2000063c      0x604
                0x20000640                        . = ALIGN (0x8)
 *fill*         0x2000063c        0x4 
                [!provide]                        PROVIDE (end = .)
                0x20000640                        PROVIDE (_end = .)
                0x20000840                        . = (. + _Min_Heap_Size)
 *fill*         0x20000640      0x200 
                0x20000c40                        . = (. + _Min_Stack_Size)
 *fill*         0x20000840      0x400 
                0x20000c40                        . = ALIGN (0x8)

/DISCARD/
 libc.a(*)
 libm.a(*)
 libgcc.a(*)
OUTPUT(build/1.11.2.elf elf32-littlearm)
LOAD linker stubs
LOAD C:/msys64/mingw64/bin/../lib/gcc/arm-none-eabi/13.3.0/../../../../arm-none-eabi/lib/thumb/v7e-m+fp/hard\libc.a
LOAD C:/msys64/mingw64/bin/../lib/gcc/arm-none-eabi/13.3.0/../../../../arm-none-eabi/lib/thumb/v7e-m+fp/hard\libm.a
LOAD C:/msys64/mingw64/bin/../lib/gcc/arm-none-eabi/13.3.0/thumb/v7e-m+fp/hard\libgcc.a

.ARM.attributes
                0x00000000       0x30
 .ARM.attributes
                0x00000000       0x22 C:/msys64/mingw64/bin/../lib/gcc/arm-none-eabi/13.3.0/thumb/v7e-m+fp/hard/crti.o
 .ARM.attributes
                0x00000022       0x34 C:/msys64/mingw64/bin/../lib/gcc/arm-none-eabi/13.3.0/thumb/v7e-m+fp/hard/crtbegin.o
 .ARM.attributes
                0x00000056       0x34 build/main.o
 .ARM.attributes
                0x0000008a       0x34 build/gpio.o
 .ARM.attributes
                0x000000be       0x34 build/can.o
 .ARM.attributes
                0x000000f2       0x34 build/stm32f4xx_it.o
 .ARM.attributes
                0x00000126       0x34 build/stm32f4xx_hal_msp.o
 .ARM.attributes
                0x0000015a       0x34 build/stm32f4xx_hal_can.o
 .ARM.attributes
                0x0000018e       0x34 build/stm32f4xx_hal_rcc.o
 .ARM.attributes
                0x000001c2       0x34 build/stm32f4xx_hal_gpio.o
 .ARM.attributes
                0x000001f6       0x34 build/stm32f4xx_hal_cortex.o
 .ARM.attributes
                0x0000022a       0x34 build/stm32f4xx_hal.o
 .ARM.attributes
                0x0000025e       0x34 build/system_stm32f4xx.o
 .ARM.attributes
                0x00000292       0x34 build/sysmem.o
 .ARM.attributes
                0x000002c6       0x34 build/can_bsp.o
 .ARM.attributes
                0x000002fa       0x34 build/pid.o
 .ARM.attributes
                0x0000032e       0x34 build/motor_control.o
 .ARM.attributes
                0x00000362       0x34 build/syscalls.o
 .ARM.attributes
                0x00000396       0x21 build/startup_stm32f427xx.o
 .ARM.attributes
                0x000003b7       0x34 C:/msys64/mingw64/bin/../lib/gcc/arm-none-eabi/13.3.0/../../../../arm-none-eabi/lib/thumb/v7e-m+fp/hard\libc_nano.a(libc_a-findfp.o)
 .ARM.attributes
                0x000003eb       0x34 C:/msys64/mingw64/bin/../lib/gcc/arm-none-eabi/13.3.0/../../../../arm-none-eabi/lib/thumb/v7e-m+fp/hard\libc_nano.a(libc_a-fwalk.o)
 .ARM.attributes
                0x0000041f       0x34 C:/msys64/mingw64/bin/../lib/gcc/arm-none-eabi/13.3.0/../../../../arm-none-eabi/lib/thumb/v7e-m+fp/hard\libc_nano.a(libc_a-printf.o)
 .ARM.attributes
                0x00000453       0x34 C:/msys64/mingw64/bin/../lib/gcc/arm-none-eabi/13.3.0/../../../../arm-none-eabi/lib/thumb/v7e-m+fp/hard\libc_nano.a(libc_a-puts.o)
 .ARM.attributes
                0x00000487       0x34 C:/msys64/mingw64/bin/../lib/gcc/arm-none-eabi/13.3.0/../../../../arm-none-eabi/lib/thumb/v7e-m+fp/hard\libc_nano.a(libc_a-stdio.o)
 .ARM.attributes
                0x000004bb       0x34 C:/msys64/mingw64/bin/../lib/gcc/arm-none-eabi/13.3.0/../../../../arm-none-eabi/lib/thumb/v7e-m+fp/hard\libc_nano.a(libc_a-wbuf.o)
 .ARM.attributes
                0x000004ef       0x34 C:/msys64/mingw64/bin/../lib/gcc/arm-none-eabi/13.3.0/../../../../arm-none-eabi/lib/thumb/v7e-m+fp/hard\libc_nano.a(libc_a-wsetup.o)
 .ARM.attributes
                0x00000523       0x34 C:/msys64/mingw64/bin/../lib/gcc/arm-none-eabi/13.3.0/../../../../arm-none-eabi/lib/thumb/v7e-m+fp/hard\libc_nano.a(libc_a-memset.o)
 .ARM.attributes
                0x00000557       0x34 C:/msys64/mingw64/bin/../lib/gcc/arm-none-eabi/13.3.0/../../../../arm-none-eabi/lib/thumb/v7e-m+fp/hard\libc_nano.a(libc_a-closer.o)
 .ARM.attributes
                0x0000058b       0x34 C:/msys64/mingw64/bin/../lib/gcc/arm-none-eabi/13.3.0/../../../../arm-none-eabi/lib/thumb/v7e-m+fp/hard\libc_nano.a(libc_a-reent.o)
 .ARM.attributes
                0x000005bf       0x34 C:/msys64/mingw64/bin/../lib/gcc/arm-none-eabi/13.3.0/../../../../arm-none-eabi/lib/thumb/v7e-m+fp/hard\libc_nano.a(libc_a-impure.o)
 .ARM.attributes
                0x000005f3       0x34 C:/msys64/mingw64/bin/../lib/gcc/arm-none-eabi/13.3.0/../../../../arm-none-eabi/lib/thumb/v7e-m+fp/hard\libc_nano.a(libc_a-lseekr.o)
 .ARM.attributes
                0x00000627       0x34 C:/msys64/mingw64/bin/../lib/gcc/arm-none-eabi/13.3.0/../../../../arm-none-eabi/lib/thumb/v7e-m+fp/hard\libc_nano.a(libc_a-readr.o)
 .ARM.attributes
                0x0000065b       0x34 C:/msys64/mingw64/bin/../lib/gcc/arm-none-eabi/13.3.0/../../../../arm-none-eabi/lib/thumb/v7e-m+fp/hard\libc_nano.a(libc_a-writer.o)
 .ARM.attributes
                0x0000068f       0x34 C:/msys64/mingw64/bin/../lib/gcc/arm-none-eabi/13.3.0/../../../../arm-none-eabi/lib/thumb/v7e-m+fp/hard\libc_nano.a(libc_a-errno.o)
 .ARM.attributes
                0x000006c3       0x34 C:/msys64/mingw64/bin/../lib/gcc/arm-none-eabi/13.3.0/../../../../arm-none-eabi/lib/thumb/v7e-m+fp/hard\libc_nano.a(libc_a-init.o)
 .ARM.attributes
                0x000006f7       0x34 C:/msys64/mingw64/bin/../lib/gcc/arm-none-eabi/13.3.0/../../../../arm-none-eabi/lib/thumb/v7e-m+fp/hard\libc_nano.a(libc_a-lock.o)
 .ARM.attributes
                0x0000072b       0x34 C:/msys64/mingw64/bin/../lib/gcc/arm-none-eabi/13.3.0/../../../../arm-none-eabi/lib/thumb/v7e-m+fp/hard\libc_nano.a(libc_a-freer.o)
 .ARM.attributes
                0x0000075f       0x34 C:/msys64/mingw64/bin/../lib/gcc/arm-none-eabi/13.3.0/../../../../arm-none-eabi/lib/thumb/v7e-m+fp/hard\libc_nano.a(libc_a-mallocr.o)
 .ARM.attributes
                0x00000793       0x34 C:/msys64/mingw64/bin/../lib/gcc/arm-none-eabi/13.3.0/../../../../arm-none-eabi/lib/thumb/v7e-m+fp/hard\libc_nano.a(libc_a-mlock.o)
 .ARM.attributes
                0x000007c7       0x34 C:/msys64/mingw64/bin/../lib/gcc/arm-none-eabi/13.3.0/../../../../arm-none-eabi/lib/thumb/v7e-m+fp/hard\libc_nano.a(libc_a-nano-vfprintf.o)
 .ARM.attributes
                0x000007fb       0x34 C:/msys64/mingw64/bin/../lib/gcc/arm-none-eabi/13.3.0/../../../../arm-none-eabi/lib/thumb/v7e-m+fp/hard\libc_nano.a(libc_a-nano-vfprintf_i.o)
 .ARM.attributes
                0x0000082f       0x34 C:/msys64/mingw64/bin/../lib/gcc/arm-none-eabi/13.3.0/../../../../arm-none-eabi/lib/thumb/v7e-m+fp/hard\libc_nano.a(libc_a-fflush.o)
 .ARM.attributes
                0x00000863       0x34 C:/msys64/mingw64/bin/../lib/gcc/arm-none-eabi/13.3.0/../../../../arm-none-eabi/lib/thumb/v7e-m+fp/hard\libc_nano.a(libc_a-fvwrite.o)
 .ARM.attributes
                0x00000897       0x34 C:/msys64/mingw64/bin/../lib/gcc/arm-none-eabi/13.3.0/../../../../arm-none-eabi/lib/thumb/v7e-m+fp/hard\libc_nano.a(libc_a-makebuf.o)
 .ARM.attributes
                0x000008cb       0x34 C:/msys64/mingw64/bin/../lib/gcc/arm-none-eabi/13.3.0/../../../../arm-none-eabi/lib/thumb/v7e-m+fp/hard\libc_nano.a(libc_a-memmove.o)
 .ARM.attributes
                0x000008ff       0x34 C:/msys64/mingw64/bin/../lib/gcc/arm-none-eabi/13.3.0/../../../../arm-none-eabi/lib/thumb/v7e-m+fp/hard\libc_nano.a(libc_a-fstatr.o)
 .ARM.attributes
                0x00000933       0x34 C:/msys64/mingw64/bin/../lib/gcc/arm-none-eabi/13.3.0/../../../../arm-none-eabi/lib/thumb/v7e-m+fp/hard\libc_nano.a(libc_a-isattyr.o)
 .ARM.attributes
                0x00000967       0x34 C:/msys64/mingw64/bin/../lib/gcc/arm-none-eabi/13.3.0/../../../../arm-none-eabi/lib/thumb/v7e-m+fp/hard\libc_nano.a(libc_a-sbrkr.o)
 .ARM.attributes
                0x0000099b       0x1c C:/msys64/mingw64/bin/../lib/gcc/arm-none-eabi/13.3.0/../../../../arm-none-eabi/lib/thumb/v7e-m+fp/hard\libc_nano.a(libc_a-memchr.o)
 .ARM.attributes
                0x000009b7       0x20 C:/msys64/mingw64/bin/../lib/gcc/arm-none-eabi/13.3.0/../../../../arm-none-eabi/lib/thumb/v7e-m+fp/hard\libc_nano.a(libc_a-memcpy.o)
 .ARM.attributes
                0x000009d7       0x34 C:/msys64/mingw64/bin/../lib/gcc/arm-none-eabi/13.3.0/../../../../arm-none-eabi/lib/thumb/v7e-m+fp/hard\libc_nano.a(libc_a-reallocr.o)
 .ARM.attributes
                0x00000a0b       0x34 C:/msys64/mingw64/bin/../lib/gcc/arm-none-eabi/13.3.0/../../../../arm-none-eabi/lib/thumb/v7e-m+fp/hard\libc_nano.a(libc_a-msizer.o)
 .ARM.attributes
                0x00000a3f       0x34 C:/msys64/mingw64/bin/../lib/gcc/arm-none-eabi/13.3.0/../../../../arm-none-eabi/lib/thumb/v7e-m+fp/hard\libm.a(libm_a-sf_cos.o)
 .ARM.attributes
                0x00000a73       0x34 C:/msys64/mingw64/bin/../lib/gcc/arm-none-eabi/13.3.0/../../../../arm-none-eabi/lib/thumb/v7e-m+fp/hard\libm.a(libm_a-sf_sin.o)
 .ARM.attributes
                0x00000aa7       0x34 C:/msys64/mingw64/bin/../lib/gcc/arm-none-eabi/13.3.0/../../../../arm-none-eabi/lib/thumb/v7e-m+fp/hard\libm.a(libm_a-kf_cos.o)
 .ARM.attributes
                0x00000adb       0x34 C:/msys64/mingw64/bin/../lib/gcc/arm-none-eabi/13.3.0/../../../../arm-none-eabi/lib/thumb/v7e-m+fp/hard\libm.a(libm_a-kf_sin.o)
 .ARM.attributes
                0x00000b0f       0x34 C:/msys64/mingw64/bin/../lib/gcc/arm-none-eabi/13.3.0/../../../../arm-none-eabi/lib/thumb/v7e-m+fp/hard\libm.a(libm_a-ef_rem_pio2.o)
 .ARM.attributes
                0x00000b43       0x34 C:/msys64/mingw64/bin/../lib/gcc/arm-none-eabi/13.3.0/../../../../arm-none-eabi/lib/thumb/v7e-m+fp/hard\libm.a(libm_a-sf_fabs.o)
 .ARM.attributes
                0x00000b77       0x34 C:/msys64/mingw64/bin/../lib/gcc/arm-none-eabi/13.3.0/../../../../arm-none-eabi/lib/thumb/v7e-m+fp/hard\libm.a(libm_a-kf_rem_pio2.o)
 .ARM.attributes
                0x00000bab       0x34 C:/msys64/mingw64/bin/../lib/gcc/arm-none-eabi/13.3.0/../../../../arm-none-eabi/lib/thumb/v7e-m+fp/hard\libm.a(libm_a-sf_scalbn.o)
 .ARM.attributes
                0x00000bdf       0x34 C:/msys64/mingw64/bin/../lib/gcc/arm-none-eabi/13.3.0/../../../../arm-none-eabi/lib/thumb/v7e-m+fp/hard\libm.a(libm_a-sf_floor.o)
 .ARM.attributes
                0x00000c13       0x22 C:/msys64/mingw64/bin/../lib/gcc/arm-none-eabi/13.3.0/thumb/v7e-m+fp/hard\libgcc.a(_arm_addsubdf3.o)
 .ARM.attributes
                0x00000c35       0x22 C:/msys64/mingw64/bin/../lib/gcc/arm-none-eabi/13.3.0/thumb/v7e-m+fp/hard\libgcc.a(_aeabi_uldivmod.o)
 .ARM.attributes
                0x00000c57       0x34 C:/msys64/mingw64/bin/../lib/gcc/arm-none-eabi/13.3.0/thumb/v7e-m+fp/hard\libgcc.a(_udivmoddi4.o)
 .ARM.attributes
                0x00000c8b       0x22 C:/msys64/mingw64/bin/../lib/gcc/arm-none-eabi/13.3.0/thumb/v7e-m+fp/hard\libgcc.a(_dvmd_tls.o)
 .ARM.attributes
                0x00000cad       0x22 C:/msys64/mingw64/bin/../lib/gcc/arm-none-eabi/13.3.0/thumb/v7e-m+fp/hard/crtn.o

.comment        0x00000000       0x55
 .comment       0x00000000       0x55 build/main.o
                                 0x13 (size before relaxing)
 .comment       0x00000055        0x0 build/gpio.o
                                 0x13 (size before relaxing)
 .comment       0x00000055        0x0 build/can.o
                                 0x44 (size before relaxing)
 .comment       0x00000055        0x0 build/stm32f4xx_it.o
                                 0x44 (size before relaxing)
 .comment       0x00000055        0x0 build/stm32f4xx_hal_msp.o
                                 0x44 (size before relaxing)
 .comment       0x00000055        0x0 build/stm32f4xx_hal_can.o
                                 0x44 (size before relaxing)
 .comment       0x00000055        0x0 build/stm32f4xx_hal_rcc.o
                                 0x44 (size before relaxing)
 .comment       0x00000055        0x0 build/stm32f4xx_hal_gpio.o
                                 0x44 (size before relaxing)
 .comment       0x00000055        0x0 build/stm32f4xx_hal_cortex.o
                                 0x44 (size before relaxing)
 .comment       0x00000055        0x0 build/stm32f4xx_hal.o
                                 0x13 (size before relaxing)
 .comment       0x00000055        0x0 build/system_stm32f4xx.o
                                 0x44 (size before relaxing)
 .comment       0x00000055        0x0 build/sysmem.o
                                 0x44 (size before relaxing)
 .comment       0x00000055        0x0 build/can_bsp.o
                                 0x13 (size before relaxing)
 .comment       0x00000055        0x0 build/pid.o
                                 0x13 (size before relaxing)
 .comment       0x00000055        0x0 build/motor_control.o
                                 0x13 (size before relaxing)
 .comment       0x00000055        0x0 build/syscalls.o
                                 0x44 (size before relaxing)
 .comment       0x00000055        0x0 C:/msys64/mingw64/bin/../lib/gcc/arm-none-eabi/13.3.0/../../../../arm-none-eabi/lib/thumb/v7e-m+fp/hard\libc_nano.a(libc_a-findfp.o)
                                 0x13 (size before relaxing)
 .comment       0x00000055        0x0 C:/msys64/mingw64/bin/../lib/gcc/arm-none-eabi/13.3.0/../../../../arm-none-eabi/lib/thumb/v7e-m+fp/hard\libc_nano.a(libc_a-fwalk.o)
                                 0x13 (size before relaxing)
 .comment       0x00000055        0x0 C:/msys64/mingw64/bin/../lib/gcc/arm-none-eabi/13.3.0/../../../../arm-none-eabi/lib/thumb/v7e-m+fp/hard\libc_nano.a(libc_a-printf.o)
                                 0x13 (size before relaxing)
 .comment       0x00000055        0x0 C:/msys64/mingw64/bin/../lib/gcc/arm-none-eabi/13.3.0/../../../../arm-none-eabi/lib/thumb/v7e-m+fp/hard\libc_nano.a(libc_a-puts.o)
                                 0x13 (size before relaxing)
 .comment       0x00000055        0x0 C:/msys64/mingw64/bin/../lib/gcc/arm-none-eabi/13.3.0/../../../../arm-none-eabi/lib/thumb/v7e-m+fp/hard\libc_nano.a(libc_a-stdio.o)
                                 0x13 (size before relaxing)
 .comment       0x00000055        0x0 C:/msys64/mingw64/bin/../lib/gcc/arm-none-eabi/13.3.0/../../../../arm-none-eabi/lib/thumb/v7e-m+fp/hard\libc_nano.a(libc_a-wbuf.o)
                                 0x13 (size before relaxing)
 .comment       0x00000055        0x0 C:/msys64/mingw64/bin/../lib/gcc/arm-none-eabi/13.3.0/../../../../arm-none-eabi/lib/thumb/v7e-m+fp/hard\libc_nano.a(libc_a-wsetup.o)
                                 0x13 (size before relaxing)
 .comment       0x00000055        0x0 C:/msys64/mingw64/bin/../lib/gcc/arm-none-eabi/13.3.0/../../../../arm-none-eabi/lib/thumb/v7e-m+fp/hard\libc_nano.a(libc_a-memset.o)
                                 0x13 (size before relaxing)
 .comment       0x00000055        0x0 C:/msys64/mingw64/bin/../lib/gcc/arm-none-eabi/13.3.0/../../../../arm-none-eabi/lib/thumb/v7e-m+fp/hard\libc_nano.a(libc_a-closer.o)
                                 0x13 (size before relaxing)
 .comment       0x00000055        0x0 C:/msys64/mingw64/bin/../lib/gcc/arm-none-eabi/13.3.0/../../../../arm-none-eabi/lib/thumb/v7e-m+fp/hard\libc_nano.a(libc_a-reent.o)
                                 0x13 (size before relaxing)
 .comment       0x00000055        0x0 C:/msys64/mingw64/bin/../lib/gcc/arm-none-eabi/13.3.0/../../../../arm-none-eabi/lib/thumb/v7e-m+fp/hard\libc_nano.a(libc_a-impure.o)
                                 0x13 (size before relaxing)
 .comment       0x00000055        0x0 C:/msys64/mingw64/bin/../lib/gcc/arm-none-eabi/13.3.0/../../../../arm-none-eabi/lib/thumb/v7e-m+fp/hard\libc_nano.a(libc_a-lseekr.o)
                                 0x13 (size before relaxing)
 .comment       0x00000055        0x0 C:/msys64/mingw64/bin/../lib/gcc/arm-none-eabi/13.3.0/../../../../arm-none-eabi/lib/thumb/v7e-m+fp/hard\libc_nano.a(libc_a-readr.o)
                                 0x13 (size before relaxing)
 .comment       0x00000055        0x0 C:/msys64/mingw64/bin/../lib/gcc/arm-none-eabi/13.3.0/../../../../arm-none-eabi/lib/thumb/v7e-m+fp/hard\libc_nano.a(libc_a-writer.o)
                                 0x13 (size before relaxing)
 .comment       0x00000055        0x0 C:/msys64/mingw64/bin/../lib/gcc/arm-none-eabi/13.3.0/../../../../arm-none-eabi/lib/thumb/v7e-m+fp/hard\libc_nano.a(libc_a-errno.o)
                                 0x13 (size before relaxing)
 .comment       0x00000055        0x0 C:/msys64/mingw64/bin/../lib/gcc/arm-none-eabi/13.3.0/../../../../arm-none-eabi/lib/thumb/v7e-m+fp/hard\libc_nano.a(libc_a-init.o)
                                 0x13 (size before relaxing)
 .comment       0x00000055        0x0 C:/msys64/mingw64/bin/../lib/gcc/arm-none-eabi/13.3.0/../../../../arm-none-eabi/lib/thumb/v7e-m+fp/hard\libc_nano.a(libc_a-lock.o)
                                 0x13 (size before relaxing)
 .comment       0x00000055        0x0 C:/msys64/mingw64/bin/../lib/gcc/arm-none-eabi/13.3.0/../../../../arm-none-eabi/lib/thumb/v7e-m+fp/hard\libc_nano.a(libc_a-freer.o)
                                 0x13 (size before relaxing)
 .comment       0x00000055        0x0 C:/msys64/mingw64/bin/../lib/gcc/arm-none-eabi/13.3.0/../../../../arm-none-eabi/lib/thumb/v7e-m+fp/hard\libc_nano.a(libc_a-mallocr.o)
                                 0x13 (size before relaxing)
 .comment       0x00000055        0x0 C:/msys64/mingw64/bin/../lib/gcc/arm-none-eabi/13.3.0/../../../../arm-none-eabi/lib/thumb/v7e-m+fp/hard\libc_nano.a(libc_a-mlock.o)
                                 0x13 (size before relaxing)
 .comment       0x00000055        0x0 C:/msys64/mingw64/bin/../lib/gcc/arm-none-eabi/13.3.0/../../../../arm-none-eabi/lib/thumb/v7e-m+fp/hard\libc_nano.a(libc_a-nano-vfprintf.o)
                                 0x13 (size before relaxing)
 .comment       0x00000055        0x0 C:/msys64/mingw64/bin/../lib/gcc/arm-none-eabi/13.3.0/../../../../arm-none-eabi/lib/thumb/v7e-m+fp/hard\libc_nano.a(libc_a-nano-vfprintf_i.o)
                                 0x13 (size before relaxing)
 .comment       0x00000055        0x0 C:/msys64/mingw64/bin/../lib/gcc/arm-none-eabi/13.3.0/../../../../arm-none-eabi/lib/thumb/v7e-m+fp/hard\libc_nano.a(libc_a-fflush.o)
                                 0x13 (size before relaxing)
 .comment       0x00000055        0x0 C:/msys64/mingw64/bin/../lib/gcc/arm-none-eabi/13.3.0/../../../../arm-none-eabi/lib/thumb/v7e-m+fp/hard\libc_nano.a(libc_a-fvwrite.o)
                                 0x13 (size before relaxing)
 .comment       0x00000055        0x0 C:/msys64/mingw64/bin/../lib/gcc/arm-none-eabi/13.3.0/../../../../arm-none-eabi/lib/thumb/v7e-m+fp/hard\libc_nano.a(libc_a-makebuf.o)
                                 0x13 (size before relaxing)
 .comment       0x00000055        0x0 C:/msys64/mingw64/bin/../lib/gcc/arm-none-eabi/13.3.0/../../../../arm-none-eabi/lib/thumb/v7e-m+fp/hard\libc_nano.a(libc_a-memmove.o)
                                 0x13 (size before relaxing)
 .comment       0x00000055        0x0 C:/msys64/mingw64/bin/../lib/gcc/arm-none-eabi/13.3.0/../../../../arm-none-eabi/lib/thumb/v7e-m+fp/hard\libc_nano.a(libc_a-fstatr.o)
                                 0x13 (size before relaxing)
 .comment       0x00000055        0x0 C:/msys64/mingw64/bin/../lib/gcc/arm-none-eabi/13.3.0/../../../../arm-none-eabi/lib/thumb/v7e-m+fp/hard\libc_nano.a(libc_a-isattyr.o)
                                 0x13 (size before relaxing)
 .comment       0x00000055        0x0 C:/msys64/mingw64/bin/../lib/gcc/arm-none-eabi/13.3.0/../../../../arm-none-eabi/lib/thumb/v7e-m+fp/hard\libc_nano.a(libc_a-sbrkr.o)
                                 0x13 (size before relaxing)
 .comment       0x00000055        0x0 C:/msys64/mingw64/bin/../lib/gcc/arm-none-eabi/13.3.0/../../../../arm-none-eabi/lib/thumb/v7e-m+fp/hard\libc_nano.a(libc_a-reallocr.o)
                                 0x13 (size before relaxing)
 .comment       0x00000055        0x0 C:/msys64/mingw64/bin/../lib/gcc/arm-none-eabi/13.3.0/../../../../arm-none-eabi/lib/thumb/v7e-m+fp/hard\libc_nano.a(libc_a-msizer.o)
                                 0x13 (size before relaxing)
 .comment       0x00000055        0x0 C:/msys64/mingw64/bin/../lib/gcc/arm-none-eabi/13.3.0/thumb/v7e-m+fp/hard\libgcc.a(_udivmoddi4.o)
                                 0x13 (size before relaxing)

.debug_info     0x00000000    0x1aadf
 .debug_info    0x00000000     0x1626 build/main.o
 .debug_info    0x00001626      0x4ec build/gpio.o
 .debug_info    0x00001b12      0xd00 build/can.o
 .debug_info    0x00002812      0x5fe build/stm32f4xx_it.o
 .debug_info    0x00002e10      0x30d build/stm32f4xx_hal_msp.o
 .debug_info    0x0000311d     0x13d7 build/stm32f4xx_hal_can.o
 .debug_info    0x000044f4      0xc42 build/stm32f4xx_hal_rcc.o
 .debug_info    0x00005136      0x86a build/stm32f4xx_hal_gpio.o
 .debug_info    0x000059a0     0x120a build/stm32f4xx_hal_cortex.o
 .debug_info    0x00006baa      0xb74 build/stm32f4xx_hal.o
 .debug_info    0x0000771e      0x5d5 build/system_stm32f4xx.o
 .debug_info    0x00007cf3      0x18c build/sysmem.o
 .debug_info    0x00007e7f      0xa10 build/can_bsp.o
 .debug_info    0x0000888f      0x30c build/pid.o
 .debug_info    0x00008b9b      0xc75 build/motor_control.o
 .debug_info    0x00009810      0x853 build/syscalls.o
 .debug_info    0x0000a063       0x30 build/startup_stm32f427xx.o
 .debug_info    0x0000a093     0x10c4 C:/msys64/mingw64/bin/../lib/gcc/arm-none-eabi/13.3.0/../../../../arm-none-eabi/lib/thumb/v7e-m+fp/hard\libc_nano.a(libc_a-findfp.o)
 .debug_info    0x0000b157      0x7d2 C:/msys64/mingw64/bin/../lib/gcc/arm-none-eabi/13.3.0/../../../../arm-none-eabi/lib/thumb/v7e-m+fp/hard\libc_nano.a(libc_a-fwalk.o)
 .debug_info    0x0000b929      0x841 C:/msys64/mingw64/bin/../lib/gcc/arm-none-eabi/13.3.0/../../../../arm-none-eabi/lib/thumb/v7e-m+fp/hard\libc_nano.a(libc_a-printf.o)
 .debug_info    0x0000c16a      0x93c C:/msys64/mingw64/bin/../lib/gcc/arm-none-eabi/13.3.0/../../../../arm-none-eabi/lib/thumb/v7e-m+fp/hard\libc_nano.a(libc_a-puts.o)
 .debug_info    0x0000caa6      0xa8a C:/msys64/mingw64/bin/../lib/gcc/arm-none-eabi/13.3.0/../../../../arm-none-eabi/lib/thumb/v7e-m+fp/hard\libc_nano.a(libc_a-stdio.o)
 .debug_info    0x0000d530      0x86d C:/msys64/mingw64/bin/../lib/gcc/arm-none-eabi/13.3.0/../../../../arm-none-eabi/lib/thumb/v7e-m+fp/hard\libc_nano.a(libc_a-wbuf.o)
 .debug_info    0x0000dd9d      0x7bb C:/msys64/mingw64/bin/../lib/gcc/arm-none-eabi/13.3.0/../../../../arm-none-eabi/lib/thumb/v7e-m+fp/hard\libc_nano.a(libc_a-wsetup.o)
 .debug_info    0x0000e558      0x135 C:/msys64/mingw64/bin/../lib/gcc/arm-none-eabi/13.3.0/../../../../arm-none-eabi/lib/thumb/v7e-m+fp/hard\libc_nano.a(libc_a-memset.o)
 .debug_info    0x0000e68d      0x75d C:/msys64/mingw64/bin/../lib/gcc/arm-none-eabi/13.3.0/../../../../arm-none-eabi/lib/thumb/v7e-m+fp/hard\libc_nano.a(libc_a-closer.o)
 .debug_info    0x0000edea      0x8a9 C:/msys64/mingw64/bin/../lib/gcc/arm-none-eabi/13.3.0/../../../../arm-none-eabi/lib/thumb/v7e-m+fp/hard\libc_nano.a(libc_a-reent.o)
 .debug_info    0x0000f693      0x715 C:/msys64/mingw64/bin/../lib/gcc/arm-none-eabi/13.3.0/../../../../arm-none-eabi/lib/thumb/v7e-m+fp/hard\libc_nano.a(libc_a-impure.o)
 .debug_info    0x0000fda8      0x7a8 C:/msys64/mingw64/bin/../lib/gcc/arm-none-eabi/13.3.0/../../../../arm-none-eabi/lib/thumb/v7e-m+fp/hard\libc_nano.a(libc_a-lseekr.o)
 .debug_info    0x00010550      0x7bf C:/msys64/mingw64/bin/../lib/gcc/arm-none-eabi/13.3.0/../../../../arm-none-eabi/lib/thumb/v7e-m+fp/hard\libc_nano.a(libc_a-readr.o)
 .debug_info    0x00010d0f      0x7c5 C:/msys64/mingw64/bin/../lib/gcc/arm-none-eabi/13.3.0/../../../../arm-none-eabi/lib/thumb/v7e-m+fp/hard\libc_nano.a(libc_a-writer.o)
 .debug_info    0x000114d4      0x6fb C:/msys64/mingw64/bin/../lib/gcc/arm-none-eabi/13.3.0/../../../../arm-none-eabi/lib/thumb/v7e-m+fp/hard\libc_nano.a(libc_a-errno.o)
 .debug_info    0x00011bcf      0x10b C:/msys64/mingw64/bin/../lib/gcc/arm-none-eabi/13.3.0/../../../../arm-none-eabi/lib/thumb/v7e-m+fp/hard\libc_nano.a(libc_a-init.o)
 .debug_info    0x00011cda      0x218 C:/msys64/mingw64/bin/../lib/gcc/arm-none-eabi/13.3.0/../../../../arm-none-eabi/lib/thumb/v7e-m+fp/hard\libc_nano.a(libc_a-lock.o)
 .debug_info    0x00011ef2      0x889 C:/msys64/mingw64/bin/../lib/gcc/arm-none-eabi/13.3.0/../../../../arm-none-eabi/lib/thumb/v7e-m+fp/hard\libc_nano.a(libc_a-freer.o)
 .debug_info    0x0001277b      0x9c0 C:/msys64/mingw64/bin/../lib/gcc/arm-none-eabi/13.3.0/../../../../arm-none-eabi/lib/thumb/v7e-m+fp/hard\libc_nano.a(libc_a-mallocr.o)
 .debug_info    0x0001313b      0x76b C:/msys64/mingw64/bin/../lib/gcc/arm-none-eabi/13.3.0/../../../../arm-none-eabi/lib/thumb/v7e-m+fp/hard\libc_nano.a(libc_a-mlock.o)
 .debug_info    0x000138a6     0x10d7 C:/msys64/mingw64/bin/../lib/gcc/arm-none-eabi/13.3.0/../../../../arm-none-eabi/lib/thumb/v7e-m+fp/hard\libc_nano.a(libc_a-nano-vfprintf.o)
 .debug_info    0x0001497d      0xde1 C:/msys64/mingw64/bin/../lib/gcc/arm-none-eabi/13.3.0/../../../../arm-none-eabi/lib/thumb/v7e-m+fp/hard\libc_nano.a(libc_a-nano-vfprintf_i.o)
 .debug_info    0x0001575e      0x9f5 C:/msys64/mingw64/bin/../lib/gcc/arm-none-eabi/13.3.0/../../../../arm-none-eabi/lib/thumb/v7e-m+fp/hard\libc_nano.a(libc_a-fflush.o)
 .debug_info    0x00016153      0xafb C:/msys64/mingw64/bin/../lib/gcc/arm-none-eabi/13.3.0/../../../../arm-none-eabi/lib/thumb/v7e-m+fp/hard\libc_nano.a(libc_a-fvwrite.o)
 .debug_info    0x00016c4e      0xbf0 C:/msys64/mingw64/bin/../lib/gcc/arm-none-eabi/13.3.0/../../../../arm-none-eabi/lib/thumb/v7e-m+fp/hard\libc_nano.a(libc_a-makebuf.o)
 .debug_info    0x0001783e      0x148 C:/msys64/mingw64/bin/../lib/gcc/arm-none-eabi/13.3.0/../../../../arm-none-eabi/lib/thumb/v7e-m+fp/hard\libc_nano.a(libc_a-memmove.o)
 .debug_info    0x00017986      0x981 C:/msys64/mingw64/bin/../lib/gcc/arm-none-eabi/13.3.0/../../../../arm-none-eabi/lib/thumb/v7e-m+fp/hard\libc_nano.a(libc_a-fstatr.o)
 .debug_info    0x00018307      0x75d C:/msys64/mingw64/bin/../lib/gcc/arm-none-eabi/13.3.0/../../../../arm-none-eabi/lib/thumb/v7e-m+fp/hard\libc_nano.a(libc_a-isattyr.o)
 .debug_info    0x00018a64      0x782 C:/msys64/mingw64/bin/../lib/gcc/arm-none-eabi/13.3.0/../../../../arm-none-eabi/lib/thumb/v7e-m+fp/hard\libc_nano.a(libc_a-sbrkr.o)
 .debug_info    0x000191e6       0x25 C:/msys64/mingw64/bin/../lib/gcc/arm-none-eabi/13.3.0/../../../../arm-none-eabi/lib/thumb/v7e-m+fp/hard\libc_nano.a(libc_a-memchr.o)
 .debug_info    0x0001920b       0x33 C:/msys64/mingw64/bin/../lib/gcc/arm-none-eabi/13.3.0/../../../../arm-none-eabi/lib/thumb/v7e-m+fp/hard\libc_nano.a(libc_a-memcpy.o)
 .debug_info    0x0001923e      0x8d7 C:/msys64/mingw64/bin/../lib/gcc/arm-none-eabi/13.3.0/../../../../arm-none-eabi/lib/thumb/v7e-m+fp/hard\libc_nano.a(libc_a-reallocr.o)
 .debug_info    0x00019b15      0x794 C:/msys64/mingw64/bin/../lib/gcc/arm-none-eabi/13.3.0/../../../../arm-none-eabi/lib/thumb/v7e-m+fp/hard\libc_nano.a(libc_a-msizer.o)
 .debug_info    0x0001a2a9       0xd3 C:/msys64/mingw64/bin/../lib/gcc/arm-none-eabi/13.3.0/thumb/v7e-m+fp/hard\libgcc.a(_arm_addsubdf3.o)
 .debug_info    0x0001a37c       0x24 C:/msys64/mingw64/bin/../lib/gcc/arm-none-eabi/13.3.0/thumb/v7e-m+fp/hard\libgcc.a(_aeabi_uldivmod.o)
 .debug_info    0x0001a3a0      0x703 C:/msys64/mingw64/bin/../lib/gcc/arm-none-eabi/13.3.0/thumb/v7e-m+fp/hard\libgcc.a(_udivmoddi4.o)
 .debug_info    0x0001aaa3       0x3c C:/msys64/mingw64/bin/../lib/gcc/arm-none-eabi/13.3.0/thumb/v7e-m+fp/hard\libgcc.a(_dvmd_tls.o)

.debug_abbrev   0x00000000     0x5f09
 .debug_abbrev  0x00000000      0x30f build/main.o
 .debug_abbrev  0x0000030f      0x137 build/gpio.o
 .debug_abbrev  0x00000446      0x214 build/can.o
 .debug_abbrev  0x0000065a      0x16d build/stm32f4xx_it.o
 .debug_abbrev  0x000007c7       0xd3 build/stm32f4xx_hal_msp.o
 .debug_abbrev  0x0000089a      0x2a2 build/stm32f4xx_hal_can.o
 .debug_abbrev  0x00000b3c      0x2de build/stm32f4xx_hal_rcc.o
 .debug_abbrev  0x00000e1a      0x22b build/stm32f4xx_hal_gpio.o
 .debug_abbrev  0x00001045      0x3ca build/stm32f4xx_hal_cortex.o
 .debug_abbrev  0x0000140f      0x244 build/stm32f4xx_hal.o
 .debug_abbrev  0x00001653      0x11b build/system_stm32f4xx.o
 .debug_abbrev  0x0000176e       0xeb build/sysmem.o
 .debug_abbrev  0x00001859      0x202 build/can_bsp.o
 .debug_abbrev  0x00001a5b      0x136 build/pid.o
 .debug_abbrev  0x00001b91      0x31f build/motor_control.o
 .debug_abbrev  0x00001eb0      0x1ea build/syscalls.o
 .debug_abbrev  0x0000209a       0x1d build/startup_stm32f427xx.o
 .debug_abbrev  0x000020b7      0x446 C:/msys64/mingw64/bin/../lib/gcc/arm-none-eabi/13.3.0/../../../../arm-none-eabi/lib/thumb/v7e-m+fp/hard\libc_nano.a(libc_a-findfp.o)
 .debug_abbrev  0x000024fd      0x19b C:/msys64/mingw64/bin/../lib/gcc/arm-none-eabi/13.3.0/../../../../arm-none-eabi/lib/thumb/v7e-m+fp/hard\libc_nano.a(libc_a-fwalk.o)
 .debug_abbrev  0x00002698      0x21a C:/msys64/mingw64/bin/../lib/gcc/arm-none-eabi/13.3.0/../../../../arm-none-eabi/lib/thumb/v7e-m+fp/hard\libc_nano.a(libc_a-printf.o)
 .debug_abbrev  0x000028b2      0x2a7 C:/msys64/mingw64/bin/../lib/gcc/arm-none-eabi/13.3.0/../../../../arm-none-eabi/lib/thumb/v7e-m+fp/hard\libc_nano.a(libc_a-puts.o)
 .debug_abbrev  0x00002b59      0x224 C:/msys64/mingw64/bin/../lib/gcc/arm-none-eabi/13.3.0/../../../../arm-none-eabi/lib/thumb/v7e-m+fp/hard\libc_nano.a(libc_a-stdio.o)
 .debug_abbrev  0x00002d7d      0x236 C:/msys64/mingw64/bin/../lib/gcc/arm-none-eabi/13.3.0/../../../../arm-none-eabi/lib/thumb/v7e-m+fp/hard\libc_nano.a(libc_a-wbuf.o)
 .debug_abbrev  0x00002fb3      0x1e2 C:/msys64/mingw64/bin/../lib/gcc/arm-none-eabi/13.3.0/../../../../arm-none-eabi/lib/thumb/v7e-m+fp/hard\libc_nano.a(libc_a-wsetup.o)
 .debug_abbrev  0x00003195       0xb7 C:/msys64/mingw64/bin/../lib/gcc/arm-none-eabi/13.3.0/../../../../arm-none-eabi/lib/thumb/v7e-m+fp/hard\libc_nano.a(libc_a-memset.o)
 .debug_abbrev  0x0000324c      0x1b0 C:/msys64/mingw64/bin/../lib/gcc/arm-none-eabi/13.3.0/../../../../arm-none-eabi/lib/thumb/v7e-m+fp/hard\libc_nano.a(libc_a-closer.o)
 .debug_abbrev  0x000033fc      0x1ee C:/msys64/mingw64/bin/../lib/gcc/arm-none-eabi/13.3.0/../../../../arm-none-eabi/lib/thumb/v7e-m+fp/hard\libc_nano.a(libc_a-reent.o)
 .debug_abbrev  0x000035ea      0x149 C:/msys64/mingw64/bin/../lib/gcc/arm-none-eabi/13.3.0/../../../../arm-none-eabi/lib/thumb/v7e-m+fp/hard\libc_nano.a(libc_a-impure.o)
 .debug_abbrev  0x00003733      0x1c4 C:/msys64/mingw64/bin/../lib/gcc/arm-none-eabi/13.3.0/../../../../arm-none-eabi/lib/thumb/v7e-m+fp/hard\libc_nano.a(libc_a-lseekr.o)
 .debug_abbrev  0x000038f7      0x1b0 C:/msys64/mingw64/bin/../lib/gcc/arm-none-eabi/13.3.0/../../../../arm-none-eabi/lib/thumb/v7e-m+fp/hard\libc_nano.a(libc_a-readr.o)
 .debug_abbrev  0x00003aa7      0x1b5 C:/msys64/mingw64/bin/../lib/gcc/arm-none-eabi/13.3.0/../../../../arm-none-eabi/lib/thumb/v7e-m+fp/hard\libc_nano.a(libc_a-writer.o)
 .debug_abbrev  0x00003c5c      0x15e C:/msys64/mingw64/bin/../lib/gcc/arm-none-eabi/13.3.0/../../../../arm-none-eabi/lib/thumb/v7e-m+fp/hard\libc_nano.a(libc_a-errno.o)
 .debug_abbrev  0x00003dba       0xc9 C:/msys64/mingw64/bin/../lib/gcc/arm-none-eabi/13.3.0/../../../../arm-none-eabi/lib/thumb/v7e-m+fp/hard\libc_nano.a(libc_a-init.o)
 .debug_abbrev  0x00003e83      0x115 C:/msys64/mingw64/bin/../lib/gcc/arm-none-eabi/13.3.0/../../../../arm-none-eabi/lib/thumb/v7e-m+fp/hard\libc_nano.a(libc_a-lock.o)
 .debug_abbrev  0x00003f98      0x249 C:/msys64/mingw64/bin/../lib/gcc/arm-none-eabi/13.3.0/../../../../arm-none-eabi/lib/thumb/v7e-m+fp/hard\libc_nano.a(libc_a-freer.o)
 .debug_abbrev  0x000041e1      0x24a C:/msys64/mingw64/bin/../lib/gcc/arm-none-eabi/13.3.0/../../../../arm-none-eabi/lib/thumb/v7e-m+fp/hard\libc_nano.a(libc_a-mallocr.o)
 .debug_abbrev  0x0000442b      0x1bf C:/msys64/mingw64/bin/../lib/gcc/arm-none-eabi/13.3.0/../../../../arm-none-eabi/lib/thumb/v7e-m+fp/hard\libc_nano.a(libc_a-mlock.o)
 .debug_abbrev  0x000045ea      0x377 C:/msys64/mingw64/bin/../lib/gcc/arm-none-eabi/13.3.0/../../../../arm-none-eabi/lib/thumb/v7e-m+fp/hard\libc_nano.a(libc_a-nano-vfprintf.o)
 .debug_abbrev  0x00004961      0x28d C:/msys64/mingw64/bin/../lib/gcc/arm-none-eabi/13.3.0/../../../../arm-none-eabi/lib/thumb/v7e-m+fp/hard\libc_nano.a(libc_a-nano-vfprintf_i.o)
 .debug_abbrev  0x00004bee      0x2a9 C:/msys64/mingw64/bin/../lib/gcc/arm-none-eabi/13.3.0/../../../../arm-none-eabi/lib/thumb/v7e-m+fp/hard\libc_nano.a(libc_a-fflush.o)
 .debug_abbrev  0x00004e97      0x21b C:/msys64/mingw64/bin/../lib/gcc/arm-none-eabi/13.3.0/../../../../arm-none-eabi/lib/thumb/v7e-m+fp/hard\libc_nano.a(libc_a-fvwrite.o)
 .debug_abbrev  0x000050b2      0x29d C:/msys64/mingw64/bin/../lib/gcc/arm-none-eabi/13.3.0/../../../../arm-none-eabi/lib/thumb/v7e-m+fp/hard\libc_nano.a(libc_a-makebuf.o)
 .debug_abbrev  0x0000534f       0xc3 C:/msys64/mingw64/bin/../lib/gcc/arm-none-eabi/13.3.0/../../../../arm-none-eabi/lib/thumb/v7e-m+fp/hard\libc_nano.a(libc_a-memmove.o)
 .debug_abbrev  0x00005412      0x1c3 C:/msys64/mingw64/bin/../lib/gcc/arm-none-eabi/13.3.0/../../../../arm-none-eabi/lib/thumb/v7e-m+fp/hard\libc_nano.a(libc_a-fstatr.o)
 .debug_abbrev  0x000055d5      0x1b0 C:/msys64/mingw64/bin/../lib/gcc/arm-none-eabi/13.3.0/../../../../arm-none-eabi/lib/thumb/v7e-m+fp/hard\libc_nano.a(libc_a-isattyr.o)
 .debug_abbrev  0x00005785      0x1da C:/msys64/mingw64/bin/../lib/gcc/arm-none-eabi/13.3.0/../../../../arm-none-eabi/lib/thumb/v7e-m+fp/hard\libc_nano.a(libc_a-sbrkr.o)
 .debug_abbrev  0x0000595f       0x14 C:/msys64/mingw64/bin/../lib/gcc/arm-none-eabi/13.3.0/../../../../arm-none-eabi/lib/thumb/v7e-m+fp/hard\libc_nano.a(libc_a-memchr.o)
 .debug_abbrev  0x00005973       0x28 C:/msys64/mingw64/bin/../lib/gcc/arm-none-eabi/13.3.0/../../../../arm-none-eabi/lib/thumb/v7e-m+fp/hard\libc_nano.a(libc_a-memcpy.o)
 .debug_abbrev  0x0000599b      0x20c C:/msys64/mingw64/bin/../lib/gcc/arm-none-eabi/13.3.0/../../../../arm-none-eabi/lib/thumb/v7e-m+fp/hard\libc_nano.a(libc_a-reallocr.o)
 .debug_abbrev  0x00005ba7      0x196 C:/msys64/mingw64/bin/../lib/gcc/arm-none-eabi/13.3.0/../../../../arm-none-eabi/lib/thumb/v7e-m+fp/hard\libc_nano.a(libc_a-msizer.o)
 .debug_abbrev  0x00005d3d       0x28 C:/msys64/mingw64/bin/../lib/gcc/arm-none-eabi/13.3.0/thumb/v7e-m+fp/hard\libgcc.a(_arm_addsubdf3.o)
 .debug_abbrev  0x00005d65       0x14 C:/msys64/mingw64/bin/../lib/gcc/arm-none-eabi/13.3.0/thumb/v7e-m+fp/hard\libgcc.a(_aeabi_uldivmod.o)
 .debug_abbrev  0x00005d79      0x16a C:/msys64/mingw64/bin/../lib/gcc/arm-none-eabi/13.3.0/thumb/v7e-m+fp/hard\libgcc.a(_udivmoddi4.o)
 .debug_abbrev  0x00005ee3       0x26 C:/msys64/mingw64/bin/../lib/gcc/arm-none-eabi/13.3.0/thumb/v7e-m+fp/hard\libgcc.a(_dvmd_tls.o)

.debug_loc      0x00000000     0x4479
 .debug_loc     0x00000000      0x733 build/main.o
 .debug_loc     0x00000733       0x38 build/gpio.o
 .debug_loc     0x0000076b      0x120 build/can.o
 .debug_loc     0x0000088b       0x40 build/stm32f4xx_it.o
 .debug_loc     0x000008cb       0x2c build/stm32f4xx_hal_msp.o
 .debug_loc     0x000008f7     0x10d3 build/stm32f4xx_hal_can.o
 .debug_loc     0x000019ca      0x720 build/stm32f4xx_hal_rcc.o
 .debug_loc     0x000020ea      0x60b build/stm32f4xx_hal_gpio.o
 .debug_loc     0x000026f5      0x8ff build/stm32f4xx_hal_cortex.o
 .debug_loc     0x00002ff4      0x1f9 build/stm32f4xx_hal.o
 .debug_loc     0x000031ed       0xbd build/system_stm32f4xx.o
 .debug_loc     0x000032aa       0x90 build/sysmem.o
 .debug_loc     0x0000333a      0x12c build/can_bsp.o
 .debug_loc     0x00003466      0x2a0 build/pid.o
 .debug_loc     0x00003706      0x7f0 build/motor_control.o
 .debug_loc     0x00003ef6      0x583 build/syscalls.o

.debug_aranges  0x00000000      0xbe0
 .debug_aranges
                0x00000000       0x70 build/main.o
 .debug_aranges
                0x00000070       0x20 build/gpio.o
 .debug_aranges
                0x00000090       0x30 build/can.o
 .debug_aranges
                0x000000c0       0x68 build/stm32f4xx_it.o
 .debug_aranges
                0x00000128       0x20 build/stm32f4xx_hal_msp.o
 .debug_aranges
                0x00000148      0x138 build/stm32f4xx_hal_can.o
 .debug_aranges
                0x00000280       0x88 build/stm32f4xx_hal_rcc.o
 .debug_aranges
                0x00000308       0x58 build/stm32f4xx_hal_gpio.o
 .debug_aranges
                0x00000360       0xf8 build/stm32f4xx_hal_cortex.o
 .debug_aranges
                0x00000458      0x100 build/stm32f4xx_hal.o
 .debug_aranges
                0x00000558       0x28 build/system_stm32f4xx.o
 .debug_aranges
                0x00000580       0x20 build/sysmem.o
 .debug_aranges
                0x000005a0       0x38 build/can_bsp.o
 .debug_aranges
                0x000005d8       0x30 build/pid.o
 .debug_aranges
                0x00000608       0x70 build/motor_control.o
 .debug_aranges
                0x00000678       0xa8 build/syscalls.o
 .debug_aranges
                0x00000720       0x28 build/startup_stm32f427xx.o
 .debug_aranges
                0x00000748       0x20 C:/msys64/mingw64/bin/../lib/gcc/arm-none-eabi/13.3.0/../../../../arm-none-eabi/lib/thumb/v7e-m+fp/hard\libc_nano.a(libc_a-findfp.o)
 .debug_aranges
                0x00000768       0x20 C:/msys64/mingw64/bin/../lib/gcc/arm-none-eabi/13.3.0/../../../../arm-none-eabi/lib/thumb/v7e-m+fp/hard\libc_nano.a(libc_a-fwalk.o)
 .debug_aranges
                0x00000788       0x20 C:/msys64/mingw64/bin/../lib/gcc/arm-none-eabi/13.3.0/../../../../arm-none-eabi/lib/thumb/v7e-m+fp/hard\libc_nano.a(libc_a-printf.o)
 .debug_aranges
                0x000007a8       0x20 C:/msys64/mingw64/bin/../lib/gcc/arm-none-eabi/13.3.0/../../../../arm-none-eabi/lib/thumb/v7e-m+fp/hard\libc_nano.a(libc_a-puts.o)
 .debug_aranges
                0x000007c8       0x20 C:/msys64/mingw64/bin/../lib/gcc/arm-none-eabi/13.3.0/../../../../arm-none-eabi/lib/thumb/v7e-m+fp/hard\libc_nano.a(libc_a-stdio.o)
 .debug_aranges
                0x000007e8       0x20 C:/msys64/mingw64/bin/../lib/gcc/arm-none-eabi/13.3.0/../../../../arm-none-eabi/lib/thumb/v7e-m+fp/hard\libc_nano.a(libc_a-wbuf.o)
 .debug_aranges
                0x00000808       0x20 C:/msys64/mingw64/bin/../lib/gcc/arm-none-eabi/13.3.0/../../../../arm-none-eabi/lib/thumb/v7e-m+fp/hard\libc_nano.a(libc_a-wsetup.o)
 .debug_aranges
                0x00000828       0x20 C:/msys64/mingw64/bin/../lib/gcc/arm-none-eabi/13.3.0/../../../../arm-none-eabi/lib/thumb/v7e-m+fp/hard\libc_nano.a(libc_a-memset.o)
 .debug_aranges
                0x00000848       0x20 C:/msys64/mingw64/bin/../lib/gcc/arm-none-eabi/13.3.0/../../../../arm-none-eabi/lib/thumb/v7e-m+fp/hard\libc_nano.a(libc_a-closer.o)
 .debug_aranges
                0x00000868       0x20 C:/msys64/mingw64/bin/../lib/gcc/arm-none-eabi/13.3.0/../../../../arm-none-eabi/lib/thumb/v7e-m+fp/hard\libc_nano.a(libc_a-reent.o)
 .debug_aranges
                0x00000888       0x18 C:/msys64/mingw64/bin/../lib/gcc/arm-none-eabi/13.3.0/../../../../arm-none-eabi/lib/thumb/v7e-m+fp/hard\libc_nano.a(libc_a-impure.o)
 .debug_aranges
                0x000008a0       0x20 C:/msys64/mingw64/bin/../lib/gcc/arm-none-eabi/13.3.0/../../../../arm-none-eabi/lib/thumb/v7e-m+fp/hard\libc_nano.a(libc_a-lseekr.o)
 .debug_aranges
                0x000008c0       0x20 C:/msys64/mingw64/bin/../lib/gcc/arm-none-eabi/13.3.0/../../../../arm-none-eabi/lib/thumb/v7e-m+fp/hard\libc_nano.a(libc_a-readr.o)
 .debug_aranges
                0x000008e0       0x20 C:/msys64/mingw64/bin/../lib/gcc/arm-none-eabi/13.3.0/../../../../arm-none-eabi/lib/thumb/v7e-m+fp/hard\libc_nano.a(libc_a-writer.o)
 .debug_aranges
                0x00000900       0x20 C:/msys64/mingw64/bin/../lib/gcc/arm-none-eabi/13.3.0/../../../../arm-none-eabi/lib/thumb/v7e-m+fp/hard\libc_nano.a(libc_a-errno.o)
 .debug_aranges
                0x00000920       0x20 C:/msys64/mingw64/bin/../lib/gcc/arm-none-eabi/13.3.0/../../../../arm-none-eabi/lib/thumb/v7e-m+fp/hard\libc_nano.a(libc_a-init.o)
 .debug_aranges
                0x00000940       0x20 C:/msys64/mingw64/bin/../lib/gcc/arm-none-eabi/13.3.0/../../../../arm-none-eabi/lib/thumb/v7e-m+fp/hard\libc_nano.a(libc_a-lock.o)
 .debug_aranges
                0x00000960       0x20 C:/msys64/mingw64/bin/../lib/gcc/arm-none-eabi/13.3.0/../../../../arm-none-eabi/lib/thumb/v7e-m+fp/hard\libc_nano.a(libc_a-freer.o)
 .debug_aranges
                0x00000980       0x20 C:/msys64/mingw64/bin/../lib/gcc/arm-none-eabi/13.3.0/../../../../arm-none-eabi/lib/thumb/v7e-m+fp/hard\libc_nano.a(libc_a-mallocr.o)
 .debug_aranges
                0x000009a0       0x20 C:/msys64/mingw64/bin/../lib/gcc/arm-none-eabi/13.3.0/../../../../arm-none-eabi/lib/thumb/v7e-m+fp/hard\libc_nano.a(libc_a-mlock.o)
 .debug_aranges
                0x000009c0       0x20 C:/msys64/mingw64/bin/../lib/gcc/arm-none-eabi/13.3.0/../../../../arm-none-eabi/lib/thumb/v7e-m+fp/hard\libc_nano.a(libc_a-nano-vfprintf.o)
 .debug_aranges
                0x000009e0       0x20 C:/msys64/mingw64/bin/../lib/gcc/arm-none-eabi/13.3.0/../../../../arm-none-eabi/lib/thumb/v7e-m+fp/hard\libc_nano.a(libc_a-nano-vfprintf_i.o)
 .debug_aranges
                0x00000a00       0x20 C:/msys64/mingw64/bin/../lib/gcc/arm-none-eabi/13.3.0/../../../../arm-none-eabi/lib/thumb/v7e-m+fp/hard\libc_nano.a(libc_a-fflush.o)
 .debug_aranges
                0x00000a20       0x20 C:/msys64/mingw64/bin/../lib/gcc/arm-none-eabi/13.3.0/../../../../arm-none-eabi/lib/thumb/v7e-m+fp/hard\libc_nano.a(libc_a-fvwrite.o)
 .debug_aranges
                0x00000a40       0x20 C:/msys64/mingw64/bin/../lib/gcc/arm-none-eabi/13.3.0/../../../../arm-none-eabi/lib/thumb/v7e-m+fp/hard\libc_nano.a(libc_a-makebuf.o)
 .debug_aranges
                0x00000a60       0x20 C:/msys64/mingw64/bin/../lib/gcc/arm-none-eabi/13.3.0/../../../../arm-none-eabi/lib/thumb/v7e-m+fp/hard\libc_nano.a(libc_a-memmove.o)
 .debug_aranges
                0x00000a80       0x20 C:/msys64/mingw64/bin/../lib/gcc/arm-none-eabi/13.3.0/../../../../arm-none-eabi/lib/thumb/v7e-m+fp/hard\libc_nano.a(libc_a-fstatr.o)
 .debug_aranges
                0x00000aa0       0x20 C:/msys64/mingw64/bin/../lib/gcc/arm-none-eabi/13.3.0/../../../../arm-none-eabi/lib/thumb/v7e-m+fp/hard\libc_nano.a(libc_a-isattyr.o)
 .debug_aranges
                0x00000ac0       0x20 C:/msys64/mingw64/bin/../lib/gcc/arm-none-eabi/13.3.0/../../../../arm-none-eabi/lib/thumb/v7e-m+fp/hard\libc_nano.a(libc_a-sbrkr.o)
 .debug_aranges
                0x00000ae0       0x20 C:/msys64/mingw64/bin/../lib/gcc/arm-none-eabi/13.3.0/../../../../arm-none-eabi/lib/thumb/v7e-m+fp/hard\libc_nano.a(libc_a-memchr.o)
 .debug_aranges
                0x00000b00       0x20 C:/msys64/mingw64/bin/../lib/gcc/arm-none-eabi/13.3.0/../../../../arm-none-eabi/lib/thumb/v7e-m+fp/hard\libc_nano.a(libc_a-memcpy.o)
 .debug_aranges
                0x00000b20       0x20 C:/msys64/mingw64/bin/../lib/gcc/arm-none-eabi/13.3.0/../../../../arm-none-eabi/lib/thumb/v7e-m+fp/hard\libc_nano.a(libc_a-reallocr.o)
 .debug_aranges
                0x00000b40       0x20 C:/msys64/mingw64/bin/../lib/gcc/arm-none-eabi/13.3.0/../../../../arm-none-eabi/lib/thumb/v7e-m+fp/hard\libc_nano.a(libc_a-msizer.o)
 .debug_aranges
                0x00000b60       0x20 C:/msys64/mingw64/bin/../lib/gcc/arm-none-eabi/13.3.0/thumb/v7e-m+fp/hard\libgcc.a(_arm_addsubdf3.o)
 .debug_aranges
                0x00000b80       0x20 C:/msys64/mingw64/bin/../lib/gcc/arm-none-eabi/13.3.0/thumb/v7e-m+fp/hard\libgcc.a(_aeabi_uldivmod.o)
 .debug_aranges
                0x00000ba0       0x20 C:/msys64/mingw64/bin/../lib/gcc/arm-none-eabi/13.3.0/thumb/v7e-m+fp/hard\libgcc.a(_udivmoddi4.o)
 .debug_aranges
                0x00000bc0       0x20 C:/msys64/mingw64/bin/../lib/gcc/arm-none-eabi/13.3.0/thumb/v7e-m+fp/hard\libgcc.a(_dvmd_tls.o)

.debug_ranges   0x00000000      0x6b8
 .debug_ranges  0x00000000       0x78 build/main.o
 .debug_ranges  0x00000078       0x10 build/gpio.o
 .debug_ranges  0x00000088       0x20 build/can.o
 .debug_ranges  0x000000a8       0x58 build/stm32f4xx_it.o
 .debug_ranges  0x00000100       0x10 build/stm32f4xx_hal_msp.o
 .debug_ranges  0x00000110      0x140 build/stm32f4xx_hal_can.o
 .debug_ranges  0x00000250       0x90 build/stm32f4xx_hal_rcc.o
 .debug_ranges  0x000002e0       0x48 build/stm32f4xx_hal_gpio.o
 .debug_ranges  0x00000328       0xe8 build/stm32f4xx_hal_cortex.o
 .debug_ranges  0x00000410       0xf0 build/stm32f4xx_hal.o
 .debug_ranges  0x00000500       0x18 build/system_stm32f4xx.o
 .debug_ranges  0x00000518       0x10 build/sysmem.o
 .debug_ranges  0x00000528       0x28 build/can_bsp.o
 .debug_ranges  0x00000550       0x20 build/pid.o
 .debug_ranges  0x00000570       0x90 build/motor_control.o
 .debug_ranges  0x00000600       0x98 build/syscalls.o
 .debug_ranges  0x00000698       0x20 build/startup_stm32f427xx.o

.debug_line     0x00000000     0xb530
 .debug_line    0x00000000      0x843 build/main.o
 .debug_line    0x00000843      0x16b build/gpio.o
 .debug_line    0x000009ae      0x353 build/can.o
 .debug_line    0x00000d01      0x2cc build/stm32f4xx_it.o
 .debug_line    0x00000fcd      0x1b0 build/stm32f4xx_hal_msp.o
 .debug_line    0x0000117d     0x11a5 build/stm32f4xx_hal_can.o
 .debug_line    0x00002322      0xc17 build/stm32f4xx_hal_rcc.o
 .debug_line    0x00002f39      0x777 build/stm32f4xx_hal_gpio.o
 .debug_line    0x000036b0      0x884 build/stm32f4xx_hal_cortex.o
 .debug_line    0x00003f34      0x561 build/stm32f4xx_hal.o
 .debug_line    0x00004495      0x2a8 build/system_stm32f4xx.o
 .debug_line    0x0000473d      0x21e build/sysmem.o
 .debug_line    0x0000495b      0x329 build/can_bsp.o
 .debug_line    0x00004c84      0x2b0 build/pid.o
 .debug_line    0x00004f34      0x660 build/motor_control.o
 .debug_line    0x00005594      0x432 build/syscalls.o
 .debug_line    0x000059c6       0x73 build/startup_stm32f427xx.o
 .debug_line    0x00005a39      0x66d C:/msys64/mingw64/bin/../lib/gcc/arm-none-eabi/13.3.0/../../../../arm-none-eabi/lib/thumb/v7e-m+fp/hard\libc_nano.a(libc_a-findfp.o)
 .debug_line    0x000060a6      0x1db C:/msys64/mingw64/bin/../lib/gcc/arm-none-eabi/13.3.0/../../../../arm-none-eabi/lib/thumb/v7e-m+fp/hard\libc_nano.a(libc_a-fwalk.o)
 .debug_line    0x00006281      0x1cf C:/msys64/mingw64/bin/../lib/gcc/arm-none-eabi/13.3.0/../../../../arm-none-eabi/lib/thumb/v7e-m+fp/hard\libc_nano.a(libc_a-printf.o)
 .debug_line    0x00006450      0x2fc C:/msys64/mingw64/bin/../lib/gcc/arm-none-eabi/13.3.0/../../../../arm-none-eabi/lib/thumb/v7e-m+fp/hard\libc_nano.a(libc_a-puts.o)
 .debug_line    0x0000674c      0x235 C:/msys64/mingw64/bin/../lib/gcc/arm-none-eabi/13.3.0/../../../../arm-none-eabi/lib/thumb/v7e-m+fp/hard\libc_nano.a(libc_a-stdio.o)
 .debug_line    0x00006981      0x260 C:/msys64/mingw64/bin/../lib/gcc/arm-none-eabi/13.3.0/../../../../arm-none-eabi/lib/thumb/v7e-m+fp/hard\libc_nano.a(libc_a-wbuf.o)
 .debug_line    0x00006be1      0x2ba C:/msys64/mingw64/bin/../lib/gcc/arm-none-eabi/13.3.0/../../../../arm-none-eabi/lib/thumb/v7e-m+fp/hard\libc_nano.a(libc_a-wsetup.o)
 .debug_line    0x00006e9b      0x1ca C:/msys64/mingw64/bin/../lib/gcc/arm-none-eabi/13.3.0/../../../../arm-none-eabi/lib/thumb/v7e-m+fp/hard\libc_nano.a(libc_a-memset.o)
 .debug_line    0x00007065      0x19d C:/msys64/mingw64/bin/../lib/gcc/arm-none-eabi/13.3.0/../../../../arm-none-eabi/lib/thumb/v7e-m+fp/hard\libc_nano.a(libc_a-closer.o)
 .debug_line    0x00007202      0x285 C:/msys64/mingw64/bin/../lib/gcc/arm-none-eabi/13.3.0/../../../../arm-none-eabi/lib/thumb/v7e-m+fp/hard\libc_nano.a(libc_a-reent.o)
 .debug_line    0x00007487       0xfb C:/msys64/mingw64/bin/../lib/gcc/arm-none-eabi/13.3.0/../../../../arm-none-eabi/lib/thumb/v7e-m+fp/hard\libc_nano.a(libc_a-impure.o)
 .debug_line    0x00007582      0x1a3 C:/msys64/mingw64/bin/../lib/gcc/arm-none-eabi/13.3.0/../../../../arm-none-eabi/lib/thumb/v7e-m+fp/hard\libc_nano.a(libc_a-lseekr.o)
 .debug_line    0x00007725      0x1a2 C:/msys64/mingw64/bin/../lib/gcc/arm-none-eabi/13.3.0/../../../../arm-none-eabi/lib/thumb/v7e-m+fp/hard\libc_nano.a(libc_a-readr.o)